Archive member included to satisfy reference by file (symbol)

c:/nxp/s32ds.3.5/s32ds/build_tools/gcc_v10.2/gcc-10.2-arm32-eabi/bin/../lib/gcc/arm-none-eabi/10.2.0/../../../../arm-none-eabi/lib/thumb/v7e-m+fp/hard\libc_nano.a(lib_a-memmove.o)
                              ./RTD/src/Siul2_Port_Ip.o (memmove)
c:/nxp/s32ds.3.5/s32ds/build_tools/gcc_v10.2/gcc-10.2-arm32-eabi/bin/../lib/gcc/arm-none-eabi/10.2.0/../../../../arm-none-eabi/lib/thumb/v7e-m+fp/hard\libc_nano.a(lib_a-memset.o)
                              ./Project_Settings/Startup_Code/startup.o (memset)
c:/nxp/s32ds.3.5/s32ds/build_tools/gcc_v10.2/gcc-10.2-arm32-eabi/bin/../lib/gcc/arm-none-eabi/10.2.0/thumb/v7e-m+fp/hard\libgcc.a(_aeabi_ldivmod.o)
                              ./RTD/src/Clock_Ip_Frequency.o (__aeabi_ldivmod)
c:/nxp/s32ds.3.5/s32ds/build_tools/gcc_v10.2/gcc-10.2-arm32-eabi/bin/../lib/gcc/arm-none-eabi/10.2.0/thumb/v7e-m+fp/hard\libgcc.a(_aeabi_uldivmod.o)
                              ./RTD/src/Clock_Ip_Frequency.o (__aeabi_uldivmod)
c:/nxp/s32ds.3.5/s32ds/build_tools/gcc_v10.2/gcc-10.2-arm32-eabi/bin/../lib/gcc/arm-none-eabi/10.2.0/thumb/v7e-m+fp/hard\libgcc.a(_udivmoddi4.o)
                              c:/nxp/s32ds.3.5/s32ds/build_tools/gcc_v10.2/gcc-10.2-arm32-eabi/bin/../lib/gcc/arm-none-eabi/10.2.0/thumb/v7e-m+fp/hard\libgcc.a(_aeabi_ldivmod.o) (__udivmoddi4)
c:/nxp/s32ds.3.5/s32ds/build_tools/gcc_v10.2/gcc-10.2-arm32-eabi/bin/../lib/gcc/arm-none-eabi/10.2.0/thumb/v7e-m+fp/hard\libgcc.a(_dvmd_tls.o)
                              c:/nxp/s32ds.3.5/s32ds/build_tools/gcc_v10.2/gcc-10.2-arm32-eabi/bin/../lib/gcc/arm-none-eabi/10.2.0/thumb/v7e-m+fp/hard\libgcc.a(_aeabi_ldivmod.o) (__aeabi_ldiv0)

Discarded input sections

 .group         0x00000000        0xc ./Project_Settings/Startup_Code/exceptions.o
 .group         0x00000000        0xc ./Project_Settings/Startup_Code/exceptions.o
 .group         0x00000000        0xc ./Project_Settings/Startup_Code/exceptions.o
 .group         0x00000000        0xc ./Project_Settings/Startup_Code/exceptions.o
 .group         0x00000000        0xc ./Project_Settings/Startup_Code/exceptions.o
 .group         0x00000000        0xc ./Project_Settings/Startup_Code/exceptions.o
 .group         0x00000000        0xc ./Project_Settings/Startup_Code/exceptions.o
 .group         0x00000000        0xc ./Project_Settings/Startup_Code/exceptions.o
 .group         0x00000000        0xc ./Project_Settings/Startup_Code/exceptions.o
 .group         0x00000000        0xc ./Project_Settings/Startup_Code/exceptions.o
 .group         0x00000000        0xc ./Project_Settings/Startup_Code/exceptions.o
 .group         0x00000000        0xc ./Project_Settings/Startup_Code/exceptions.o
 .group         0x00000000        0xc ./Project_Settings/Startup_Code/exceptions.o
 .group         0x00000000        0xc ./Project_Settings/Startup_Code/exceptions.o
 .group         0x00000000        0xc ./Project_Settings/Startup_Code/exceptions.o
 .group         0x00000000        0xc ./Project_Settings/Startup_Code/exceptions.o
 .group         0x00000000        0xc ./Project_Settings/Startup_Code/exceptions.o
 .group         0x00000000        0xc ./Project_Settings/Startup_Code/exceptions.o
 .group         0x00000000        0xc ./Project_Settings/Startup_Code/exceptions.o
 .group         0x00000000        0xc ./Project_Settings/Startup_Code/exceptions.o
 .group         0x00000000        0xc ./Project_Settings/Startup_Code/exceptions.o
 .group         0x00000000        0xc ./Project_Settings/Startup_Code/exceptions.o
 .group         0x00000000        0xc ./Project_Settings/Startup_Code/exceptions.o
 .group         0x00000000        0xc ./Project_Settings/Startup_Code/exceptions.o
 .group         0x00000000        0xc ./Project_Settings/Startup_Code/exceptions.o
 .group         0x00000000        0xc ./Project_Settings/Startup_Code/exceptions.o
 .group         0x00000000        0xc ./Project_Settings/Startup_Code/nvic.o
 .group         0x00000000        0xc ./Project_Settings/Startup_Code/nvic.o
 .group         0x00000000        0xc ./Project_Settings/Startup_Code/nvic.o
 .group         0x00000000        0xc ./Project_Settings/Startup_Code/nvic.o
 .group         0x00000000        0xc ./Project_Settings/Startup_Code/nvic.o
 .group         0x00000000        0xc ./Project_Settings/Startup_Code/nvic.o
 .group         0x00000000        0xc ./Project_Settings/Startup_Code/nvic.o
 .group         0x00000000        0xc ./Project_Settings/Startup_Code/nvic.o
 .group         0x00000000        0xc ./Project_Settings/Startup_Code/nvic.o
 .group         0x00000000        0xc ./Project_Settings/Startup_Code/nvic.o
 .group         0x00000000        0xc ./Project_Settings/Startup_Code/nvic.o
 .group         0x00000000        0xc ./Project_Settings/Startup_Code/nvic.o
 .group         0x00000000        0xc ./Project_Settings/Startup_Code/nvic.o
 .group         0x00000000        0xc ./Project_Settings/Startup_Code/nvic.o
[...]
Memory Configuration

Name             Origin             Length             Attributes
int_pflash       0x00400000         0x005d4000
int_dflash       0x10000000         0x00020000
int_itcm         0x00000000         0x00008000
int_dtcm         0x20000000         0x0000f000
int_stack_dtcm   0x2000f000         0x00001000
int_sram         0x20400000         0x0005ff00
int_sram_fls_rsv 0x2045ff00         0x00000100
int_sram_no_cacheable 0x20460000         0x0000ff00
int_sram_results 0x2046ff00         0x00000100
int_sram_shareable 0x20470000         0x00010000
ram_rsvd2        0x20480000         0x00000000
*default*        0x00000000         0xffffffff

Linker script and memory map

LOAD ./Project_Settings/Startup_Code/Vector_Table.o
LOAD ./Project_Settings/Startup_Code/exceptions.o
LOAD ./Project_Settings/Startup_Code/nvic.o
LOAD ./Project_Settings/Startup_Code/startup.o
LOAD ./Project_Settings/Startup_Code/startup_cm7.o
LOAD ./Project_Settings/Startup_Code/system.o
LOAD ./RTD/src/Clock_Ip.o
LOAD ./RTD/src/Clock_Ip_Data.o
LOAD ./RTD/src/Clock_Ip_Divider.o
LOAD ./RTD/src/Clock_Ip_DividerTrigger.o
LOAD ./RTD/src/Clock_Ip_ExtOsc.o
LOAD ./RTD/src/Clock_Ip_FracDiv.o
LOAD ./RTD/src/Clock_Ip_Frequency.o
LOAD ./RTD/src/Clock_Ip_Gate.o
LOAD ./RTD/src/Clock_Ip_IntOsc.o
LOAD ./RTD/src/Clock_Ip_Irq.o
LOAD ./RTD/src/Clock_Ip_Monitor.o
LOAD ./RTD/src/Clock_Ip_Pll.o
LOAD ./RTD/src/Clock_Ip_ProgFreqSwitch.o
LOAD ./RTD/src/Clock_Ip_Selector.o
LOAD ./RTD/src/Clock_Ip_Specific.o
LOAD ./RTD/src/Det.o
LOAD ./RTD/src/Det_stub.o
LOAD ./RTD/src/FlexPwm_Ip.o
LOAD ./RTD/src/FlexPwm_Ip_Irq.o
LOAD ./RTD/src/OsIf_Interrupts.o
LOAD ./RTD/src/OsIf_Timer.o
LOAD ./RTD/src/OsIf_Timer_System.o
LOAD ./RTD/src/OsIf_Timer_System_Internal_Systick.o
LOAD ./RTD/src/Osif_Software_Semaphore.o
LOAD ./RTD/src/SchM_Mcu.o
LOAD ./RTD/src/SchM_Port.o
LOAD ./RTD/src/SchM_Pwm.o
LOAD ./RTD/src/Siul2_Port_Ip.o
LOAD ./RTD/src/Tspc_Port_Ip.o
LOAD ./board/Siul2_Port_Ip_Cfg.o
LOAD ./board/Tspc_Port_Ip_Cfg.o
LOAD ./board/dcf_config.o
LOAD ./board/ivt_config.o
LOAD ./generate/src/Clock_Ip_Cfg.o
LOAD ./generate/src/FlexPwm_Ip_VS_0_PBcfg.o
LOAD ./generate/src/OsIf_Cfg.o
LOAD ./src/main.o
LOAD c:/nxp/s32ds.3.5/s32ds/build_tools/gcc_v10.2/gcc-10.2-arm32-eabi/bin/../lib/gcc/arm-none-eabi/10.2.0/../../../../arm-none-eabi/lib/thumb/v7e-m+fp/hard\libc_nano.a
LOAD c:/nxp/s32ds.3.5/s32ds/build_tools/gcc_v10.2/gcc-10.2-arm32-eabi/bin/../lib/gcc/arm-none-eabi/10.2.0/../../../../arm-none-eabi/lib/thumb/v7e-m+fp/hard\libm.a
LOAD c:/nxp/s32ds.3.5/s32ds/build_tools/gcc_v10.2/gcc-10.2-arm32-eabi/bin/../lib/gcc/arm-none-eabi/10.2.0/thumb/v7e-m+fp/hard\libgcc.a
START GROUP
LOAD c:/nxp/s32ds.3.5/s32ds/build_tools/gcc_v10.2/gcc-10.2-arm32-eabi/bin/../lib/gcc/arm-none-eabi/10.2.0/thumb/v7e-m+fp/hard\libgcc.a
LOAD c:/nxp/s32ds.3.5/s32ds/build_tools/gcc_v10.2/gcc-10.2-arm32-eabi/bin/../lib/gcc/arm-none-eabi/10.2.0/../../../../arm-none-eabi/lib/thumb/v7e-m+fp/hard\libg_nano.a
LOAD c:/nxp/s32ds.3.5/s32ds/build_tools/gcc_v10.2/gcc-10.2-arm32-eabi/bin/../lib/gcc/arm-none-eabi/10.2.0/../../../../arm-none-eabi/lib/thumb/v7e-m+fp/hard\libc_nano.a
END GROUP
START GROUP
LOAD c:/nxp/s32ds.3.5/s32ds/build_tools/gcc_v10.2/gcc-10.2-arm32-eabi/bin/../lib/gcc/arm-none-eabi/10.2.0/thumb/v7e-m+fp/hard\libgcc.a
LOAD c:/nxp/s32ds.3.5/s32ds/build_tools/gcc_v10.2/gcc-10.2-arm32-eabi/bin/../lib/gcc/arm-none-eabi/10.2.0/../../../../arm-none-eabi/lib/thumb/v7e-m+fp/hard\libc_nano.a
LOAD c:/nxp/s32ds.3.5/s32ds/build_tools/gcc_v10.2/gcc-10.2-arm32-eabi/bin/../lib/gcc/arm-none-eabi/10.2.0/../../../../arm-none-eabi/lib/thumb/v7e-m+fp/hard\libnosys.a
END GROUP
START GROUP
LOAD c:/nxp/s32ds.3.5/s32ds/build_tools/gcc_v10.2/gcc-10.2-arm32-eabi/bin/../lib/gcc/arm-none-eabi/10.2.0/thumb/v7e-m+fp/hard\libgcc.a
LOAD c:/nxp/s32ds.3.5/s32ds/build_tools/gcc_v10.2/gcc-10.2-arm32-eabi/bin/../lib/gcc/arm-none-eabi/10.2.0/../../../../arm-none-eabi/lib/thumb/v7e-m+fp/hard\libc_nano.a
LOAD c:/nxp/s32ds.3.5/s32ds/build_tools/gcc_v10.2/gcc-10.2-arm32-eabi/bin/../lib/gcc/arm-none-eabi/10.2.0/../../../../arm-none-eabi/lib/thumb/v7e-m+fp/hard\libnosys.a
END GROUP
                0x00002000                HEAP_SIZE = DEFINED (__heap_size__)?__heap_size__:0x2000
                0x2040ffff                __STANDBY_RAM_LIMIT_END = 0x2040ffff

.pflash         0x00400000     0xd9f4
 *(.boot_header)
 .boot_header   0x00400000      0x100 ./Project_Settings/Startup_Code/startup_cm7.o
                0x00402000                . = ALIGN (0x2000)
 *fill*         0x00400100     0x1f00 
                0x00402000                __text_start = .
                0x00402000                __interrupts_init_start = .
 *(.intc_vector)
 .intc_vector   0x00402000      0x408 ./Project_Settings/Startup_Code/Vector_Table.o
                0x00402000                VTABLE
                0x00402408                . = ALIGN (0x4)
                0x00402408                __interrupts_init_end = .
 *(.core_loop)
 .core_loop     0x00402408        0xc ./Project_Settings/Startup_Code/startup_cm7.o
                0x00402408                _core_loop
                0x00402414                . = ALIGN (0x4)
 *(.startup)
 *fill*         0x00402414        0xc 
 .startup       0x00402420      0x214 ./Project_Settings/Startup_Code/startup_cm7.o
                0x00402420                Reset_Handler
                0x00402420                _start
                0x004025b4                MCAL_LTB_TRACE_OFF
                0x004025b6                _end_of_eunit_test
                0x00402634                . = ALIGN (0x4)
 *(.systeminit)
                0x00402634                . = ALIGN (0x4)
 *(.text.startup)
 .text.startup  0x00402634      0x10c ./src/main.o
                0x00402634                main
                0x00402740                . = ALIGN (0x4)
 *(.text)
 .text          0x00402740        0x0 ./Project_Settings/Startup_Code/Vector_Table.o
 .text          0x00402740        0x0 ./Project_Settings/Startup_Code/exceptions.o
 .text          0x00402740        0x0 ./Project_Settings/Startup_Code/nvic.o
 .text          0x00402740        0x0 ./Project_Settings/Startup_Code/startup.o
 .text          0x00402740        0x0 ./Project_Settings/Startup_Code/startup_cm7.o
 .text          0x00402740       0x10 ./Project_Settings/Startup_Code/system.o
                0x00402740                Sys_GetCoreID
 .text          0x00402750        0x0 ./RTD/src/Clock_Ip.o
 .text          0x00402750        0x0 ./RTD/src/Clock_Ip_Data.o
 .text          0x00402750        0x0 ./RTD/src/Clock_Ip_Divider.o
 .text          0x00402750        0x0 ./RTD/src/Clock_Ip_DividerTrigger.o
 .text          0x00402750        0x0 ./RTD/src/Clock_Ip_ExtOsc.o
 .text          0x00402750        0x0 ./RTD/src/Clock_Ip_FracDiv.o
 .text          0x00402750        0x0 ./RTD/src/Clock_Ip_Frequency.o
 .text          0x00402750        0x0 ./RTD/src/Clock_Ip_Gate.o
 .text          0x00402750        0x0 ./RTD/src/Clock_Ip_IntOsc.o
 .text          0x00402750        0x0 ./RTD/src/Clock_Ip_Irq.o
 .text          0x00402750        0x0 ./RTD/src/Clock_Ip_Monitor.o
 .text          0x00402750        0x0 ./RTD/src/Clock_Ip_Pll.o
 .text          0x00402750        0x0 ./RTD/src/Clock_Ip_ProgFreqSwitch.o
 .text          0x00402750        0x0 ./RTD/src/Clock_Ip_Selector.o
 .text          0x00402750        0x0 ./RTD/src/Clock_Ip_Specific.o
 .text          0x00402750        0x0 ./RTD/src/Det.o
 .text          0x00402750        0x0 ./RTD/src/Det_stub.o
 .text          0x00402750       0x14 ./RTD/src/FlexPwm_Ip.o
 .text          0x00402764        0x0 ./RTD/src/FlexPwm_Ip_Irq.o
 .text          0x00402764        0x0 ./RTD/src/OsIf_Interrupts.o
 .text          0x00402764        0x0 ./RTD/src/OsIf_Timer.o
 .text          0x00402764        0x0 ./RTD/src/OsIf_Timer_System.o
 .text          0x00402764        0x0 ./RTD/src/OsIf_Timer_System_Internal_Systick.o
 .text          0x00402764        0x0 ./RTD/src/Osif_Software_Semaphore.o
 .text          0x00402764        0x6 ./RTD/src/SchM_Mcu.o
                0x00402764                Mcu_schm_read_msr
 .text          0x0040276a        0x6 ./RTD/src/SchM_Port.o
                0x0040276a                Port_schm_read_msr
 .text          0x00402770        0x6 ./RTD/src/SchM_Pwm.o
                0x00402770                Pwm_schm_read_msr
 .text          0x00402776       0x14 ./RTD/src/Siul2_Port_Ip.o
 .text          0x0040278a        0x0 ./RTD/src/Tspc_Port_Ip.o
 .text          0x0040278a        0x0 ./board/Siul2_Port_Ip_Cfg.o
 .text          0x0040278a        0x0 ./board/Tspc_Port_Ip_Cfg.o
 .text          0x0040278a        0x0 ./board/dcf_config.o
 .text          0x0040278a        0x0 ./board/ivt_config.o
 .text          0x0040278a        0x0 ./generate/src/Clock_Ip_Cfg.o
 .text          0x0040278a        0x0 ./generate/src/FlexPwm_Ip_VS_0_PBcfg.o
 .text          0x0040278a        0x0 ./generate/src/OsIf_Cfg.o
 *fill*         0x0040278a        0x2 
 .text          0x0040278c       0x1c ./src/main.o
                0x0040278c                TestDelay
 .text          0x004027a8        0x0 c:/nxp/s32ds.3.5/s32ds/build_tools/gcc_v10.2/gcc-10.2-arm32-eabi/bin/../lib/gcc/arm-none-eabi/10.2.0/../../../../arm-none-eabi/lib/thumb/v7e-m+fp/hard\libc_nano.a(lib_a-memmove.o)
 .text          0x004027a8        0x0 c:/nxp/s32ds.3.5/s32ds/build_tools/gcc_v10.2/gcc-10.2-arm32-eabi/bin/../lib/gcc/arm-none-eabi/10.2.0/../../../../arm-none-eabi/lib/thumb/v7e-m+fp/hard\libc_nano.a(lib_a-memset.o)
 .text          0x004027a8       0xa0 c:/nxp/s32ds.3.5/s32ds/build_tools/gcc_v10.2/gcc-10.2-arm32-eabi/bin/../lib/gcc/arm-none-eabi/10.2.0/thumb/v7e-m+fp/hard\libgcc.a(_aeabi_ldivmod.o)
                0x004027a8                __aeabi_ldivmod
 .text          0x00402848       0x30 c:/nxp/s32ds.3.5/s32ds/build_tools/gcc_v10.2/gcc-10.2-arm32-eabi/bin/../lib/gcc/arm-none-eabi/10.2.0/thumb/v7e-m+fp/hard\libgcc.a(_aeabi_uldivmod.o)
                0x00402848                __aeabi_uldivmod
 .text          0x00402878      0x2d8 c:/nxp/s32ds.3.5/s32ds/build_tools/gcc_v10.2/gcc-10.2-arm32-eabi/bin/../lib/gcc/arm-none-eabi/10.2.0/thumb/v7e-m+fp/hard\libgcc.a(_udivmoddi4.o)
                0x00402878                __udivmoddi4
 .text          0x00402b50        0x4 c:/nxp/s32ds.3.5/s32ds/build_tools/gcc_v10.2/gcc-10.2-arm32-eabi/bin/../lib/gcc/arm-none-eabi/10.2.0/thumb/v7e-m+fp/hard\libgcc.a(_dvmd_tls.o)
                0x00402b50                __aeabi_idiv0
                0x00402b50                __aeabi_ldiv0
 *(.text*)
 .text.memmove  0x00402b54       0x34 c:/nxp/s32ds.3.5/s32ds/build_tools/gcc_v10.2/gcc-10.2-arm32-eabi/bin/../lib/gcc/arm-none-eabi/10.2.0/../../../../arm-none-eabi/lib/thumb/v7e-m+fp/hard\libc_nano.a(lib_a-memmove.o)
                0x00402b54                memmove
 .text.memset   0x00402b88       0x10 c:/nxp/s32ds.3.5/s32ds/build_tools/gcc_v10.2/gcc-10.2-arm32-eabi/bin/../lib/gcc/arm-none-eabi/10.2.0/../../../../arm-none-eabi/lib/thumb/v7e-m+fp/hard\libc_nano.a(lib_a-memset.o)
                0x00402b88                memset
                0x00402b98                . = ALIGN (0x4)
 *(.mcal_text)
 .mcal_text     0x00402b98       0x14 ./Project_Settings/Startup_Code/exceptions.o
                0x00402b98                NMI_Handler
                0x00402b9a                HardFault_Handler
                0x00402b9c                MemManage_Handler
                0x00402b9e                BusFault_Handler
                0x00402ba0                UsageFault_Handler
                0x00402ba2                SVC_Handler
                0x00402ba4                DebugMon_Handler
                0x00402ba6                PendSV_Handler
                0x00402ba8                SysTick_Handler
                0x00402baa                undefined_handler
 .mcal_text     0x00402bac       0x52 ./Project_Settings/Startup_Code/nvic.o
                0x00402bac                NVIC_SetPriorityGrouping
                0x00402bc0                NVIC_EnableIRQ
                0x00402bd8                NVIC_DisableIRQ
                0x00402bf0                NVIC_SetPriority
 *fill*         0x00402bfe        0x2 
 .mcal_text     0x00402c00       0xe8 ./Project_Settings/Startup_Code/startup.o
                0x00402c00                init_data_bss
                0x00402c8c                init_data_bss_core2
 .mcal_text     0x00402ce8      0x33c ./Project_Settings/Startup_Code/system.o
                0x00402ce8                startup_go_to_user_mode
                0x00402cea                default_interrupt_routine
                0x00402cec                SystemInit
                0x00403008                Enable_FPU
 .mcal_text     0x00403024      0x890 ./RTD/src/Clock_Ip.o
                0x00403026                Clock_Ip_InitClock
                0x004035d4                Clock_Ip_GetPllStatus
                0x00403678                Clock_Ip_DistributePll
                0x00403764                Clock_Ip_Init
                0x00403788                Clock_Ip_DisableClockMonitor
                0x004037ac                Clock_Ip_InstallNotificationsCallback
                0x004037b8                Clock_Ip_DisableModuleClock
                0x004037e0                Clock_Ip_EnableModuleClock
                0x00403808                Clock_Ip_GetClockFrequency
                0x0040380c                Clock_Ip_DisableFircInStandby
                0x00403824                Clock_Ip_EnableFircInStandby
                0x0040383c                Clock_Ip_DisableSircInStandby
                0x00403854                Clock_Ip_EnableSircInStandby
                0x0040386c                Clock_Ip_ReportClockErrors
                0x00403878                Clock_Ip_StartTimeout
                0x00403898                Clock_Ip_TimeoutExpired
 .mcal_text     0x004038b4      0x1dc ./RTD/src/Clock_Ip_Divider.o
 .mcal_text     0x00403a90       0x98 ./RTD/src/Clock_Ip_DividerTrigger.o
 .mcal_text     0x00403b28      0x158 ./RTD/src/Clock_Ip_ExtOsc.o
 .mcal_text     0x00403c80        0x6 ./RTD/src/Clock_Ip_FracDiv.o
 *fill*         0x00403c86        0x2 
 .mcal_text     0x00403c88     0x24c4 ./RTD/src/Clock_Ip_Frequency.o
                0x004060c0                Clock_Ip_Get_RTC_CLK_Frequency_TrustedCall
                0x0040610c                Clock_Ip_SetExternalOscillatorFrequency
                0x0040611c                Clock_Ip_GetFreq
                0x00406128                Clock_Ip_SetExternalSignalFrequency
 .mcal_text     0x0040614c      0x150 ./RTD/src/Clock_Ip_Gate.o
 .mcal_text     0x0040629c      0x104 ./RTD/src/Clock_Ip_IntOsc.o
 .mcal_text     0x004063a0        0x4 ./RTD/src/Clock_Ip_Irq.o
                0x004063a0                Mcu_Cmu_ClockFail_IRQHandler
 .mcal_text     0x004063a4      0x200 ./RTD/src/Clock_Ip_Monitor.o
                0x00406560                Clock_Ip_CMU_ClockFailInt
 .mcal_text     0x004065a4      0x188 ./RTD/src/Clock_Ip_Pll.o
 .mcal_text     0x0040672c      0x130 ./RTD/src/Clock_Ip_ProgFreqSwitch.o
 .mcal_text     0x0040685c      0x3dc ./RTD/src/Clock_Ip_Selector.o
                0x00406c0c                Clock_Ip_SetRtcRtccClksel_TrustedCall
 .mcal_text     0x00406c38      0x2bc ./RTD/src/Clock_Ip_Specific.o
                0x00406c38                Clock_Ip_McMeEnterKey
                0x00406c4c                Clock_Ip_PowerClockIpModules
                0x00406e40                DisableFircInStandbyMode
                0x00406e50                EnableFircInStandbyMode
                0x00406e6c                DisableSircInStandbyMode
                0x00406e7c                EnableSircInStandbyMode
                0x00406e98                Clock_Ip_Command
                0x00406ee8                Clock_Ip_FLASH_SetFlashIWS
                0x00406eec                Clock_Ip_SetFlashWaitStates
                0x00406ef0                Clock_Ip_SetRamWaitStates
 .mcal_text     0x00406ef4      0x5fc ./RTD/src/Det.o
                0x00406ef4                Det_Start
                0x00406ef6                Det_InitDataNode
                0x00406f7c                Det_LinkNodeToHead
                0x00406fac                Det_DelAllNodesSameId
                0x004070aa                Det_FreeNodesInLinkedList
                0x004071d6                Det_Init
                0x004073dc                Det_ReportError
                0x00407438                Det_ReportRuntimeError
                0x00407494                Det_ReportTransientFault
 .mcal_text     0x004074f0      0x1c8 ./RTD/src/Det_stub.o
                0x004074f0                Det_TestLastReportError
                0x0040753c                Det_TestLastReportRuntimeError
                0x00407588                Det_TestLastReportTransientFault
                0x004075d4                Det_TestNoError
                0x00407620                Det_TestNoRuntimeError
                0x0040766c                Det_TestNoTransientFault
 .mcal_text     0x004076b8     0x152c ./RTD/src/FlexPwm_Ip.o
                0x00407a38                FlexPwm_Ip_UpdateDutyCycle
                0x00407af4                FlexPwm_Ip_FastUpdateDutyCycle
                0x00407d08                FlexPwm_Ip_UpdatePeriod
                0x00407dc8                FlexPwm_Ip_OverwriteOutputChannels
                0x00407f0c                FlexPwm_Ip_MaskOutputChannels
                0x00407fa8                FlexPwm_Ip_Init
                0x00408528                FlexPwm_Ip_UnMaskOutputChannels
                0x004085c4                FlexPwm_Ip_DeInit
                0x004086a8                FlexPwm_Ip_EnableInterrupt
                0x00408740                FlexPwm_Ip_DisableInterrupt
                0x004087c8                FlexPwm_Ip_ClearInterruptFlag
                0x00408848                FlexPwm_Ip_LoadValue
                0x004088d8                FlexPwm_Ip_ClearLoadValue
                0x00408924                FlexPwm_Ip_CounterStart
                0x00408974                FlexPwm_Ip_CounterStop
                0x004089c4                FlexPwm_Ip_SetPhaseShift
                0x00408a88                FlexPwm_Ip_SetDeadTime
                0x00408b40                FlexPwm_Ip_SetClockPs
 .mcal_text     0x00408be4       0x1e ./RTD/src/OsIf_Timer.o
                0x00408be4                OsIf_Init
                0x00408bec                OsIf_GetCounter
                0x00408bf0                OsIf_GetElapsed
                0x00408bf8                OsIf_SetTimerFrequency
                0x00408bfa                OsIf_MicrosToTicks
 .mcal_text     0x00408c02       0x4c ./RTD/src/OsIf_Timer_System_Internal_Systick.o
                0x00408c02                OsIf_Timer_System_Internal_Init
                0x00408c18                OsIf_Timer_System_Internal_GetCounter
                0x00408c24                OsIf_Timer_System_Internal_GetElapsed
 .mcal_text     0x00408c4e       0x4a ./RTD/src/Osif_Software_Semaphore.o
                0x00408c4e                Osif_Software_Semaphore_Lock
                0x00408c72                Osif_Software_Semaphore_Unlock
 .mcal_text     0x00408c98      0x12c ./RTD/src/SchM_Mcu.o
                0x00408c98                SchM_Enter_Mcu_MCU_EXCLUSIVE_AREA_00
                0x00408ccc                SchM_Exit_Mcu_MCU_EXCLUSIVE_AREA_00
                0x00408cfc                SchM_Enter_Mcu_MCU_EXCLUSIVE_AREA_01
                0x00408d30                SchM_Exit_Mcu_MCU_EXCLUSIVE_AREA_01
                0x00408d60                SchM_Enter_Mcu_MCU_EXCLUSIVE_AREA_02
                0x00408d94                SchM_Exit_Mcu_MCU_EXCLUSIVE_AREA_02
 .mcal_text     0x00408dc4      0xaf0 ./RTD/src/SchM_Port.o
                0x00408dc4                SchM_Enter_Port_PORT_EXCLUSIVE_AREA_00
                0x00408df8                SchM_Exit_Port_PORT_EXCLUSIVE_AREA_00
                0x00408e28                SchM_Enter_Port_PORT_EXCLUSIVE_AREA_01
                0x00408e5c                SchM_Exit_Port_PORT_EXCLUSIVE_AREA_01
                0x00408e8c                SchM_Enter_Port_PORT_EXCLUSIVE_AREA_02
                0x00408ec0                SchM_Exit_Port_PORT_EXCLUSIVE_AREA_02
                0x00408ef0                SchM_Enter_Port_PORT_EXCLUSIVE_AREA_03
                0x00408f24                SchM_Exit_Port_PORT_EXCLUSIVE_AREA_03
                0x00408f54                SchM_Enter_Port_PORT_EXCLUSIVE_AREA_04
                0x00408f88                SchM_Exit_Port_PORT_EXCLUSIVE_AREA_04
                0x00408fb8                SchM_Enter_Port_PORT_EXCLUSIVE_AREA_05
                0x00408fec                SchM_Exit_Port_PORT_EXCLUSIVE_AREA_05
                0x0040901c                SchM_Enter_Port_PORT_EXCLUSIVE_AREA_06
                0x00409050                SchM_Exit_Port_PORT_EXCLUSIVE_AREA_06
                0x00409080                SchM_Enter_Port_PORT_EXCLUSIVE_AREA_07
                0x004090b4                SchM_Exit_Port_PORT_EXCLUSIVE_AREA_07
                0x004090e4                SchM_Enter_Port_PORT_EXCLUSIVE_AREA_08
                0x00409118                SchM_Exit_Port_PORT_EXCLUSIVE_AREA_08
                0x00409148                SchM_Enter_Port_PORT_EXCLUSIVE_AREA_09
                0x0040917c                SchM_Exit_Port_PORT_EXCLUSIVE_AREA_09
                0x004091ac                SchM_Enter_Port_PORT_EXCLUSIVE_AREA_10
                0x004091e0                SchM_Exit_Port_PORT_EXCLUSIVE_AREA_10
                0x00409210                SchM_Enter_Port_PORT_EXCLUSIVE_AREA_11
                0x00409244                SchM_Exit_Port_PORT_EXCLUSIVE_AREA_11
                0x00409274                SchM_Enter_Port_PORT_EXCLUSIVE_AREA_12
                0x004092a8                SchM_Exit_Port_PORT_EXCLUSIVE_AREA_12
                0x004092d8                SchM_Enter_Port_PORT_EXCLUSIVE_AREA_13
                0x0040930c                SchM_Exit_Port_PORT_EXCLUSIVE_AREA_13
                0x0040933c                SchM_Enter_Port_PORT_EXCLUSIVE_AREA_14
                0x00409370                SchM_Exit_Port_PORT_EXCLUSIVE_AREA_14
                0x004093a0                SchM_Enter_Port_PORT_EXCLUSIVE_AREA_15
                0x004093d4                SchM_Exit_Port_PORT_EXCLUSIVE_AREA_15
                0x00409404                SchM_Enter_Port_PORT_EXCLUSIVE_AREA_16
                0x00409438                SchM_Exit_Port_PORT_EXCLUSIVE_AREA_16
                0x00409468                SchM_Enter_Port_PORT_EXCLUSIVE_AREA_17
                0x0040949c                SchM_Exit_Port_PORT_EXCLUSIVE_AREA_17
                0x004094cc                SchM_Enter_Port_PORT_EXCLUSIVE_AREA_18
                0x00409500                SchM_Exit_Port_PORT_EXCLUSIVE_AREA_18
                0x00409530                SchM_Enter_Port_PORT_EXCLUSIVE_AREA_19
                0x00409564                SchM_Exit_Port_PORT_EXCLUSIVE_AREA_19
                0x00409594                SchM_Enter_Port_PORT_EXCLUSIVE_AREA_20
                0x004095c8                SchM_Exit_Port_PORT_EXCLUSIVE_AREA_20
                0x004095f8                SchM_Enter_Port_PORT_EXCLUSIVE_AREA_21
                0x0040962c                SchM_Exit_Port_PORT_EXCLUSIVE_AREA_21
                0x0040965c                SchM_Enter_Port_PORT_EXCLUSIVE_AREA_22
                0x00409690                SchM_Exit_Port_PORT_EXCLUSIVE_AREA_22
                0x004096c0                SchM_Enter_Port_PORT_EXCLUSIVE_AREA_23
                0x004096f4                SchM_Exit_Port_PORT_EXCLUSIVE_AREA_23
                0x00409724                SchM_Enter_Port_PORT_EXCLUSIVE_AREA_24
                0x00409758                SchM_Exit_Port_PORT_EXCLUSIVE_AREA_24
                0x00409788                SchM_Enter_Port_PORT_EXCLUSIVE_AREA_25
                0x004097bc                SchM_Exit_Port_PORT_EXCLUSIVE_AREA_25
                0x004097ec                SchM_Enter_Port_PORT_EXCLUSIVE_AREA_26
                0x00409820                SchM_Exit_Port_PORT_EXCLUSIVE_AREA_26
                0x00409850                SchM_Enter_Port_PORT_EXCLUSIVE_AREA_27
                0x00409884                SchM_Exit_Port_PORT_EXCLUSIVE_AREA_27
 .mcal_text     0x004098b4     0x16a8 ./RTD/src/SchM_Pwm.o
                0x004098b4                SchM_Enter_Pwm_PWM_EXCLUSIVE_AREA_00
                0x004098e8                SchM_Exit_Pwm_PWM_EXCLUSIVE_AREA_00
                0x00409918                SchM_Enter_Pwm_PWM_EXCLUSIVE_AREA_01
                0x0040994c                SchM_Exit_Pwm_PWM_EXCLUSIVE_AREA_01
                0x0040997c                SchM_Enter_Pwm_PWM_EXCLUSIVE_AREA_03
                0x004099b0                SchM_Exit_Pwm_PWM_EXCLUSIVE_AREA_03
                0x004099e0                SchM_Enter_Pwm_PWM_EXCLUSIVE_AREA_04
                0x00409a14                SchM_Exit_Pwm_PWM_EXCLUSIVE_AREA_04
                0x00409a44                SchM_Enter_Pwm_PWM_EXCLUSIVE_AREA_05
                0x00409a78                SchM_Exit_Pwm_PWM_EXCLUSIVE_AREA_05
                0x00409aa8                SchM_Enter_Pwm_PWM_EXCLUSIVE_AREA_07
                0x00409adc                SchM_Exit_Pwm_PWM_EXCLUSIVE_AREA_07
                0x00409b0c                SchM_Enter_Pwm_PWM_EXCLUSIVE_AREA_08
                0x00409b40                SchM_Exit_Pwm_PWM_EXCLUSIVE_AREA_08
                0x00409b70                SchM_Enter_Pwm_PWM_EXCLUSIVE_AREA_09
                0x00409ba4                SchM_Exit_Pwm_PWM_EXCLUSIVE_AREA_09
                0x00409bd4                SchM_Enter_Pwm_PWM_EXCLUSIVE_AREA_10
                0x00409c08                SchM_Exit_Pwm_PWM_EXCLUSIVE_AREA_10
                0x00409c38                SchM_Enter_Pwm_PWM_EXCLUSIVE_AREA_11
                0x00409c6c                SchM_Exit_Pwm_PWM_EXCLUSIVE_AREA_11
                0x00409c9c                SchM_Enter_Pwm_PWM_EXCLUSIVE_AREA_12
                0x00409cd0                SchM_Exit_Pwm_PWM_EXCLUSIVE_AREA_12
                0x00409d00                SchM_Enter_Pwm_PWM_EXCLUSIVE_AREA_13
                0x00409d34                SchM_Exit_Pwm_PWM_EXCLUSIVE_AREA_13
                0x00409d64                SchM_Enter_Pwm_PWM_EXCLUSIVE_AREA_14
                0x00409d98                SchM_Exit_Pwm_PWM_EXCLUSIVE_AREA_14
                0x00409dc8                SchM_Enter_Pwm_PWM_EXCLUSIVE_AREA_15
                0x00409dfc                SchM_Exit_Pwm_PWM_EXCLUSIVE_AREA_15
                0x00409e2c                SchM_Enter_Pwm_PWM_EXCLUSIVE_AREA_16
                0x00409e60                SchM_Exit_Pwm_PWM_EXCLUSIVE_AREA_16
                0x00409e90                SchM_Enter_Pwm_PWM_EXCLUSIVE_AREA_17
                0x00409ec4                SchM_Exit_Pwm_PWM_EXCLUSIVE_AREA_17
                0x00409ef4                SchM_Enter_Pwm_PWM_EXCLUSIVE_AREA_18
                0x00409f28                SchM_Exit_Pwm_PWM_EXCLUSIVE_AREA_18
                0x00409f58                SchM_Enter_Pwm_PWM_EXCLUSIVE_AREA_19
                0x00409f8c                SchM_Exit_Pwm_PWM_EXCLUSIVE_AREA_19
                0x00409fbc                SchM_Enter_Pwm_PWM_EXCLUSIVE_AREA_20
                0x00409ff0                SchM_Exit_Pwm_PWM_EXCLUSIVE_AREA_20
                0x0040a020                SchM_Enter_Pwm_PWM_EXCLUSIVE_AREA_21
                0x0040a054                SchM_Exit_Pwm_PWM_EXCLUSIVE_AREA_21
                0x0040a084                SchM_Enter_Pwm_PWM_EXCLUSIVE_AREA_22
                0x0040a0b8                SchM_Exit_Pwm_PWM_EXCLUSIVE_AREA_22
                0x0040a0e8                SchM_Enter_Pwm_PWM_EXCLUSIVE_AREA_23
                0x0040a11c                SchM_Exit_Pwm_PWM_EXCLUSIVE_AREA_23
                0x0040a14c                SchM_Enter_Pwm_PWM_EXCLUSIVE_AREA_24
                0x0040a180                SchM_Exit_Pwm_PWM_EXCLUSIVE_AREA_24
                0x0040a1b0                SchM_Enter_Pwm_PWM_EXCLUSIVE_AREA_25
                0x0040a1e4                SchM_Exit_Pwm_PWM_EXCLUSIVE_AREA_25
                0x0040a214                SchM_Enter_Pwm_PWM_EXCLUSIVE_AREA_26
                0x0040a248                SchM_Exit_Pwm_PWM_EXCLUSIVE_AREA_26
                0x0040a278                SchM_Enter_Pwm_PWM_EXCLUSIVE_AREA_27
                0x0040a2ac                SchM_Exit_Pwm_PWM_EXCLUSIVE_AREA_27
                0x0040a2dc                SchM_Enter_Pwm_PWM_EXCLUSIVE_AREA_28
                0x0040a310                SchM_Exit_Pwm_PWM_EXCLUSIVE_AREA_28
                0x0040a340                SchM_Enter_Pwm_PWM_EXCLUSIVE_AREA_31
                0x0040a374                SchM_Exit_Pwm_PWM_EXCLUSIVE_AREA_31
                0x0040a3a4                SchM_Enter_Pwm_PWM_EXCLUSIVE_AREA_32
                0x0040a3d8                SchM_Exit_Pwm_PWM_EXCLUSIVE_AREA_32
                0x0040a408                SchM_Enter_Pwm_PWM_EXCLUSIVE_AREA_33
                0x0040a43c                SchM_Exit_Pwm_PWM_EXCLUSIVE_AREA_33
                0x0040a46c                SchM_Enter_Pwm_PWM_EXCLUSIVE_AREA_34
                0x0040a4a0                SchM_Exit_Pwm_PWM_EXCLUSIVE_AREA_34
                0x0040a4d0                SchM_Enter_Pwm_PWM_EXCLUSIVE_AREA_35
                0x0040a504                SchM_Exit_Pwm_PWM_EXCLUSIVE_AREA_35
                0x0040a534                SchM_Enter_Pwm_PWM_EXCLUSIVE_AREA_36
                0x0040a568                SchM_Exit_Pwm_PWM_EXCLUSIVE_AREA_36
                0x0040a598                SchM_Enter_Pwm_PWM_EXCLUSIVE_AREA_37
                0x0040a5cc                SchM_Exit_Pwm_PWM_EXCLUSIVE_AREA_37
                0x0040a5fc                SchM_Enter_Pwm_PWM_EXCLUSIVE_AREA_38
                0x0040a630                SchM_Exit_Pwm_PWM_EXCLUSIVE_AREA_38
                0x0040a660                SchM_Enter_Pwm_PWM_EXCLUSIVE_AREA_39
                0x0040a694                SchM_Exit_Pwm_PWM_EXCLUSIVE_AREA_39
                0x0040a6c4                SchM_Enter_Pwm_PWM_EXCLUSIVE_AREA_40
                0x0040a6f8                SchM_Exit_Pwm_PWM_EXCLUSIVE_AREA_40
                0x0040a728                SchM_Enter_Pwm_PWM_EXCLUSIVE_AREA_41
                0x0040a75c                SchM_Exit_Pwm_PWM_EXCLUSIVE_AREA_41
                0x0040a78c                SchM_Enter_Pwm_PWM_EXCLUSIVE_AREA_42
                0x0040a7c0                SchM_Exit_Pwm_PWM_EXCLUSIVE_AREA_42
                0x0040a7f0                SchM_Enter_Pwm_PWM_EXCLUSIVE_AREA_43
                0x0040a824                SchM_Exit_Pwm_PWM_EXCLUSIVE_AREA_43
                0x0040a854                SchM_Enter_Pwm_PWM_EXCLUSIVE_AREA_44
                0x0040a888                SchM_Exit_Pwm_PWM_EXCLUSIVE_AREA_44
                0x0040a8b8                SchM_Enter_Pwm_PWM_EXCLUSIVE_AREA_45
                0x0040a8ec                SchM_Exit_Pwm_PWM_EXCLUSIVE_AREA_45
                0x0040a91c                SchM_Enter_Pwm_PWM_EXCLUSIVE_AREA_50
                0x0040a950                SchM_Exit_Pwm_PWM_EXCLUSIVE_AREA_50
                0x0040a980                SchM_Enter_Pwm_PWM_EXCLUSIVE_AREA_51
                0x0040a9b4                SchM_Exit_Pwm_PWM_EXCLUSIVE_AREA_51
                0x0040a9e4                SchM_Enter_Pwm_PWM_EXCLUSIVE_AREA_52
                0x0040aa18                SchM_Exit_Pwm_PWM_EXCLUSIVE_AREA_52
                0x0040aa48                SchM_Enter_Pwm_PWM_EXCLUSIVE_AREA_53
                0x0040aa7c                SchM_Exit_Pwm_PWM_EXCLUSIVE_AREA_53
                0x0040aaac                SchM_Enter_Pwm_PWM_EXCLUSIVE_AREA_54
                0x0040aae0                SchM_Exit_Pwm_PWM_EXCLUSIVE_AREA_54
                0x0040ab10                SchM_Enter_Pwm_PWM_EXCLUSIVE_AREA_55
                0x0040ab44                SchM_Exit_Pwm_PWM_EXCLUSIVE_AREA_55
                0x0040ab74                SchM_Enter_Pwm_PWM_EXCLUSIVE_AREA_56
                0x0040aba8                SchM_Exit_Pwm_PWM_EXCLUSIVE_AREA_56
                0x0040abd8                SchM_Enter_Pwm_PWM_EXCLUSIVE_AREA_57
                0x0040ac0c                SchM_Exit_Pwm_PWM_EXCLUSIVE_AREA_57
                0x0040ac3c                SchM_Enter_Pwm_PWM_EXCLUSIVE_AREA_58
                0x0040ac70                SchM_Exit_Pwm_PWM_EXCLUSIVE_AREA_58
                0x0040aca0                SchM_Enter_Pwm_PWM_EXCLUSIVE_AREA_59
                0x0040acd4                SchM_Exit_Pwm_PWM_EXCLUSIVE_AREA_59
                0x0040ad04                SchM_Enter_Pwm_PWM_EXCLUSIVE_AREA_60
                0x0040ad38                SchM_Exit_Pwm_PWM_EXCLUSIVE_AREA_60
                0x0040ad68                SchM_Enter_Pwm_PWM_EXCLUSIVE_AREA_61
                0x0040ad9c                SchM_Exit_Pwm_PWM_EXCLUSIVE_AREA_61
                0x0040adcc                SchM_Enter_Pwm_PWM_EXCLUSIVE_AREA_62
                0x0040ae00                SchM_Exit_Pwm_PWM_EXCLUSIVE_AREA_62
                0x0040ae30                SchM_Enter_Pwm_PWM_EXCLUSIVE_AREA_63
                0x0040ae64                SchM_Exit_Pwm_PWM_EXCLUSIVE_AREA_63
                0x0040ae94                SchM_Enter_Pwm_PWM_EXCLUSIVE_AREA_64
                0x0040aec8                SchM_Exit_Pwm_PWM_EXCLUSIVE_AREA_64
                0x0040aef8                SchM_Enter_Pwm_PWM_EXCLUSIVE_AREA_65
                0x0040af2c                SchM_Exit_Pwm_PWM_EXCLUSIVE_AREA_65
 .mcal_text     0x0040af5c      0x458 ./RTD/src/Siul2_Port_Ip.o
                0x0040b0b0                Siul2_Port_Ip_Init
                0x0040b0e0                Siul2_Port_Ip_SetPullSel
                0x0040b13c                Siul2_Port_Ip_SetOutputBuffer
                0x0040b1a2                Siul2_Port_Ip_SetInputBuffer
                0x0040b214                Siul2_Port_Ip_SetPinDirection
                0x0040b28c                Siul2_Port_Ip_RevertPinConfiguration
                0x0040b2ec                Siul2_Port_Ip_GetPinConfiguration
                0x0040b3b4                . = ALIGN (0x4)
 *(.acmcu_code_rom)
                0x0040b3b4                . = ALIGN (0x4)
                0x0040b3b4                __acfls_code_rom_start = .
 *(.acfls_code_rom)
 .acfls_code_rom
                0x0040b3b4       0x58 ./RTD/src/Clock_Ip_Specific.o
                0x0040b3b4                Clock_Ip_PRAMCSetRamIWS
 *fill*         0x0040b40c        0x4 
 .acfls_code_rom.__stub
                0x0040b410        0x8 linker stubs
                0x0040b418                . = ALIGN (0x4)
                0x0040b418                __acfls_code_rom_end = .
                0x0040b418                __acmem_43_infls_code_rom_start = .
 *(.acmem_43_infls_code_rom)
                0x0040b418                . = ALIGN (0x4)
                0x0040b418                __acmem_43_infls_code_rom_end = .
 *(.init)
                0x0040b418                . = ALIGN (0x4)
 *(.fini)
                0x0040b418                . = ALIGN (0x4)
 *(.rodata)
 .rodata        0x0040b418        0x3 ./RTD/src/Clock_Ip_IntOsc.o
 *fill*         0x0040b41b        0x1 
 .rodata        0x0040b41c        0x4 ./RTD/src/Siul2_Port_Ip.o
                0x0040b41c                Port_au32Siul2BaseAddr
 .rodata        0x0040b420       0x10 ./board/dcf_config.o
                0x0040b420                dcf_commands
 .rodata        0x0040b430      0x100 ./board/ivt_config.o
                0x0040b430                ivt_binary
 *(.rodata*)
                0x0040b530                . = ALIGN (0x4)
 *(.mcal_const_cfg)
 .mcal_const_cfg
                0x0040b530      0x300 ./board/Siul2_Port_Ip_Cfg.o
                0x0040b530                g_pin_mux_InitConfigArr_PortContainer_0_VS_0
 *fill*         0x0040b830        0x0 
 .mcal_const_cfg
                0x0040b830      0x800 ./generate/src/Clock_Ip_Cfg.o
                0x0040b830                Clock_Ip_aClockConfig
 .mcal_const_cfg
                0x0040c030      0x110 ./generate/src/FlexPwm_Ip_VS_0_PBcfg.o
                0x0040c030                FlexPwm_Ip_VS_0_InstanceCfg_I0
                0x0040c098                FlexPwm_Ip_VS_0_ChannelCfg_I0_S2_PWMA
                0x0040c104                FlexPwm_Ip_VS_0_ChannelCfg_I0_S0_PWMA
                0x0040c140                . = ALIGN (0x4)
 *(.mcal_const)
 .mcal_const    0x0040c140     0x1352 ./RTD/src/Clock_Ip_Data.o
                0x0040c140                Clock_Ip_axGateInfo
                0x0040c808                Clock_Ip_axFeatureExtensions
                0x0040ca48                Clock_Ip_aeHwDfsName
                0x0040ca4c                Clock_Ip_aeHwPllName
                0x0040ca50                Clock_Ip_aeSourceTypeClockName
                0x0040cab0                Clock_Ip_apxMcMeTriggerPartitions
                0x0040cac0                Clock_Ip_apxMcMeGetPartitions
                0x0040cad0                Clock_Ip_apxMcMeSetPartitions
                0x0040cae0                Clock_Ip_axCmuInfo
                0x0040cb50                Clock_Ip_aeCmuNames
                0x0040cb6c                Clock_Ip_apxCmu
                0x0040cb88                Clock_Ip_apxPll
                0x0040cb98                Clock_Ip_apxXosc
                0x0040cba0                Clock_Ip_apxCgmPcfs
                0x0040cba4                Clock_Ip_apxCgm
                0x0040cbf4                Clock_Ip_au16SelectorEntryRtcHardwareValue
                0x0040cc24                Clock_Ip_au16SelectorEntryHardwareValue
                0x0040cc54                Clock_Ip_au8SoftwareMuxResetValue
                0x0040cd1d                Clock_Ip_au8ClockFeatures
                0x0040d42e                Clock_Ip_au8CmuCallbackIndex
                0x0040d438                Clock_Ip_au8PcfsCallbackIndex
                0x0040d442                Clock_Ip_au8SelectorCallbackIndex
                0x0040d44c                Clock_Ip_au8PllCallbackIndex
                0x0040d456                Clock_Ip_au8FractionalDividerCallbackIndex
                0x0040d460                Clock_Ip_au8GateCallbackIndex
                0x0040d46a                Clock_Ip_au8IrcoscCallbackIndex
                0x0040d474                Clock_Ip_au8XoscCallbackIndex
                0x0040d47e                Clock_Ip_au8DividerTriggerCallbackIndex
                0x0040d488                Clock_Ip_au8DividerCallbackIndex
 *fill*         0x0040d492        0x2 
 .mcal_const    0x0040d494       0x14 ./RTD/src/Clock_Ip_Divider.o
                0x0040d494                Clock_Ip_axDividerCallbacks
 .mcal_const    0x0040d4a8       0x10 ./RTD/src/Clock_Ip_DividerTrigger.o
                0x0040d4a8                Clock_Ip_axDividerTriggerCallbacks
 .mcal_const    0x0040d4b8       0x20 ./RTD/src/Clock_Ip_ExtOsc.o
                0x0040d4b8                Clock_Ip_axExtOscCallbacks
 .mcal_const    0x0040d4d8        0xc ./RTD/src/Clock_Ip_FracDiv.o
                0x0040d4d8                Clock_Ip_axFracDivCallbacks
 *fill*         0x0040d4e4        0x4 
 .mcal_const    0x0040d4e8      0x3e4 ./RTD/src/Clock_Ip_Frequency.o
 .mcal_const    0x0040d8cc       0x10 ./RTD/src/Clock_Ip_Gate.o
                0x0040d8cc                Clock_Ip_axGateCallbacks
 .mcal_const    0x0040d8dc       0x30 ./RTD/src/Clock_Ip_IntOsc.o
                0x0040d8dc                Clock_Ip_axIntOscCallbacks
 .mcal_const    0x0040d90c       0x20 ./RTD/src/Clock_Ip_Monitor.o
                0x0040d90c                Clock_Ip_axCmuCallbacks
 .mcal_const    0x0040d92c       0x28 ./RTD/src/Clock_Ip_Pll.o
                0x0040d92c                Clock_Ip_axPllCallbacks
 .mcal_const    0x0040d954        0x8 ./RTD/src/Clock_Ip_ProgFreqSwitch.o
                0x0040d954                Clock_Ip_axPcfsCallbacks
 .mcal_const    0x0040d95c       0x28 ./RTD/src/Clock_Ip_Selector.o
                0x0040d95c                Clock_Ip_axSelectorCallbacks
 .mcal_const    0x0040d984        0x8 ./RTD/src/FlexPwm_Ip.o
                0x0040d984                FlexPwm_Ip_aBasePtr
                0x0040d98c                . = ALIGN (0x4)
                0x0040d98c                __init_table = .
 *(.init_table)
 .init_table    0x0040d98c       0x4c ./Project_Settings/Startup_Code/startup_cm7.o
                0x0040d9d8                . = ALIGN (0x4)
                0x0040d9d8                __zero_table = .
 *(.zero_table)
 .zero_table    0x0040d9d8       0x1c ./Project_Settings/Startup_Code/startup_cm7.o

.ARM.extab      0x0040d9f4        0x0
 .ARM.extab     0x0040d9f4        0x0 c:/nxp/s32ds.3.5/s32ds/build_tools/gcc_v10.2/gcc-10.2-arm32-eabi/bin/../lib/gcc/arm-none-eabi/10.2.0/thumb/v7e-m+fp/hard\libgcc.a(_udivmoddi4.o)

.ARM.exidx      0x0040d9f4        0x8
 .ARM.exidx     0x0040d9f4        0x8 c:/nxp/s32ds.3.5/s32ds/build_tools/gcc_v10.2/gcc-10.2-arm32-eabi/bin/../lib/gcc/arm-none-eabi/10.2.0/thumb/v7e-m+fp/hard\libgcc.a(_udivmoddi4.o)

.glue_7         0x0040d9fc        0x0
 .glue_7        0x0040d9fc        0x0 linker stubs

.glue_7t        0x0040d9fc        0x0
 .glue_7t       0x0040d9fc        0x0 linker stubs

.vfp11_veneer   0x0040d9fc        0x0
 .vfp11_veneer  0x0040d9fc        0x0 linker stubs

.v4_bx          0x0040d9fc        0x0
 .v4_bx         0x0040d9fc        0x0 linker stubs

.iplt           0x0040d9fc        0x0
 .iplt          0x0040d9fc        0x0 ./Project_Settings/Startup_Code/Vector_Table.o

.rel.dyn        0x0040d9fc        0x0
 .rel.iplt      0x0040d9fc        0x0 ./Project_Settings/Startup_Code/Vector_Table.o
                0x0040d9fc                . = ALIGN (0x4)
                0x0040d9fc                __text_end = .
                0x0040d9fc                __sram_data_rom = __text_end

.sram_bss       0x20400000      0x3bc
                0x20400000                . = ALIGN (0x8)
                0x20400000                __standby_ram_begin__ = .
 *(.standby_data)
                0x20400000                . = ALIGN (0x8)
                0x20400000                __standby_ram_end__ = .
                0x20400000                . = ALIGN (0x10)
                0x20400000                __sram_bss_start = .
 *(.bss)
 .bss           0x20400000        0x0 ./Project_Settings/Startup_Code/Vector_Table.o
 .bss           0x20400000        0x0 ./Project_Settings/Startup_Code/exceptions.o
 .bss           0x20400000        0x0 ./Project_Settings/Startup_Code/nvic.o
 .bss           0x20400000        0x0 ./Project_Settings/Startup_Code/startup.o
 .bss           0x20400000        0x0 ./Project_Settings/Startup_Code/startup_cm7.o
 .bss           0x20400000       0x80 ./Project_Settings/Startup_Code/system.o
                0x20400000                rbar
                0x20400040                rasr
 .bss           0x20400080        0x0 ./RTD/src/Clock_Ip.o
 .bss           0x20400080        0x0 ./RTD/src/Clock_Ip_Data.o
 .bss           0x20400080        0x0 ./RTD/src/Clock_Ip_Divider.o
 .bss           0x20400080        0x0 ./RTD/src/Clock_Ip_DividerTrigger.o
 .bss           0x20400080        0x0 ./RTD/src/Clock_Ip_ExtOsc.o
 .bss           0x20400080        0x0 ./RTD/src/Clock_Ip_FracDiv.o
 .bss           0x20400080        0x0 ./RTD/src/Clock_Ip_Frequency.o
 .bss           0x20400080        0x0 ./RTD/src/Clock_Ip_Gate.o
 .bss           0x20400080        0x0 ./RTD/src/Clock_Ip_IntOsc.o
 .bss           0x20400080        0x0 ./RTD/src/Clock_Ip_Irq.o
 .bss           0x20400080        0x0 ./RTD/src/Clock_Ip_Monitor.o
 .bss           0x20400080        0x0 ./RTD/src/Clock_Ip_Pll.o
 .bss           0x20400080        0x0 ./RTD/src/Clock_Ip_ProgFreqSwitch.o
 .bss           0x20400080        0x0 ./RTD/src/Clock_Ip_Selector.o
 .bss           0x20400080        0x0 ./RTD/src/Clock_Ip_Specific.o
 .bss           0x20400080        0x0 ./RTD/src/Det.o
 .bss           0x20400080        0x0 ./RTD/src/Det_stub.o
 .bss           0x20400080        0x0 ./RTD/src/FlexPwm_Ip.o
 .bss           0x20400080        0x0 ./RTD/src/FlexPwm_Ip_Irq.o
 .bss           0x20400080        0x0 ./RTD/src/OsIf_Interrupts.o
 .bss           0x20400080        0x0 ./RTD/src/OsIf_Timer.o
 .bss           0x20400080        0x0 ./RTD/src/OsIf_Timer_System.o
 .bss           0x20400080        0x0 ./RTD/src/OsIf_Timer_System_Internal_Systick.o
 .bss           0x20400080        0x0 ./RTD/src/Osif_Software_Semaphore.o
 .bss           0x20400080        0x0 ./RTD/src/SchM_Mcu.o
 .bss           0x20400080        0x0 ./RTD/src/SchM_Port.o
 .bss           0x20400080        0x0 ./RTD/src/SchM_Pwm.o
 .bss           0x20400080        0x0 ./RTD/src/Siul2_Port_Ip.o
 .bss           0x20400080        0x0 ./RTD/src/Tspc_Port_Ip.o
 .bss           0x20400080        0x0 ./board/Siul2_Port_Ip_Cfg.o
 .bss           0x20400080        0x0 ./board/Tspc_Port_Ip_Cfg.o
 .bss           0x20400080        0x0 ./board/dcf_config.o
 .bss           0x20400080        0x0 ./board/ivt_config.o
 .bss           0x20400080        0x0 ./generate/src/Clock_Ip_Cfg.o
 .bss           0x20400080        0x0 ./generate/src/FlexPwm_Ip_VS_0_PBcfg.o
 .bss           0x20400080        0x0 ./generate/src/OsIf_Cfg.o
 .bss           0x20400080        0x5 ./src/main.o
 .bss           0x20400085        0x0 c:/nxp/s32ds.3.5/s32ds/build_tools/gcc_v10.2/gcc-10.2-arm32-eabi/bin/../lib/gcc/arm-none-eabi/10.2.0/../../../../arm-none-eabi/lib/thumb/v7e-m+fp/hard\libc_nano.a(lib_a-memmove.o)
 .bss           0x20400085        0x0 c:/nxp/s32ds.3.5/s32ds/build_tools/gcc_v10.2/gcc-10.2-arm32-eabi/bin/../lib/gcc/arm-none-eabi/10.2.0/../../../../arm-none-eabi/lib/thumb/v7e-m+fp/hard\libc_nano.a(lib_a-memset.o)
 .bss           0x20400085        0x0 c:/nxp/s32ds.3.5/s32ds/build_tools/gcc_v10.2/gcc-10.2-arm32-eabi/bin/../lib/gcc/arm-none-eabi/10.2.0/thumb/v7e-m+fp/hard\libgcc.a(_aeabi_ldivmod.o)
 .bss           0x20400085        0x0 c:/nxp/s32ds.3.5/s32ds/build_tools/gcc_v10.2/gcc-10.2-arm32-eabi/bin/../lib/gcc/arm-none-eabi/10.2.0/thumb/v7e-m+fp/hard\libgcc.a(_aeabi_uldivmod.o)
 .bss           0x20400085        0x0 c:/nxp/s32ds.3.5/s32ds/build_tools/gcc_v10.2/gcc-10.2-arm32-eabi/bin/../lib/gcc/arm-none-eabi/10.2.0/thumb/v7e-m+fp/hard\libgcc.a(_udivmoddi4.o)
 .bss           0x20400085        0x0 c:/nxp/s32ds.3.5/s32ds/build_tools/gcc_v10.2/gcc-10.2-arm32-eabi/bin/../lib/gcc/arm-none-eabi/10.2.0/thumb/v7e-m+fp/hard\libgcc.a(_dvmd_tls.o)
 *(.bss*)
                0x20400090                . = ALIGN (0x10)
 *fill*         0x20400085        0xb 
 *(.mcal_bss)
 .mcal_bss      0x20400090        0x4 ./Project_Settings/Startup_Code/system.o
                0x20400090                RESET_CATCH_CORE
 .mcal_bss      0x20400094       0xd5 ./RTD/src/Clock_Ip.o
                0x20400098                Clock_Ip_FreqIds
                0x20400164                Clock_Ip_pxConfig
 *fill*         0x20400169        0x3 
 .mcal_bss      0x2040016c       0x10 ./RTD/src/Clock_Ip_Monitor.o
 .mcal_bss      0x2040017c        0x4 ./RTD/src/Clock_Ip_ProgFreqSwitch.o
 .mcal_bss      0x20400180        0xc ./RTD/src/Clock_Ip_Specific.o
 .mcal_bss      0x2040018c      0x228 ./RTD/src/FlexPwm_Ip.o
                0x2040018c                FlexPwm_Ip_aIrqCallback
                0x2040025c                FlexPwm_Ip_aSubModuleSate
                0x2040028c                FlexPwm_Ip_aInstanceSate
                0x204002c4                FlexPwm_Ip_aFaultIrqCallback
                0x20400344                FlexPwm_Ip_aDutyCycle
                0x204003a4                FlexPwm_Ip_aPeriod
 .mcal_bss      0x204003b4        0x8 ./RTD/src/Siul2_Port_Ip.o
                0x204003bc                . = ALIGN (0x4)
                0x204003bc                __sram_bss_end = .

.sram_data      0x204003c0      0x11c load address 0x0040d9fc
                0x204003c0                . = ALIGN (0x4)
                0x204003c0                __sram_data_begin__ = .
                0x204003c0                . = ALIGN (0x4)
 *(.ramcode)
 .ramcode       0x204003c0       0xa4 ./RTD/src/Clock_Ip_Specific.o
                0x20400464                . = ALIGN (0x4)
 *(.data)
 .data          0x20400464        0x0 ./Project_Settings/Startup_Code/Vector_Table.o
 .data          0x20400464        0x0 ./Project_Settings/Startup_Code/exceptions.o
 .data          0x20400464        0x0 ./Project_Settings/Startup_Code/nvic.o
 .data          0x20400464        0x0 ./Project_Settings/Startup_Code/startup.o
 .data          0x20400464        0x0 ./Project_Settings/Startup_Code/startup_cm7.o
 .data          0x20400464        0x0 ./Project_Settings/Startup_Code/system.o
 .data          0x20400464        0x4 ./RTD/src/Clock_Ip.o
 .data          0x20400468        0x0 ./RTD/src/Clock_Ip_Data.o
 .data          0x20400468        0x0 ./RTD/src/Clock_Ip_Divider.o
 .data          0x20400468        0x0 ./RTD/src/Clock_Ip_DividerTrigger.o
 .data          0x20400468        0x0 ./RTD/src/Clock_Ip_ExtOsc.o
 .data          0x20400468        0x0 ./RTD/src/Clock_Ip_FracDiv.o
 .data          0x20400468        0x0 ./RTD/src/Clock_Ip_Frequency.o
 .data          0x20400468        0x0 ./RTD/src/Clock_Ip_Gate.o
 .data          0x20400468        0x0 ./RTD/src/Clock_Ip_IntOsc.o
 .data          0x20400468        0x0 ./RTD/src/Clock_Ip_Irq.o
 .data          0x20400468        0x0 ./RTD/src/Clock_Ip_Monitor.o
 .data          0x20400468        0x0 ./RTD/src/Clock_Ip_Pll.o
 .data          0x20400468        0x0 ./RTD/src/Clock_Ip_ProgFreqSwitch.o
 .data          0x20400468        0x0 ./RTD/src/Clock_Ip_Selector.o
 .data          0x20400468        0x0 ./RTD/src/Clock_Ip_Specific.o
 .data          0x20400468        0x0 ./RTD/src/Det.o
 .data          0x20400468        0x0 ./RTD/src/Det_stub.o
 .data          0x20400468        0x0 ./RTD/src/FlexPwm_Ip.o
 .data          0x20400468        0x0 ./RTD/src/FlexPwm_Ip_Irq.o
 .data          0x20400468        0x0 ./RTD/src/OsIf_Interrupts.o
 .data          0x20400468        0x0 ./RTD/src/OsIf_Timer.o
 .data          0x20400468        0x0 ./RTD/src/OsIf_Timer_System.o
 .data          0x20400468        0x0 ./RTD/src/OsIf_Timer_System_Internal_Systick.o
 .data          0x20400468        0x0 ./RTD/src/Osif_Software_Semaphore.o
 .data          0x20400468        0x0 ./RTD/src/SchM_Mcu.o
 .data          0x20400468        0x0 ./RTD/src/SchM_Port.o
 .data          0x20400468        0x0 ./RTD/src/SchM_Pwm.o
 .data          0x20400468        0x0 ./RTD/src/Siul2_Port_Ip.o
 .data          0x20400468        0x0 ./RTD/src/Tspc_Port_Ip.o
 .data          0x20400468        0x0 ./board/Siul2_Port_Ip_Cfg.o
 .data          0x20400468        0x0 ./board/Tspc_Port_Ip_Cfg.o
 .data          0x20400468        0x0 ./board/dcf_config.o
 .data          0x20400468        0x0 ./board/ivt_config.o
 .data          0x20400468        0x0 ./generate/src/Clock_Ip_Cfg.o
 .data          0x20400468        0x0 ./generate/src/FlexPwm_Ip_VS_0_PBcfg.o
 .data          0x20400468        0x0 ./generate/src/OsIf_Cfg.o
 .data          0x20400468        0x0 ./src/main.o
 .data          0x20400468        0x0 c:/nxp/s32ds.3.5/s32ds/build_tools/gcc_v10.2/gcc-10.2-arm32-eabi/bin/../lib/gcc/arm-none-eabi/10.2.0/../../../../arm-none-eabi/lib/thumb/v7e-m+fp/hard\libc_nano.a(lib_a-memmove.o)
 .data          0x20400468        0x0 c:/nxp/s32ds.3.5/s32ds/build_tools/gcc_v10.2/gcc-10.2-arm32-eabi/bin/../lib/gcc/arm-none-eabi/10.2.0/../../../../arm-none-eabi/lib/thumb/v7e-m+fp/hard\libc_nano.a(lib_a-memset.o)
 .data          0x20400468        0x0 c:/nxp/s32ds.3.5/s32ds/build_tools/gcc_v10.2/gcc-10.2-arm32-eabi/bin/../lib/gcc/arm-none-eabi/10.2.0/thumb/v7e-m+fp/hard\libgcc.a(_aeabi_ldivmod.o)
 .data          0x20400468        0x0 c:/nxp/s32ds.3.5/s32ds/build_tools/gcc_v10.2/gcc-10.2-arm32-eabi/bin/../lib/gcc/arm-none-eabi/10.2.0/thumb/v7e-m+fp/hard\libgcc.a(_aeabi_uldivmod.o)
 .data          0x20400468        0x0 c:/nxp/s32ds.3.5/s32ds/build_tools/gcc_v10.2/gcc-10.2-arm32-eabi/bin/../lib/gcc/arm-none-eabi/10.2.0/thumb/v7e-m+fp/hard\libgcc.a(_udivmoddi4.o)
 .data          0x20400468        0x0 c:/nxp/s32ds.3.5/s32ds/build_tools/gcc_v10.2/gcc-10.2-arm32-eabi/bin/../lib/gcc/arm-none-eabi/10.2.0/thumb/v7e-m+fp/hard\libgcc.a(_dvmd_tls.o)
 *(.data*)
                0x20400468                . = ALIGN (0x4)
 *(.mcal_data)
 .mcal_data     0x20400468       0x74 ./RTD/src/Clock_Ip_Frequency.o
                0x204004dc                . = ALIGN (0x4)
                0x204004dc                __sram_data_end__ = .
                0x0040db18                __sram_data_rom_end = (__sram_data_rom + (__sram_data_end__ - __sram_data_begin__))

.heap           0x204004dc     0x2000 load address 0x0040db18
                0x00000000                . = (. + ALIGN (0x4))
                0x204004dc                _end = .
                0x204004dc                end = .
                0x204004dc                _heap_start = .
                0x00002000                . = (. + HEAP_SIZE)
 *fill*         0x204004dc     0x2000 
                0x204024dc                _heap_end = .

.acfls_code_ram
                0x2045ff00        0x0
                0x2045ff00                __acfls_code_ram_start = .
 *(.acfls_code_ram)
                0x2045ff00                __acfls_code_ram_end = .
                0x2045ff00                __acmem_43_infls_code_ram_start = .
 *(.acmem_43_infls_code_ram)
                0x2045ff00                __acmem_43_infls_code_ram_end = .
                0x0040db18                __non_cacheable_data_rom = __sram_data_rom_end

.non_cacheable_data
                0x20460000        0x4 load address 0x0040db18
                0x20460000                . = ALIGN (0x4)
                0x20460000                __non_cacheable_data_start__ = .
 *(.mcal_data_no_cacheable)
                0x20460000                . = ALIGN (0x4)
 *(.mcal_const_no_cacheable)
                0x20460000                . = ALIGN (0x4)
                0x20460000                HSE_LOOP_ADDR = .
                0x20460000        0x4 LONG 0x0
                0x20460004                __non_cacheable_data_end__ = .
                0x0040db1c                __non_cacheable_data_rom_end = (__non_cacheable_data_rom + (__non_cacheable_data_end__ - __non_cacheable_data_start__))

.igot.plt       0x20460004        0x0 load address 0x0040db1c
 .igot.plt      0x20460004        0x0 ./Project_Settings/Startup_Code/Vector_Table.o

.non_cacheable_bss
                0x20460004     0x10a0 load address 0x0040db1c
                0x20460010                . = ALIGN (0x10)
 *fill*         0x20460004        0xc 
                0x20460010                __non_cacheable_bss_start = .
 *(.mcal_bss_no_cacheable)
 .mcal_bss_no_cacheable
                0x20460010      0x574 ./RTD/src/Det.o
                0x20460010                Det_NextIdxList
                0x20460060                Det_RuntimeErrorId
                0x20460088                Det_aErrorState
                0x20460118                Det_Runtime_NextIdxList
                0x20460168                Det_aRuntimeErrorState
                0x204601f8                Det_ModuleId
                0x20460248                Det_numTransientEventErrors
                0x20460258                Det_TransientInstanceId
                0x20460280                Det_RuntimeModuleId
                0x204602d0                Det_TransientFaultId
                0x204602f8                Det_OverflowErrorFlag
                0x204602fc                Det_Transient_Head
                0x20460304                Det_RuntimeInstanceId
                0x2046032c                Det_ModuleState
                0x2046033c                Det_OverflowRuntimeErrorFlag
                0x20460340                Det_RuntimeApiId
                0x20460368                Det_OverflowTransientErrorFlag
                0x2046036c                Det_Head
                0x20460374                Det_numEventErrors
                0x20460384                Det_Runtime_Head
                0x2046038c                Det_Tail
                0x20460394                Det_InstanceId
                0x204603bc                Det_numRuntimeEventErrors
                0x204603cc                Det_Runtime_Tail
                0x204603d4                Det_TransientApiId
                0x204603fc                Det_ApiId
                0x20460424                Det_Transient_NextIdxList
                0x20460474                Det_aTransientErrorState
                0x20460504                Det_Transient_Tail
                0x2046050c                Det_ErrorId
                0x20460534                Det_TransientModuleId
 .mcal_bss_no_cacheable
                0x20460584       0x60 ./RTD/src/SchM_Mcu.o
 .mcal_bss_no_cacheable
                0x204605e4      0x380 ./RTD/src/SchM_Port.o
 .mcal_bss_no_cacheable
                0x20460964      0x740 ./RTD/src/SchM_Pwm.o
                0x204610a4                . = ALIGN (0x4)
                0x204610a4                __non_cacheable_bss_end = .

.int_results    0x2046ff00      0x100
                0x2046ff00                . = ALIGN (0x4)
 *(.int_results)
                0x20470000                . = (. + 0x100)
 *fill*         0x2046ff00      0x100 
                0x0040db1c                __shareable_data_rom = __non_cacheable_data_rom_end

.shareable_data
                0x20470000        0x0 load address 0x0040db1c
                0x20470000                . = ALIGN (0x4)
                0x20470000                __shareable_data_start__ = .
 *(.mcal_shared_data)
                0x20470000                . = ALIGN (0x4)
                0x20470000                __shareable_data_end__ = .
                0x0040db1c                __shareable_data_rom_end = (__shareable_data_rom + (__shareable_data_end__ - __shareable_data_start__))

.int_vector     0x20000000      0x408
                0x20000000                . = ALIGN (0x800)
                0x20000000                __interrupts_ram_start = .
                0x20000408                . = (. + (__interrupts_init_end - __interrupts_init_start))
 *fill*         0x20000000      0x408 
                0x20000408                . = ALIGN (0x4)
                0x20000408                __interrupts_ram_end = .
                0x0040db1c                __tcm_data_rom = __shareable_data_rom_end

.data_tcm_data  0x20000408        0x0 load address 0x0040db1c
                0x20000408                . = ALIGN (0x4)
                0x20000408                __dtcm_data_start__ = .
 *(.dtcm_data*)
                0x20000408                . = ALIGN (0x4)
                0x20000408                __dtcm_data_end__ = .
                0x0040db1c                __tcm_data_rom_end = (__tcm_data_rom + (__dtcm_data_end__ - __dtcm_data_start__))

.bss_tcm_data   0x20000408        0x0
                0x20000408                . = ALIGN (0x4)
                0x20000408                __dtcm_bss_start__ = .
 *(.dtcm_bss*)
                0x20000408                . = ALIGN (0x4)
                0x20000408                __dtcm_bss_end__ = .
                0x0040db1c                __tcm_code_rom_start = __tcm_data_rom_end

.itcm_text      0x00000000        0x0 load address 0x0040db1c
                0x00000000                . = ALIGN (0x4)
                0x00000000                __itcm_start__ = .
 *(.itcm_text*)
                0x00000000                . = ALIGN (0x4)
                0x00000000                __itcm_end__ = .
                0x0040db1c                __tcm_code_rom_end = (__tcm_code_rom_start + (__itcm_end__ - __itcm_start__))

.shareable_bss  0x20470000        0x0
                0x20470000                . = ALIGN (0x10)
                0x20470000                __shareable_bss_start = .
 *(.mcal_shared_bss)
                0x20470000                . = ALIGN (0x4)
                0x20470000                __shareable_bss_end = .
                0x2000f000                __Stack_dtcm_end = ORIGIN (int_stack_dtcm)
                0x20010000                __Stack_dtcm_start = (ORIGIN (int_stack_dtcm) + LENGTH (int_stack_dtcm))
                0x20400000                __INT_SRAM_START = ORIGIN (int_sram)
                0x20480000                __INT_SRAM_END = ORIGIN (ram_rsvd2)
                0x00000000                __INT_ITCM_START = ORIGIN (int_itcm)
                0x00008000                __INT_ITCM_END = (ORIGIN (int_itcm) + LENGTH (int_itcm))
                0x20000000                __INT_DTCM_START = ORIGIN (int_dtcm)
                0x20010000                __INT_DTCM_END = ((ORIGIN (int_dtcm) + LENGTH (int_dtcm)) + LENGTH (int_stack_dtcm))
                0x20470000                __RAM_SHAREABLE_START = __shareable_data_start__
                0x00000010                __RAM_SHAREABLE_SIZE = 0x10
                0x0040db1c                __ROM_SHAREABLE_START = __shareable_data_rom
                0x0040db1c                __ROM_SHAREABLE_END = __shareable_data_rom_end
                0x20460000                __RAM_NO_CACHEABLE_START = __non_cacheable_data_start__
                0x00000010                __RAM_NO_CACHEABLE_SIZE = 0x10
                0x0040db18                __ROM_NO_CACHEABLE_START = __non_cacheable_data_rom
                0x0040db1c                __ROM_NO_CACHEABLE_END = __non_cacheable_data_rom_end
                0x204003c0                __RAM_CACHEABLE_START = __sram_data_begin__
                0x00000013                __RAM_CACHEABLE_SIZE = 0x13
                0x0040d9fc                __ROM_CACHEABLE_START = __sram_data_rom
                0x0040db18                __ROM_CACHEABLE_END = __sram_data_rom_end
                0x00400000                __ROM_CODE_START = ORIGIN (int_pflash)
                0x10000000                __ROM_DATA_START = ORIGIN (int_dflash)
                0x20400000                __BSS_SRAM_START = __sram_bss_start
                0x204003bc                __BSS_SRAM_END = __sram_bss_end
                0x000003bc                __BSS_SRAM_SIZE = (__sram_bss_end - __sram_bss_start)
                0x20460010                __BSS_SRAM_NC_START = __non_cacheable_bss_start
                0x00001094                __BSS_SRAM_NC_SIZE = (__non_cacheable_bss_end - __non_cacheable_bss_start)
                0x204610a4                __BSS_SRAM_NC_END = __non_cacheable_bss_end
                0x20470000                __BSS_SRAM_SH_START = __shareable_bss_start
                0x00000000                __BSS_SRAM_SH_SIZE = (__shareable_bss_end - __shareable_bss_start)
                0x20470000                __BSS_SRAM_SH_END = __shareable_bss_end
                0x20000000                __RAM_INTERRUPT_START = __interrupts_ram_start
                0x00402000                __INIT_INTERRUPT_START = __interrupts_init_start
                0x00402408                __INIT_INTERRUPT_END = __interrupts_init_end
                0x00000000                __RAM_ITCM_START = __itcm_start__
                0x0040db1c                __ROM_ITCM_START = __tcm_code_rom_start
                0x0040db1c                __ROM_ITCM_END = __tcm_code_rom_end
                0x20000408                __RAM_DTCM_DATA_START = __dtcm_data_start__
                0x0040db1c                __ROM_DTCM_DATA_START = __tcm_data_rom
                0x0040db1c                __ROM_DTCM_END = __tcm_data_rom_end
                0x0040d98c                __INIT_TABLE = __init_table
                0x0040d9d8                __ZERO_TABLE = __zero_table
                0x00000001                __RAM_INIT = 0x1
                0x00000001                __ITCM_INIT = 0x1
                0x00000001                __DTCM_INIT = 0x1
                0x0040b3b4                Fls_ACEraseRomStart = __acfls_code_rom_start
                0x0040b418                Fls_ACEraseRomEnd = __acfls_code_rom_end
                0x00000019                Fls_ACEraseSize = ((__acfls_code_rom_end - __acfls_code_rom_start) / 0x4)
                0x0040b3b4                Fls_ACWriteRomStart = __acfls_code_rom_start
                0x0040b418                Fls_ACWriteRomEnd = __acfls_code_rom_end
                0x00000019                Fls_ACWriteSize = ((__acfls_code_rom_end - __acfls_code_rom_start) / 0x4)
                0x2045ff00                _ERASE_FUNC_ADDRESS_ = __acfls_code_ram_start
                0x2045ff00                _WRITE_FUNC_ADDRESS_ = __acfls_code_ram_start
                0x0040b418                Mem_43_INFLS_ACEraseRomStart = __acmem_43_infls_code_rom_start
                0x0040b418                Mem_43_INFLS_ACEraseRomEnd = __acmem_43_infls_code_rom_end
                0x00000000                Mem_43_INFLS_ACEraseSize = (((__acmem_43_infls_code_rom_end - __acmem_43_infls_code_rom_start) + 0x3) / 0x4)
                0x0040b418                Mem_43_INFLS_ACWriteRomStart = __acmem_43_infls_code_rom_start
                0x0040b418                Mem_43_INFLS_ACWriteRomEnd = __acmem_43_infls_code_rom_end
                0x00000000                Mem_43_INFLS_ACWriteSize = (((__acmem_43_infls_code_rom_end - __acmem_43_infls_code_rom_start) + 0x3) / 0x4)
                0x2045ff00                _MEM_43_INFLS_ERASE_FUNC_ADDRESS_ = __acmem_43_infls_code_ram_start
                0x2045ff00                _MEM_43_INFLS_WRITE_FUNC_ADDRESS_ = __acmem_43_infls_code_ram_start
                0x00402000                __ENTRY_VTABLE = __INIT_INTERRUPT_START
                0x00402000                __CORE0_VTOR = __INIT_INTERRUPT_START
                0x00402000                __CORE1_VTOR = __INIT_INTERRUPT_START
                0x00402000                __CORE2_VTOR = __INIT_INTERRUPT_START
                0x00402000                __CORE3_VTOR = __INIT_INTERRUPT_START
                0x00000003                __INDEX_COPY_CORE2 = 0x3
                0x00000001                ASSERT ((__standby_ram_end__ <= __STANDBY_RAM_LIMIT_END), Memory for standby ram overflow)
OUTPUT(FlexPWM_Pwm_Ip_Example_S32K396.elf elf32-littlearm)
LOAD linker stubs

.ARM.attributes
                0x00000000       0x30
 .ARM.attributes
                0x00000000       0x20 ./Project_Settings/Startup_Code/Vector_Table.o
 .ARM.attributes
                0x00000020       0x34 ./Project_Settings/Startup_Code/exceptions.o
 .ARM.attributes
                0x00000054       0x34 ./Project_Settings/Startup_Code/nvic.o
 .ARM.attributes
                0x00000088       0x34 ./Project_Settings/Startup_Code/startup.o
 .ARM.attributes
                0x000000bc       0x1f ./Project_Settings/Startup_Code/startup_cm7.o
 .ARM.attributes
                0x000000db       0x34 ./Project_Settings/Startup_Code/system.o
 .ARM.attributes
                0x0000010f       0x34 ./RTD/src/Clock_Ip.o
 .ARM.attributes
                0x00000143       0x39 ./RTD/src/Clock_Ip_Data.o
 .ARM.attributes
                0x0000017c       0x34 ./RTD/src/Clock_Ip_Divider.o
 .ARM.attributes
                0x000001b0       0x34 ./RTD/src/Clock_Ip_DividerTrigger.o
 .ARM.attributes
                0x000001e4       0x34 ./RTD/src/Clock_Ip_ExtOsc.o
 .ARM.attributes
                0x00000218       0x34 ./RTD/src/Clock_Ip_FracDiv.o
 .ARM.attributes
                0x0000024c       0x34 ./RTD/src/Clock_Ip_Frequency.o
 .ARM.attributes
                0x00000280       0x34 ./RTD/src/Clock_Ip_Gate.o
 .ARM.attributes
                0x000002b4       0x34 ./RTD/src/Clock_Ip_IntOsc.o
 .ARM.attributes
                0x000002e8       0x34 ./RTD/src/Clock_Ip_Irq.o
 .ARM.attributes
                0x0000031c       0x34 ./RTD/src/Clock_Ip_Monitor.o
 .ARM.attributes
                0x00000350       0x34 ./RTD/src/Clock_Ip_Pll.o
 .ARM.attributes
                0x00000384       0x34 ./RTD/src/Clock_Ip_ProgFreqSwitch.o
 .ARM.attributes
                0x000003b8       0x34 ./RTD/src/Clock_Ip_Selector.o
 .ARM.attributes
                0x000003ec       0x34 ./RTD/src/Clock_Ip_Specific.o
 .ARM.attributes
                0x00000420       0x34 ./RTD/src/Det.o
 .ARM.attributes
                0x00000454       0x34 ./RTD/src/Det_stub.o
 .ARM.attributes
                0x00000488       0x34 ./RTD/src/FlexPwm_Ip.o
 .ARM.attributes
                0x000004bc       0x39 ./RTD/src/FlexPwm_Ip_Irq.o
 .ARM.attributes
                0x000004f5       0x39 ./RTD/src/OsIf_Interrupts.o
 .ARM.attributes
                0x0000052e       0x34 ./RTD/src/OsIf_Timer.o
 .ARM.attributes
                0x00000562       0x39 ./RTD/src/OsIf_Timer_System.o
 .ARM.attributes
                0x0000059b       0x34 ./RTD/src/OsIf_Timer_System_Internal_Systick.o
 .ARM.attributes
                0x000005cf       0x34 ./RTD/src/Osif_Software_Semaphore.o
 .ARM.attributes
                0x00000603       0x34 ./RTD/src/SchM_Mcu.o
 .ARM.attributes
                0x00000637       0x34 ./RTD/src/SchM_Port.o
 .ARM.attributes
                0x0000066b       0x34 ./RTD/src/SchM_Pwm.o
 .ARM.attributes
                0x0000069f       0x34 ./RTD/src/Siul2_Port_Ip.o
 .ARM.attributes
                0x000006d3       0x39 ./RTD/src/Tspc_Port_Ip.o
 .ARM.attributes
                0x0000070c       0x39 ./board/Siul2_Port_Ip_Cfg.o
 .ARM.attributes
                0x00000745       0x39 ./board/Tspc_Port_Ip_Cfg.o
 .ARM.attributes
                0x0000077e       0x39 ./board/dcf_config.o
 .ARM.attributes
                0x000007b7       0x39 ./board/ivt_config.o
 .ARM.attributes
                0x000007f0       0x39 ./generate/src/Clock_Ip_Cfg.o
 .ARM.attributes
                0x00000829       0x39 ./generate/src/FlexPwm_Ip_VS_0_PBcfg.o
 .ARM.attributes
                0x00000862       0x39 ./generate/src/OsIf_Cfg.o
 .ARM.attributes
                0x0000089b       0x34 ./src/main.o
 .ARM.attributes
                0x000008cf       0x34 c:/nxp/s32ds.3.5/s32ds/build_tools/gcc_v10.2/gcc-10.2-arm32-eabi/bin/../lib/gcc/arm-none-eabi/10.2.0/../../../../arm-none-eabi/lib/thumb/v7e-m+fp/hard\libc_nano.a(lib_a-memmove.o)
 .ARM.attributes
                0x00000903       0x34 c:/nxp/s32ds.3.5/s32ds/build_tools/gcc_v10.2/gcc-10.2-arm32-eabi/bin/../lib/gcc/arm-none-eabi/10.2.0/../../../../arm-none-eabi/lib/thumb/v7e-m+fp/hard\libc_nano.a(lib_a-memset.o)
 .ARM.attributes
                0x00000937       0x1e c:/nxp/s32ds.3.5/s32ds/build_tools/gcc_v10.2/gcc-10.2-arm32-eabi/bin/../lib/gcc/arm-none-eabi/10.2.0/thumb/v7e-m+fp/hard\libgcc.a(_aeabi_ldivmod.o)
 .ARM.attributes
                0x00000955       0x1e c:/nxp/s32ds.3.5/s32ds/build_tools/gcc_v10.2/gcc-10.2-arm32-eabi/bin/../lib/gcc/arm-none-eabi/10.2.0/thumb/v7e-m+fp/hard\libgcc.a(_aeabi_uldivmod.o)
 .ARM.attributes
                0x00000973       0x34 c:/nxp/s32ds.3.5/s32ds/build_tools/gcc_v10.2/gcc-10.2-arm32-eabi/bin/../lib/gcc/arm-none-eabi/10.2.0/thumb/v7e-m+fp/hard\libgcc.a(_udivmoddi4.o)
 .ARM.attributes
                0x000009a7       0x1e c:/nxp/s32ds.3.5/s32ds/build_tools/gcc_v10.2/gcc-10.2-arm32-eabi/bin/../lib/gcc/arm-none-eabi/10.2.0/thumb/v7e-m+fp/hard\libgcc.a(_dvmd_tls.o)

.comment        0x00000000       0x88
 .comment       0x00000000       0x88 ./Project_Settings/Startup_Code/exceptions.o
                                 0x89 (size before relaxing)
 .comment       0x00000088       0x89 ./Project_Settings/Startup_Code/nvic.o
 .comment       0x00000088       0x89 ./Project_Settings/Startup_Code/startup.o
 .comment       0x00000088       0x89 ./Project_Settings/Startup_Code/system.o
 .comment       0x00000088       0x89 ./RTD/src/Clock_Ip.o
 .comment       0x00000088       0x89 ./RTD/src/Clock_Ip_Data.o
 .comment       0x00000088       0x89 ./RTD/src/Clock_Ip_Divider.o
 .comment       0x00000088       0x89 ./RTD/src/Clock_Ip_DividerTrigger.o
 .comment       0x00000088       0x89 ./RTD/src/Clock_Ip_ExtOsc.o
 .comment       0x00000088       0x89 ./RTD/src/Clock_Ip_FracDiv.o
 .comment       0x00000088       0x89 ./RTD/src/Clock_Ip_Frequency.o
 .comment       0x00000088       0x89 ./RTD/src/Clock_Ip_Gate.o
 .comment       0x00000088       0x89 ./RTD/src/Clock_Ip_IntOsc.o
 .comment       0x00000088       0x89 ./RTD/src/Clock_Ip_Irq.o
 .comment       0x00000088       0x89 ./RTD/src/Clock_Ip_Monitor.o
 .comment       0x00000088       0x89 ./RTD/src/Clock_Ip_Pll.o
 .comment       0x00000088       0x89 ./RTD/src/Clock_Ip_ProgFreqSwitch.o
 .comment       0x00000088       0x89 ./RTD/src/Clock_Ip_Selector.o
 .comment       0x00000088       0x89 ./RTD/src/Clock_Ip_Specific.o
 .comment       0x00000088       0x89 ./RTD/src/Det.o
 .comment       0x00000088       0x89 ./RTD/src/Det_stub.o
 .comment       0x00000088       0x89 ./RTD/src/FlexPwm_Ip.o
 .comment       0x00000088       0x89 ./RTD/src/FlexPwm_Ip_Irq.o
 .comment       0x00000088       0x89 ./RTD/src/OsIf_Interrupts.o
 .comment       0x00000088       0x89 ./RTD/src/OsIf_Timer.o
 .comment       0x00000088       0x89 ./RTD/src/OsIf_Timer_System.o
 .comment       0x00000088       0x89 ./RTD/src/OsIf_Timer_System_Internal_Systick.o
 .comment       0x00000088       0x89 ./RTD/src/Osif_Software_Semaphore.o
 .comment       0x00000088       0x89 ./RTD/src/SchM_Mcu.o
 .comment       0x00000088       0x89 ./RTD/src/SchM_Port.o
 .comment       0x00000088       0x89 ./RTD/src/SchM_Pwm.o
 .comment       0x00000088       0x89 ./RTD/src/Siul2_Port_Ip.o
 .comment       0x00000088       0x89 ./RTD/src/Tspc_Port_Ip.o
 .comment       0x00000088       0x89 ./board/Siul2_Port_Ip_Cfg.o
 .comment       0x00000088       0x89 ./board/Tspc_Port_Ip_Cfg.o
 .comment       0x00000088       0x89 ./board/dcf_config.o
 .comment       0x00000088       0x89 ./board/ivt_config.o
 .comment       0x00000088       0x89 ./generate/src/Clock_Ip_Cfg.o
 .comment       0x00000088       0x89 ./generate/src/FlexPwm_Ip_VS_0_PBcfg.o
 .comment       0x00000088       0x89 ./generate/src/OsIf_Cfg.o
 .comment       0x00000088       0x89 ./src/main.o
 .comment       0x00000088       0x89 c:/nxp/s32ds.3.5/s32ds/build_tools/gcc_v10.2/gcc-10.2-arm32-eabi/bin/../lib/gcc/arm-none-eabi/10.2.0/../../../../arm-none-eabi/lib/thumb/v7e-m+fp/hard\libc_nano.a(lib_a-memmove.o)
 .comment       0x00000088       0x89 c:/nxp/s32ds.3.5/s32ds/build_tools/gcc_v10.2/gcc-10.2-arm32-eabi/bin/../lib/gcc/arm-none-eabi/10.2.0/../../../../arm-none-eabi/lib/thumb/v7e-m+fp/hard\libc_nano.a(lib_a-memset.o)

.debug_info     0x00000000    0x2a74b
 .debug_info    0x00000000      0x132 ./Project_Settings/Startup_Code/exceptions.o
 .debug_info    0x00000132      0x765 ./Project_Settings/Startup_Code/nvic.o
 .debug_info    0x00000897      0x333 ./Project_Settings/Startup_Code/startup.o
 .debug_info    0x00000bca       0x22 ./Project_Settings/Startup_Code/startup_cm7.o
 .debug_info    0x00000bec      0xcf4 ./Project_Settings/Startup_Code/system.o
 .debug_info    0x000018e0     0x214c ./RTD/src/Clock_Ip.o
 .debug_info    0x00003a2c     0x1a69 ./RTD/src/Clock_Ip_Data.o
 .debug_info    0x00005495     0x11e8 ./RTD/src/Clock_Ip_Divider.o
 .debug_info    0x0000667d      0x966 ./RTD/src/Clock_Ip_DividerTrigger.o
 .debug_info    0x00006fe3      0xb2b ./RTD/src/Clock_Ip_ExtOsc.o
 .debug_info    0x00007b0e      0x710 ./RTD/src/Clock_Ip_FracDiv.o
 .debug_info    0x0000821e     0x438d ./RTD/src/Clock_Ip_Frequency.o
 .debug_info    0x0000c5ab      0xb43 ./RTD/src/Clock_Ip_Gate.o
 .debug_info    0x0000d0ee      0xfd0 ./RTD/src/Clock_Ip_IntOsc.o
 .debug_info    0x0000e0be       0xab ./RTD/src/Clock_Ip_Irq.o
 .debug_info    0x0000e169     0x1579 ./RTD/src/Clock_Ip_Monitor.o
 .debug_info    0x0000f6e2      0xc53 ./RTD/src/Clock_Ip_Pll.o
 .debug_info    0x00010335     0x1125 ./RTD/src/Clock_Ip_ProgFreqSwitch.o
 .debug_info    0x0001145a     0x119a ./RTD/src/Clock_Ip_Selector.o
 .debug_info    0x000125f4     0x1cd4 ./RTD/src/Clock_Ip_Specific.o
 .debug_info    0x000142c8      0xdfb ./RTD/src/Det.o
 .debug_info    0x000150c3      0x587 ./RTD/src/Det_stub.o
 .debug_info    0x0001564a     0x4d0d ./RTD/src/FlexPwm_Ip.o
 .debug_info    0x0001a357       0x76 ./RTD/src/FlexPwm_Ip_Irq.o
 .debug_info    0x0001a3cd       0x76 ./RTD/src/OsIf_Interrupts.o
 .debug_info    0x0001a443      0x2bc ./RTD/src/OsIf_Timer.o
 .debug_info    0x0001a6ff       0x76 ./RTD/src/OsIf_Timer_System.o
 .debug_info    0x0001a775      0x190 ./RTD/src/OsIf_Timer_System_Internal_Systick.o
 .debug_info    0x0001a905      0x154 ./RTD/src/Osif_Software_Semaphore.o
 .debug_info    0x0001aa59      0x366 ./RTD/src/SchM_Mcu.o
 .debug_info    0x0001adbf     0x176b ./RTD/src/SchM_Port.o
 .debug_info    0x0001c52a     0x2f71 ./RTD/src/SchM_Pwm.o
 .debug_info    0x0001f49b     0x3262 ./RTD/src/Siul2_Port_Ip.o
 .debug_info    0x000226fd       0x76 ./RTD/src/Tspc_Port_Ip.o
 .debug_info    0x00022773     0x24e2 ./board/Siul2_Port_Ip_Cfg.o
 .debug_info    0x00024c55       0x6f ./board/Tspc_Port_Ip_Cfg.o
 .debug_info    0x00024cc4       0xac ./board/dcf_config.o
 .debug_info    0x00024d70       0xac ./board/ivt_config.o
 .debug_info    0x00024e1c      0xf79 ./generate/src/Clock_Ip_Cfg.o
 .debug_info    0x00025d95      0x860 ./generate/src/FlexPwm_Ip_VS_0_PBcfg.o
 .debug_info    0x000265f5       0x76 ./generate/src/OsIf_Cfg.o
 .debug_info    0x0002666b     0x3b4d ./src/main.o
 .debug_info    0x0002a1b8       0x26 c:/nxp/s32ds.3.5/s32ds/build_tools/gcc_v10.2/gcc-10.2-arm32-eabi/bin/../lib/gcc/arm-none-eabi/10.2.0/thumb/v7e-m+fp/hard\libgcc.a(_aeabi_ldivmod.o)
 .debug_info    0x0002a1de       0x26 c:/nxp/s32ds.3.5/s32ds/build_tools/gcc_v10.2/gcc-10.2-arm32-eabi/bin/../lib/gcc/arm-none-eabi/10.2.0/thumb/v7e-m+fp/hard\libgcc.a(_aeabi_uldivmod.o)
 .debug_info    0x0002a204      0x521 c:/nxp/s32ds.3.5/s32ds/build_tools/gcc_v10.2/gcc-10.2-arm32-eabi/bin/../lib/gcc/arm-none-eabi/10.2.0/thumb/v7e-m+fp/hard\libgcc.a(_udivmoddi4.o)
 .debug_info    0x0002a725       0x26 c:/nxp/s32ds.3.5/s32ds/build_tools/gcc_v10.2/gcc-10.2-arm32-eabi/bin/../lib/gcc/arm-none-eabi/10.2.0/thumb/v7e-m+fp/hard\libgcc.a(_dvmd_tls.o)

.debug_abbrev   0x00000000     0x4141
 .debug_abbrev  0x00000000       0x47 ./Project_Settings/Startup_Code/exceptions.o
 .debug_abbrev  0x00000047      0x111 ./Project_Settings/Startup_Code/nvic.o
 .debug_abbrev  0x00000158      0x11d ./Project_Settings/Startup_Code/startup.o
 .debug_abbrev  0x00000275       0x12 ./Project_Settings/Startup_Code/startup_cm7.o
 .debug_abbrev  0x00000287      0x227 ./Project_Settings/Startup_Code/system.o
 .debug_abbrev  0x000004ae      0x3af ./RTD/src/Clock_Ip.o
 .debug_abbrev  0x0000085d      0x14c ./RTD/src/Clock_Ip_Data.o
 .debug_abbrev  0x000009a9      0x26c ./RTD/src/Clock_Ip_Divider.o
 .debug_abbrev  0x00000c15      0x1b0 ./RTD/src/Clock_Ip_DividerTrigger.o
 .debug_abbrev  0x00000dc5      0x286 ./RTD/src/Clock_Ip_ExtOsc.o
 .debug_abbrev  0x0000104b      0x154 ./RTD/src/Clock_Ip_FracDiv.o
 .debug_abbrev  0x0000119f      0x330 ./RTD/src/Clock_Ip_Frequency.o
 .debug_abbrev  0x000014cf      0x1dc ./RTD/src/Clock_Ip_Gate.o
 .debug_abbrev  0x000016ab      0x25d ./RTD/src/Clock_Ip_IntOsc.o
 .debug_abbrev  0x00001908       0x6a ./RTD/src/Clock_Ip_Irq.o
 .debug_abbrev  0x00001972      0x2cb ./RTD/src/Clock_Ip_Monitor.o
 .debug_abbrev  0x00001c3d      0x275 ./RTD/src/Clock_Ip_Pll.o
 .debug_abbrev  0x00001eb2      0x1aa ./RTD/src/Clock_Ip_ProgFreqSwitch.o
 .debug_abbrev  0x0000205c      0x30e ./RTD/src/Clock_Ip_Selector.o
 .debug_abbrev  0x0000236a      0x342 ./RTD/src/Clock_Ip_Specific.o
 .debug_abbrev  0x000026ac      0x278 ./RTD/src/Det.o
 .debug_abbrev  0x00002924      0x162 ./RTD/src/Det_stub.o
 .debug_abbrev  0x00002a86      0x3b2 ./RTD/src/FlexPwm_Ip.o
 .debug_abbrev  0x00002e38       0x29 ./RTD/src/FlexPwm_Ip_Irq.o
 .debug_abbrev  0x00002e61       0x29 ./RTD/src/OsIf_Interrupts.o
 .debug_abbrev  0x00002e8a      0x1ad ./RTD/src/OsIf_Timer.o
 .debug_abbrev  0x00003037       0x29 ./RTD/src/OsIf_Timer_System.o
 .debug_abbrev  0x00003060      0x134 ./RTD/src/OsIf_Timer_System_Internal_Systick.o
 .debug_abbrev  0x00003194       0xc5 ./RTD/src/Osif_Software_Semaphore.o
 .debug_abbrev  0x00003259      0x124 ./RTD/src/SchM_Mcu.o
 .debug_abbrev  0x0000337d      0x124 ./RTD/src/SchM_Port.o
 .debug_abbrev  0x000034a1      0x124 ./RTD/src/SchM_Pwm.o
 .debug_abbrev  0x000035c5      0x385 ./RTD/src/Siul2_Port_Ip.o
 .debug_abbrev  0x0000394a       0x29 ./RTD/src/Tspc_Port_Ip.o
 .debug_abbrev  0x00003973      0x146 ./board/Siul2_Port_Ip_Cfg.o
 .debug_abbrev  0x00003ab9       0x1e ./board/Tspc_Port_Ip_Cfg.o
 .debug_abbrev  0x00003ad7       0x64 ./board/dcf_config.o
 .debug_abbrev  0x00003b3b       0x64 ./board/ivt_config.o
 .debug_abbrev  0x00003b9f      0x103 ./generate/src/Clock_Ip_Cfg.o
 .debug_abbrev  0x00003ca2      0x109 ./generate/src/FlexPwm_Ip_VS_0_PBcfg.o
 .debug_abbrev  0x00003dab       0x29 ./generate/src/OsIf_Cfg.o
 .debug_abbrev  0x00003dd4      0x20f ./src/main.o
 .debug_abbrev  0x00003fe3       0x14 c:/nxp/s32ds.3.5/s32ds/build_tools/gcc_v10.2/gcc-10.2-arm32-eabi/bin/../lib/gcc/arm-none-eabi/10.2.0/thumb/v7e-m+fp/hard\libgcc.a(_aeabi_ldivmod.o)
 .debug_abbrev  0x00003ff7       0x14 c:/nxp/s32ds.3.5/s32ds/build_tools/gcc_v10.2/gcc-10.2-arm32-eabi/bin/../lib/gcc/arm-none-eabi/10.2.0/thumb/v7e-m+fp/hard\libgcc.a(_aeabi_uldivmod.o)
 .debug_abbrev  0x0000400b      0x122 c:/nxp/s32ds.3.5/s32ds/build_tools/gcc_v10.2/gcc-10.2-arm32-eabi/bin/../lib/gcc/arm-none-eabi/10.2.0/thumb/v7e-m+fp/hard\libgcc.a(_udivmoddi4.o)
 .debug_abbrev  0x0000412d       0x14 c:/nxp/s32ds.3.5/s32ds/build_tools/gcc_v10.2/gcc-10.2-arm32-eabi/bin/../lib/gcc/arm-none-eabi/10.2.0/thumb/v7e-m+fp/hard\libgcc.a(_dvmd_tls.o)

.debug_aranges  0x00000000     0x1510
 .debug_aranges
                0x00000000       0x68 ./Project_Settings/Startup_Code/exceptions.o
 .debug_aranges
                0x00000068       0x38 ./Project_Settings/Startup_Code/nvic.o
 .debug_aranges
                0x000000a0       0x28 ./Project_Settings/Startup_Code/startup.o
 .debug_aranges
                0x000000c8       0x28 ./Project_Settings/Startup_Code/startup_cm7.o
 .debug_aranges
                0x000000f0       0x40 ./Project_Settings/Startup_Code/system.o
 .debug_aranges
                0x00000130       0xa0 ./RTD/src/Clock_Ip.o
 .debug_aranges
                0x000001d0       0x18 ./RTD/src/Clock_Ip_Data.o
 .debug_aranges
                0x000001e8       0x40 ./RTD/src/Clock_Ip_Divider.o
 .debug_aranges
                0x00000228       0x30 ./RTD/src/Clock_Ip_DividerTrigger.o
 .debug_aranges
                0x00000258       0x40 ./RTD/src/Clock_Ip_ExtOsc.o
 .debug_aranges
                0x00000298       0x28 ./RTD/src/Clock_Ip_FracDiv.o
 .debug_aranges
                0x000002c0      0x668 ./RTD/src/Clock_Ip_Frequency.o
 .debug_aranges
                0x00000928       0x38 ./RTD/src/Clock_Ip_Gate.o
 .debug_aranges
                0x00000960       0x60 ./RTD/src/Clock_Ip_IntOsc.o
 .debug_aranges
                0x000009c0       0x20 ./RTD/src/Clock_Ip_Irq.o
 .debug_aranges
                0x000009e0       0x58 ./RTD/src/Clock_Ip_Monitor.o
 .debug_aranges
                0x00000a38       0x50 ./RTD/src/Clock_Ip_Pll.o
 .debug_aranges
                0x00000a88       0x28 ./RTD/src/Clock_Ip_ProgFreqSwitch.o
 .debug_aranges
                0x00000ab0       0x58 ./RTD/src/Clock_Ip_Selector.o
 .debug_aranges
                0x00000b08       0x78 ./RTD/src/Clock_Ip_Specific.o
 .debug_aranges
                0x00000b80       0x60 ./RTD/src/Det.o
 .debug_aranges
                0x00000be0       0x48 ./RTD/src/Det_stub.o
 .debug_aranges
                0x00000c28       0xd0 ./RTD/src/FlexPwm_Ip.o
 .debug_aranges
                0x00000cf8       0x18 ./RTD/src/FlexPwm_Ip_Irq.o
 .debug_aranges
                0x00000d10       0x18 ./RTD/src/OsIf_Interrupts.o
 .debug_aranges
                0x00000d28       0x40 ./RTD/src/OsIf_Timer.o
 .debug_aranges
                0x00000d68       0x18 ./RTD/src/OsIf_Timer_System.o
 .debug_aranges
                0x00000d80       0x30 ./RTD/src/OsIf_Timer_System_Internal_Systick.o
 .debug_aranges
                0x00000db0       0x28 ./RTD/src/Osif_Software_Semaphore.o
 .debug_aranges
                0x00000dd8       0x50 ./RTD/src/SchM_Mcu.o
 .debug_aranges
                0x00000e28      0x1e0 ./RTD/src/SchM_Port.o
 .debug_aranges
                0x00001008      0x3c0 ./RTD/src/SchM_Pwm.o
 .debug_aranges
                0x000013c8       0x60 ./RTD/src/Siul2_Port_Ip.o
 .debug_aranges
                0x00001428       0x18 ./RTD/src/Tspc_Port_Ip.o
 .debug_aranges
                0x00001440       0x18 ./board/Siul2_Port_Ip_Cfg.o
 .debug_aranges
                0x00001458       0x18 ./board/Tspc_Port_Ip_Cfg.o
 .debug_aranges
                0x00001470       0x18 ./board/dcf_config.o
 .debug_aranges
                0x00001488       0x18 ./board/ivt_config.o
 .debug_aranges
                0x000014a0       0x18 ./generate/src/Clock_Ip_Cfg.o
 .debug_aranges
                0x000014b8       0x18 ./generate/src/FlexPwm_Ip_VS_0_PBcfg.o
 .debug_aranges
                0x000014d0       0x18 ./generate/src/OsIf_Cfg.o
 .debug_aranges
                0x000014e8       0x28 ./src/main.o

.debug_ranges   0x00000000     0x1b98
 .debug_ranges  0x00000000       0x58 ./Project_Settings/Startup_Code/exceptions.o
 .debug_ranges  0x00000058       0x28 ./Project_Settings/Startup_Code/nvic.o
 .debug_ranges  0x00000080       0x18 ./Project_Settings/Startup_Code/startup.o
 .debug_ranges  0x00000098       0x20 ./Project_Settings/Startup_Code/startup_cm7.o
 .debug_ranges  0x000000b8       0x68 ./Project_Settings/Startup_Code/system.o
 .debug_ranges  0x00000120      0x118 ./RTD/src/Clock_Ip.o
 .debug_ranges  0x00000238       0x30 ./RTD/src/Clock_Ip_Divider.o
 .debug_ranges  0x00000268       0x20 ./RTD/src/Clock_Ip_DividerTrigger.o
 .debug_ranges  0x00000288       0x48 ./RTD/src/Clock_Ip_ExtOsc.o
 .debug_ranges  0x000002d0       0x18 ./RTD/src/Clock_Ip_FracDiv.o
 .debug_ranges  0x000002e8      0x688 ./RTD/src/Clock_Ip_Frequency.o
 .debug_ranges  0x00000970       0x28 ./RTD/src/Clock_Ip_Gate.o
 .debug_ranges  0x00000998       0x50 ./RTD/src/Clock_Ip_IntOsc.o
 .debug_ranges  0x000009e8       0x10 ./RTD/src/Clock_Ip_Irq.o
 .debug_ranges  0x000009f8       0x48 ./RTD/src/Clock_Ip_Monitor.o
 .debug_ranges  0x00000a40       0x40 ./RTD/src/Clock_Ip_Pll.o
 .debug_ranges  0x00000a80       0x18 ./RTD/src/Clock_Ip_ProgFreqSwitch.o
 .debug_ranges  0x00000a98       0x60 ./RTD/src/Clock_Ip_Selector.o
 .debug_ranges  0x00000af8       0x80 ./RTD/src/Clock_Ip_Specific.o
 .debug_ranges  0x00000b78       0x90 ./RTD/src/Det.o
 .debug_ranges  0x00000c08       0x38 ./RTD/src/Det_stub.o
 .debug_ranges  0x00000c40      0x7a8 ./RTD/src/FlexPwm_Ip.o
 .debug_ranges  0x000013e8       0x30 ./RTD/src/OsIf_Timer.o
 .debug_ranges  0x00001418       0x20 ./RTD/src/OsIf_Timer_System_Internal_Systick.o
 .debug_ranges  0x00001438       0x18 ./RTD/src/Osif_Software_Semaphore.o
 .debug_ranges  0x00001450       0x40 ./RTD/src/SchM_Mcu.o
 .debug_ranges  0x00001490      0x1d0 ./RTD/src/SchM_Port.o
 .debug_ranges  0x00001660      0x3b0 ./RTD/src/SchM_Pwm.o
 .debug_ranges  0x00001a10       0x80 ./RTD/src/Siul2_Port_Ip.o
 .debug_ranges  0x00001a90       0x18 ./src/main.o
 .debug_ranges  0x00001aa8       0xf0 c:/nxp/s32ds.3.5/s32ds/build_tools/gcc_v10.2/gcc-10.2-arm32-eabi/bin/../lib/gcc/arm-none-eabi/10.2.0/thumb/v7e-m+fp/hard\libgcc.a(_udivmoddi4.o)

.debug_macro    0x00000000    0x736bd
 .debug_macro   0x00000000      0x154 ./Project_Settings/Startup_Code/exceptions.o
 .debug_macro   0x00000154      0xa90 ./Project_Settings/Startup_Code/exceptions.o
 .debug_macro   0x00000be4       0x88 ./Project_Settings/Startup_Code/exceptions.o
 .debug_macro   0x00000c6c      0x97b ./Project_Settings/Startup_Code/exceptions.o
 .debug_macro   0x000015e7       0x3a ./Project_Settings/Startup_Code/exceptions.o
 .debug_macro   0x00001621       0xcc ./Project_Settings/Startup_Code/exceptions.o
 .debug_macro   0x000016ed       0x6e ./Project_Settings/Startup_Code/exceptions.o
 .debug_macro   0x0000175b       0x4c ./Project_Settings/Startup_Code/exceptions.o
 .debug_macro   0x000017a7       0x94 ./Project_Settings/Startup_Code/exceptions.o
 .debug_macro   0x0000183b       0xcf ./Project_Settings/Startup_Code/exceptions.o
 .debug_macro   0x0000190a      0x11e ./Project_Settings/Startup_Code/exceptions.o
 .debug_macro   0x00001a28       0x52 ./Project_Settings/Startup_Code/exceptions.o
 .debug_macro   0x00001a7a       0x16 ./Project_Settings/Startup_Code/exceptions.o
 .debug_macro   0x00001a90       0x22 ./Project_Settings/Startup_Code/exceptions.o
 .debug_macro   0x00001ab2       0x56 ./Project_Settings/Startup_Code/exceptions.o
 .debug_macro   0x00001b08       0x51 ./Project_Settings/Startup_Code/exceptions.o
 .debug_macro   0x00001b59      0x103 ./Project_Settings/Startup_Code/exceptions.o
 .debug_macro   0x00001c5c       0x6a ./Project_Settings/Startup_Code/exceptions.o
 .debug_macro   0x00001cc6      0x1df ./Project_Settings/Startup_Code/exceptions.o
 .debug_macro   0x00001ea5       0x7c ./Project_Settings/Startup_Code/exceptions.o
 .debug_macro   0x00001f21      0x130 ./Project_Settings/Startup_Code/exceptions.o
 .debug_macro   0x00002051     0x117b ./Project_Settings/Startup_Code/exceptions.o
 .debug_macro   0x000031cc       0x83 ./Project_Settings/Startup_Code/exceptions.o
 .debug_macro   0x0000324f       0x5f ./Project_Settings/Startup_Code/exceptions.o
 .debug_macro   0x000032ae       0x57 ./Project_Settings/Startup_Code/exceptions.o
 .debug_macro   0x00003305       0x50 ./Project_Settings/Startup_Code/exceptions.o
 .debug_macro   0x00003355       0x50 ./Project_Settings/Startup_Code/exceptions.o
 .debug_macro   0x000033a5      0x48e ./Project_Settings/Startup_Code/nvic.o
 .debug_macro   0x00003833     0x5457 ./Project_Settings/Startup_Code/nvic.o
 .debug_macro   0x00008c8a      0x194 ./Project_Settings/Startup_Code/nvic.o
 .debug_macro   0x00008e1e      0x204 ./Project_Settings/Startup_Code/nvic.o
 .debug_macro   0x00009022     0x128d ./Project_Settings/Startup_Code/nvic.o
 .debug_macro   0x0000a2af     0x100c ./Project_Settings/Startup_Code/nvic.o
 .debug_macro   0x0000b2bb      0x18e ./Project_Settings/Startup_Code/nvic.o
 .debug_macro   0x0000b449       0xf8 ./Project_Settings/Startup_Code/nvic.o
 .debug_macro   0x0000b541       0xec ./Project_Settings/Startup_Code/nvic.o
 .debug_macro   0x0000b62d      0x159 ./Project_Settings/Startup_Code/nvic.o
 .debug_macro   0x0000b786      0xc36 ./Project_Settings/Startup_Code/nvic.o
 .debug_macro   0x0000c3bc     0x3cc5 ./Project_Settings/Startup_Code/nvic.o
 .debug_macro   0x00010081      0xfab ./Project_Settings/Startup_Code/nvic.o
 .debug_macro   0x0001102c      0x2f6 ./Project_Settings/Startup_Code/nvic.o
 .debug_macro   0x00011322       0xa6 ./Project_Settings/Startup_Code/nvic.o
 .debug_macro   0x000113c8      0xe0d ./Project_Settings/Startup_Code/nvic.o
 .debug_macro   0x000121d5     0x1ccd ./Project_Settings/Startup_Code/nvic.o
 .debug_macro   0x00013ea2      0x14c ./Project_Settings/Startup_Code/nvic.o
 .debug_macro   0x00013fee      0x979 ./Project_Settings/Startup_Code/nvic.o
 .debug_macro   0x00014967      0x4fd ./Project_Settings/Startup_Code/nvic.o
 .debug_macro   0x00014e64      0xac9 ./Project_Settings/Startup_Code/nvic.o
 .debug_macro   0x0001592d     0x7375 ./Project_Settings/Startup_Code/nvic.o
 .debug_macro   0x0001cca2      0xbe3 ./Project_Settings/Startup_Code/nvic.o
 .debug_macro   0x0001d885     0x10bf ./Project_Settings/Startup_Code/nvic.o
 .debug_macro   0x0001e944     0x15ef ./Project_Settings/Startup_Code/nvic.o
 .debug_macro   0x0001ff33     0x1269 ./Project_Settings/Startup_Code/nvic.o
 .debug_macro   0x0002119c       0x5d ./Project_Settings/Startup_Code/nvic.o
 .debug_macro   0x000211f9      0xaff ./Project_Settings/Startup_Code/nvic.o
 .debug_macro   0x00021cf8     0x1531 ./Project_Settings/Startup_Code/nvic.o
 .debug_macro   0x00023229      0x867 ./Project_Settings/Startup_Code/nvic.o
 .debug_macro   0x00023a90     0x18e3 ./Project_Settings/Startup_Code/nvic.o
 .debug_macro   0x00025373       0xe8 ./Project_Settings/Startup_Code/nvic.o
 .debug_macro   0x0002545b      0x25e ./Project_Settings/Startup_Code/nvic.o
 .debug_macro   0x000256b9       0xd6 ./Project_Settings/Startup_Code/nvic.o
 .debug_macro   0x0002578f      0x106 ./Project_Settings/Startup_Code/nvic.o
 .debug_macro   0x00025895      0x507 ./Project_Settings/Startup_Code/nvic.o
 .debug_macro   0x00025d9c      0x76c ./Project_Settings/Startup_Code/nvic.o
 .debug_macro   0x00026508      0xe1f ./Project_Settings/Startup_Code/nvic.o
 .debug_macro   0x00027327      0x93f ./Project_Settings/Startup_Code/nvic.o
 .debug_macro   0x00027c66     0x108b ./Project_Settings/Startup_Code/nvic.o
 .debug_macro   0x00028cf1      0x2f4 ./Project_Settings/Startup_Code/nvic.o
 .debug_macro   0x00028fe5     0x159d ./Project_Settings/Startup_Code/nvic.o
 .debug_macro   0x0002a582     0x2b29 ./Project_Settings/Startup_Code/nvic.o
 .debug_macro   0x0002d0ab      0x568 ./Project_Settings/Startup_Code/nvic.o
 .debug_macro   0x0002d613      0x649 ./Project_Settings/Startup_Code/nvic.o
 .debug_macro   0x0002dc5c     0x15d2 ./Project_Settings/Startup_Code/nvic.o
 .debug_macro   0x0002f22e      0x592 ./Project_Settings/Startup_Code/nvic.o
 .debug_macro   0x0002f7c0      0x5c3 ./Project_Settings/Startup_Code/nvic.o
 .debug_macro   0x0002fd83      0x226 ./Project_Settings/Startup_Code/nvic.o
 .debug_macro   0x0002ffa9      0x20a ./Project_Settings/Startup_Code/nvic.o
 .debug_macro   0x000301b3      0x54a ./Project_Settings/Startup_Code/nvic.o
 .debug_macro   0x000306fd       0x6b ./Project_Settings/Startup_Code/nvic.o
 .debug_macro   0x00030768     0x1cd1 ./Project_Settings/Startup_Code/nvic.o
 .debug_macro   0x00032439       0x48 ./Project_Settings/Startup_Code/nvic.o
 .debug_macro   0x00032481      0x23c ./Project_Settings/Startup_Code/nvic.o
 .debug_macro   0x000326bd      0x58f ./Project_Settings/Startup_Code/nvic.o
 .debug_macro   0x00032c4c      0x311 ./Project_Settings/Startup_Code/nvic.o
 .debug_macro   0x00032f5d       0x95 ./Project_Settings/Startup_Code/nvic.o
 .debug_macro   0x00032ff2       0xd6 ./Project_Settings/Startup_Code/nvic.o
 .debug_macro   0x000330c8      0xf9f ./Project_Settings/Startup_Code/nvic.o
 .debug_macro   0x00034067       0x5e ./Project_Settings/Startup_Code/nvic.o
 .debug_macro   0x000340c5     0x8d5d ./Project_Settings/Startup_Code/nvic.o
 .debug_macro   0x0003ce22      0xf51 ./Project_Settings/Startup_Code/nvic.o
 .debug_macro   0x0003dd73      0x10b ./Project_Settings/Startup_Code/nvic.o
 .debug_macro   0x0003de7e      0x2e0 ./Project_Settings/Startup_Code/nvic.o
 .debug_macro   0x0003e15e     0xcead ./Project_Settings/Startup_Code/nvic.o
 .debug_macro   0x0004b00b     0xcead ./Project_Settings/Startup_Code/nvic.o
 .debug_macro   0x00057eb8       0xb3 ./Project_Settings/Startup_Code/nvic.o
 .debug_macro   0x00057f6b      0x26a ./Project_Settings/Startup_Code/nvic.o
 .debug_macro   0x000581d5      0x13d ./Project_Settings/Startup_Code/nvic.o
 .debug_macro   0x00058312      0x3f8 ./Project_Settings/Startup_Code/nvic.o
 .debug_macro   0x0005870a      0x418 ./Project_Settings/Startup_Code/nvic.o