Archive member included to satisfy reference by file (symbol)

c:/nxp/s32ds.3.5/s32ds/build_tools/gcc_v10.2/gcc-10.2-arm32-eabi/bin/../lib/gcc/arm-none-eabi/10.2.0/../../../../arm-none-eabi/lib/thumb/v7e-m+fp/hard\libc_nano.a(lib_a-memmove.o)
                              ./RTD/src/Siul2_Port_Ip.o (memmove)
c:/nxp/s32ds.3.5/s32ds/build_tools/gcc_v10.2/gcc-10.2-arm32-eabi/bin/../lib/gcc/arm-none-eabi/10.2.0/../../../../arm-none-eabi/lib/thumb/v7e-m+fp/hard\libc_nano.a(lib_a-memset.o)
                              ./Project_Settings/Startup_Code/startup.o (memset)
c:/nxp/s32ds.3.5/s32ds/build_tools/gcc_v10.2/gcc-10.2-arm32-eabi/bin/../lib/gcc/arm-none-eabi/10.2.0/thumb/v7e-m+fp/hard\libgcc.a(_aeabi_ldivmod.o)
                              ./RTD/src/Clock_Ip_Frequency.o (__aeabi_ldivmod)
c:/nxp/s32ds.3.5/s32ds/build_tools/gcc_v10.2/gcc-10.2-arm32-eabi/bin/../lib/gcc/arm-none-eabi/10.2.0/thumb/v7e-m+fp/hard\libgcc.a(_aeabi_uldivmod.o)
                              ./RTD/src/Clock_Ip_Frequency.o (__aeabi_uldivmod)
c:/nxp/s32ds.3.5/s32ds/build_tools/gcc_v10.2/gcc-10.2-arm32-eabi/bin/../lib/gcc/arm-none-eabi/10.2.0/thumb/v7e-m+fp/hard\libgcc.a(_udivmoddi4.o)
                              c:/nxp/s32ds.3.5/s32ds/build_tools/gcc_v10.2/gcc-10.2-arm32-eabi/bin/../lib/gcc/arm-none-eabi/10.2.0/thumb/v7e-m+fp/hard\libgcc.a(_aeabi_ldivmod.o) (__udivmoddi4)
c:/nxp/s32ds.3.5/s32ds/build_tools/gcc_v10.2/gcc-10.2-arm32-eabi/bin/../lib/gcc/arm-none-eabi/10.2.0/thumb/v7e-m+fp/hard\libgcc.a(_dvmd_tls.o)
                              c:/nxp/s32ds.3.5/s32ds/build_tools/gcc_v10.2/gcc-10.2-arm32-eabi/bin/../lib/gcc/arm-none-eabi/10.2.0/thumb/v7e-m+fp/hard\libgcc.a(_aeabi_ldivmod.o) (__aeabi_ldiv0)

Discarded input sections

 .group         0x00000000        0xc ./Project_Settings/Startup_Code/exceptions.o
 .group         0x00000000        0xc ./Project_Settings/Startup_Code/exceptions.o
 .group         0x00000000        0xc ./Project_Settings/Startup_Code/exceptions.o
 .group         0x00000000        0xc ./Project_Settings/Startup_Code/exceptions.o
 .group         0x00000000        0xc ./Project_Settings/Startup_Code/exceptions.o
 .group         0x00000000        0xc ./Project_Settings/Startup_Code/exceptions.o
 .group         0x00000000        0xc ./Project_Settings/Startup_Code/exceptions.o
 .group         0x00000000        0xc ./Project_Settings/Startup_Code/exceptions.o
 .group         0x00000000        0xc ./Project_Settings/Startup_Code/exceptions.o
 .group         0x00000000        0xc ./Project_Settings/Startup_Code/exceptions.o
 .group         0x00000000        0xc ./Project_Settings/Startup_Code/exceptions.o
 .group         0x00000000        0xc ./Project_Settings/Startup_Code/exceptions.o
 .group         0x00000000        0xc ./Project_Settings/Startup_Code/exceptions.o
 .group         0x00000000        0xc ./Project_Settings/Startup_Code/exceptions.o
 .group         0x00000000        0xc ./Project_Settings/Startup_Code/exceptions.o
 .group         0x00000000        0xc ./Project_Settings/Startup_Code/exceptions.o
 .group         0x00000000        0xc ./Project_Settings/Startup_Code/exceptions.o
 .group         0x00000000        0xc ./Project_Settings/Startup_Code/exceptions.o
 .group         0x00000000        0xc ./Project_Settings/Startup_Code/exceptions.o
 .group         0x00000000        0xc ./Project_Settings/Startup_Code/exceptions.o
 .group         0x00000000        0xc ./Project_Settings/Startup_Code/exceptions.o
 .group         0x00000000        0xc ./Project_Settings/Startup_Code/exceptions.o
 .group         0x00000000        0xc ./Project_Settings/Startup_Code/exceptions.o
 .group         0x00000000        0xc ./Project_Settings/Startup_Code/exceptions.o
 .group         0x00000000        0xc ./Project_Settings/Startup_Code/exceptions.o
 .group         0x00000000        0xc ./Project_Settings/Startup_Code/exceptions.o
 .group         0x00000000        0xc ./Project_Settings/Startup_Code/nvic.o
 .group         0x00000000        0xc ./Project_Settings/Startup_Code/nvic.o
 .group         0x00000000        0xc ./Project_Settings/Startup_Code/nvic.o
 .group         0x00000000        0xc ./Project_Settings/Startup_Code/nvic.o
 .group         0x00000000        0xc ./Project_Settings/Startup_Code/nvic.o
 .group         0x00000000        0xc ./Project_Settings/Startup_Code/nvic.o
 .group         0x00000000        0xc ./Project_Settings/Startup_Code/nvic.o
 .group         0x00000000        0xc ./Project_Settings/Startup_Code/nvic.o
 .group         0x00000000        0xc ./Project_Settings/Startup_Code/nvic.o
 .group         0x00000000        0xc ./Project_Settings/Startup_Code/nvic.o
 .group         0x00000000        0xc ./Project_Settings/Startup_Code/nvic.o
 .group         0x00000000        0xc ./Project_Settings/Startup_Code/nvic.o
 .group         0x00000000        0xc ./Project_Settings/Startup_Code/nvic.o
 .group         0x00000000        0xc ./Project_Settings/Startup_Code/nvic.o
[...]
Memory Configuration

Name             Origin             Length             Attributes
int_pflash       0x00400000         0x005d4000
int_dflash       0x10000000         0x00020000
int_itcm         0x00000000         0x00008000
int_dtcm         0x20000000         0x0000f000
int_stack_dtcm   0x2000f000         0x00001000
int_sram         0x20400000         0x0005ff00
int_sram_fls_rsv 0x2045ff00         0x00000100
int_sram_no_cacheable 0x20460000         0x0000ff00
int_sram_results 0x2046ff00         0x00000100
int_sram_shareable 0x20470000         0x00010000
ram_rsvd2        0x20480000         0x00000000
*default*        0x00000000         0xffffffff

Linker script and memory map

LOAD ./Project_Settings/Startup_Code/Vector_Table.o
LOAD ./Project_Settings/Startup_Code/exceptions.o
LOAD ./Project_Settings/Startup_Code/nvic.o
LOAD ./Project_Settings/Startup_Code/startup.o
LOAD ./Project_Settings/Startup_Code/startup_cm7.o
LOAD ./Project_Settings/Startup_Code/system.o
LOAD ./RTD/src/Adc_Sar_Ip.o
LOAD ./RTD/src/Adc_Sar_Ip_Irq.o
LOAD ./RTD/src/Clock_Ip.o
LOAD ./RTD/src/Clock_Ip_Data.o
LOAD ./RTD/src/Clock_Ip_Divider.o
LOAD ./RTD/src/Clock_Ip_DividerTrigger.o
LOAD ./RTD/src/Clock_Ip_ExtOsc.o
LOAD ./RTD/src/Clock_Ip_FracDiv.o
LOAD ./RTD/src/Clock_Ip_Frequency.o
LOAD ./RTD/src/Clock_Ip_Gate.o
LOAD ./RTD/src/Clock_Ip_IntOsc.o
LOAD ./RTD/src/Clock_Ip_Irq.o
LOAD ./RTD/src/Clock_Ip_Monitor.o
LOAD ./RTD/src/Clock_Ip_Pll.o
LOAD ./RTD/src/Clock_Ip_ProgFreqSwitch.o
LOAD ./RTD/src/Clock_Ip_Selector.o
LOAD ./RTD/src/Clock_Ip_Specific.o
LOAD ./RTD/src/Det.o
LOAD ./RTD/src/Det_stub.o
LOAD ./RTD/src/FlexPwm_Ip.o
LOAD ./RTD/src/FlexPwm_Ip_Irq.o
LOAD ./RTD/src/IntCtrl_Ip.o
LOAD ./RTD/src/OsIf_Interrupts.o
LOAD ./RTD/src/OsIf_Timer.o
LOAD ./RTD/src/OsIf_Timer_System.o
LOAD ./RTD/src/OsIf_Timer_System_Internal_Systick.o
LOAD ./RTD/src/Osif_Software_Semaphore.o
LOAD ./RTD/src/SchM_Adc.o
LOAD ./RTD/src/SchM_Mcu.o
LOAD ./RTD/src/SchM_Port.o
LOAD ./RTD/src/SchM_Pwm.o
LOAD ./RTD/src/Siul2_Port_Ip.o
LOAD ./RTD/src/Tspc_Port_Ip.o
LOAD ./board/Siul2_Port_Ip_Cfg.o
LOAD ./board/Tspc_Port_Ip_Cfg.o
LOAD ./board/dcf_config.o
LOAD ./board/ivt_config.o
LOAD ./generate/src/Adc_Sar_Ip_VS_0_PBcfg.o
LOAD ./generate/src/Clock_Ip_Cfg.o
LOAD ./generate/src/FlexPwm_Ip_VS_0_PBcfg.o
LOAD ./generate/src/IntCtrl_Ip_Cfg.o
LOAD ./generate/src/OsIf_Cfg.o
LOAD ./src/main.o
LOAD c:/nxp/s32ds.3.5/s32ds/build_tools/gcc_v10.2/gcc-10.2-arm32-eabi/bin/../lib/gcc/arm-none-eabi/10.2.0/../../../../arm-none-eabi/lib/thumb/v7e-m+fp/hard\libc_nano.a
LOAD c:/nxp/s32ds.3.5/s32ds/build_tools/gcc_v10.2/gcc-10.2-arm32-eabi/bin/../lib/gcc/arm-none-eabi/10.2.0/../../../../arm-none-eabi/lib/thumb/v7e-m+fp/hard\libm.a
LOAD c:/nxp/s32ds.3.5/s32ds/build_tools/gcc_v10.2/gcc-10.2-arm32-eabi/bin/../lib/gcc/arm-none-eabi/10.2.0/thumb/v7e-m+fp/hard\libgcc.a
START GROUP
LOAD c:/nxp/s32ds.3.5/s32ds/build_tools/gcc_v10.2/gcc-10.2-arm32-eabi/bin/../lib/gcc/arm-none-eabi/10.2.0/thumb/v7e-m+fp/hard\libgcc.a
LOAD c:/nxp/s32ds.3.5/s32ds/build_tools/gcc_v10.2/gcc-10.2-arm32-eabi/bin/../lib/gcc/arm-none-eabi/10.2.0/../../../../arm-none-eabi/lib/thumb/v7e-m+fp/hard\libg_nano.a
LOAD c:/nxp/s32ds.3.5/s32ds/build_tools/gcc_v10.2/gcc-10.2-arm32-eabi/bin/../lib/gcc/arm-none-eabi/10.2.0/../../../../arm-none-eabi/lib/thumb/v7e-m+fp/hard\libc_nano.a
END GROUP
START GROUP
LOAD c:/nxp/s32ds.3.5/s32ds/build_tools/gcc_v10.2/gcc-10.2-arm32-eabi/bin/../lib/gcc/arm-none-eabi/10.2.0/thumb/v7e-m+fp/hard\libgcc.a
LOAD c:/nxp/s32ds.3.5/s32ds/build_tools/gcc_v10.2/gcc-10.2-arm32-eabi/bin/../lib/gcc/arm-none-eabi/10.2.0/../../../../arm-none-eabi/lib/thumb/v7e-m+fp/hard\libc_nano.a
LOAD c:/nxp/s32ds.3.5/s32ds/build_tools/gcc_v10.2/gcc-10.2-arm32-eabi/bin/../lib/gcc/arm-none-eabi/10.2.0/../../../../arm-none-eabi/lib/thumb/v7e-m+fp/hard\libnosys.a
END GROUP
START GROUP
LOAD c:/nxp/s32ds.3.5/s32ds/build_tools/gcc_v10.2/gcc-10.2-arm32-eabi/bin/../lib/gcc/arm-none-eabi/10.2.0/thumb/v7e-m+fp/hard\libgcc.a
LOAD c:/nxp/s32ds.3.5/s32ds/build_tools/gcc_v10.2/gcc-10.2-arm32-eabi/bin/../lib/gcc/arm-none-eabi/10.2.0/../../../../arm-none-eabi/lib/thumb/v7e-m+fp/hard\libc_nano.a
LOAD c:/nxp/s32ds.3.5/s32ds/build_tools/gcc_v10.2/gcc-10.2-arm32-eabi/bin/../lib/gcc/arm-none-eabi/10.2.0/../../../../arm-none-eabi/lib/thumb/v7e-m+fp/hard\libnosys.a
END GROUP
                0x00002000                HEAP_SIZE = DEFINED (__heap_size__)?__heap_size__:0x2000
                0x2040ffff                __STANDBY_RAM_LIMIT_END = 0x2040ffff

.pflash         0x00400000    0x11b14
 *(.boot_header)
 .boot_header   0x00400000      0x100 ./Project_Settings/Startup_Code/startup_cm7.o
                0x00402000                . = ALIGN (0x2000)
 *fill*         0x00400100     0x1f00 
                0x00402000                __text_start = .
                0x00402000                __interrupts_init_start = .
 *(.intc_vector)
 .intc_vector   0x00402000      0x408 ./Project_Settings/Startup_Code/Vector_Table.o
                0x00402000                VTABLE
                0x00402408                . = ALIGN (0x4)
                0x00402408                __interrupts_init_end = .
 *(.core_loop)
 .core_loop     0x00402408        0xc ./Project_Settings/Startup_Code/startup_cm7.o
                0x00402408                _core_loop
                0x00402414                . = ALIGN (0x4)
 *(.startup)
 *fill*         0x00402414        0xc 
 .startup       0x00402420      0x214 ./Project_Settings/Startup_Code/startup_cm7.o
                0x00402420                Reset_Handler
                0x00402420                _start
                0x004025b4                MCAL_LTB_TRACE_OFF
                0x004025b6                _end_of_eunit_test
                0x00402634                . = ALIGN (0x4)
 *(.systeminit)
                0x00402634                . = ALIGN (0x4)
 *(.text.startup)
 .text.startup  0x00402634      0x168 ./src/main.o
                0x00402634                main
                0x0040279c                . = ALIGN (0x4)
 *(.text)
 .text          0x0040279c        0x0 ./Project_Settings/Startup_Code/Vector_Table.o
 .text          0x0040279c        0x0 ./Project_Settings/Startup_Code/exceptions.o
 .text          0x0040279c        0x0 ./Project_Settings/Startup_Code/nvic.o
 .text          0x0040279c        0x0 ./Project_Settings/Startup_Code/startup.o
 .text          0x0040279c        0x0 ./Project_Settings/Startup_Code/startup_cm7.o
 .text          0x0040279c       0x10 ./Project_Settings/Startup_Code/system.o
                0x0040279c                Sys_GetCoreID
 .text          0x004027ac        0x0 ./RTD/src/Adc_Sar_Ip.o
 .text          0x004027ac        0x0 ./RTD/src/Adc_Sar_Ip_Irq.o
 .text          0x004027ac        0x0 ./RTD/src/Clock_Ip.o
 .text          0x004027ac        0x0 ./RTD/src/Clock_Ip_Data.o
 .text          0x004027ac        0x0 ./RTD/src/Clock_Ip_Divider.o
 .text          0x004027ac        0x0 ./RTD/src/Clock_Ip_DividerTrigger.o
 .text          0x004027ac        0x0 ./RTD/src/Clock_Ip_ExtOsc.o
 .text          0x004027ac        0x0 ./RTD/src/Clock_Ip_FracDiv.o
 .text          0x004027ac        0x0 ./RTD/src/Clock_Ip_Frequency.o
 .text          0x004027ac        0x0 ./RTD/src/Clock_Ip_Gate.o
 .text          0x004027ac        0x0 ./RTD/src/Clock_Ip_IntOsc.o
 .text          0x004027ac        0x0 ./RTD/src/Clock_Ip_Irq.o
 .text          0x004027ac        0x0 ./RTD/src/Clock_Ip_Monitor.o
 .text          0x004027ac        0x0 ./RTD/src/Clock_Ip_Pll.o
 .text          0x004027ac        0x0 ./RTD/src/Clock_Ip_ProgFreqSwitch.o
 .text          0x004027ac        0x0 ./RTD/src/Clock_Ip_Selector.o
 .text          0x004027ac        0x0 ./RTD/src/Clock_Ip_Specific.o
 .text          0x004027ac        0x0 ./RTD/src/Det.o
 .text          0x004027ac        0x0 ./RTD/src/Det_stub.o
 .text          0x004027ac       0x14 ./RTD/src/FlexPwm_Ip.o
 .text          0x004027c0        0x0 ./RTD/src/FlexPwm_Ip_Irq.o
 .text          0x004027c0       0x14 ./RTD/src/IntCtrl_Ip.o
 .text          0x004027d4        0x0 ./RTD/src/OsIf_Interrupts.o
 .text          0x004027d4        0x0 ./RTD/src/OsIf_Timer.o
 .text          0x004027d4        0x0 ./RTD/src/OsIf_Timer_System.o
 .text          0x004027d4        0x0 ./RTD/src/OsIf_Timer_System_Internal_Systick.o
 .text          0x004027d4        0x0 ./RTD/src/Osif_Software_Semaphore.o
 .text          0x004027d4        0x6 ./RTD/src/SchM_Adc.o
                0x004027d4                Adc_schm_read_msr
 .text          0x004027da        0x6 ./RTD/src/SchM_Mcu.o
                0x004027da                Mcu_schm_read_msr
 .text          0x004027e0        0x6 ./RTD/src/SchM_Port.o
                0x004027e0                Port_schm_read_msr
 .text          0x004027e6        0x6 ./RTD/src/SchM_Pwm.o
                0x004027e6                Pwm_schm_read_msr
 .text          0x004027ec       0x14 ./RTD/src/Siul2_Port_Ip.o
 .text          0x00402800        0x0 ./RTD/src/Tspc_Port_Ip.o
 .text          0x00402800        0x0 ./board/Siul2_Port_Ip_Cfg.o
 .text          0x00402800        0x0 ./board/Tspc_Port_Ip_Cfg.o
 .text          0x00402800        0x0 ./board/dcf_config.o
 .text          0x00402800        0x0 ./board/ivt_config.o
 .text          0x00402800        0x0 ./generate/src/Adc_Sar_Ip_VS_0_PBcfg.o
 .text          0x00402800        0x0 ./generate/src/Clock_Ip_Cfg.o
 .text          0x00402800        0x0 ./generate/src/FlexPwm_Ip_VS_0_PBcfg.o
 .text          0x00402800        0x0 ./generate/src/IntCtrl_Ip_Cfg.o
 .text          0x00402800        0x0 ./generate/src/OsIf_Cfg.o
 .text          0x00402800       0x54 ./src/main.o
                0x00402800                TestDelay
                0x0040281c                AdcEndOfChainNotif
 .text          0x00402854        0x0 c:/nxp/s32ds.3.5/s32ds/build_tools/gcc_v10.2/gcc-10.2-arm32-eabi/bin/../lib/gcc/arm-none-eabi/10.2.0/../../../../arm-none-eabi/lib/thumb/v7e-m+fp/hard\libc_nano.a(lib_a-memmove.o)
 .text          0x00402854        0x0 c:/nxp/s32ds.3.5/s32ds/build_tools/gcc_v10.2/gcc-10.2-arm32-eabi/bin/../lib/gcc/arm-none-eabi/10.2.0/../../../../arm-none-eabi/lib/thumb/v7e-m+fp/hard\libc_nano.a(lib_a-memset.o)
 .text          0x00402854       0xa0 c:/nxp/s32ds.3.5/s32ds/build_tools/gcc_v10.2/gcc-10.2-arm32-eabi/bin/../lib/gcc/arm-none-eabi/10.2.0/thumb/v7e-m+fp/hard\libgcc.a(_aeabi_ldivmod.o)
                0x00402854                __aeabi_ldivmod
 .text          0x004028f4       0x30 c:/nxp/s32ds.3.5/s32ds/build_tools/gcc_v10.2/gcc-10.2-arm32-eabi/bin/../lib/gcc/arm-none-eabi/10.2.0/thumb/v7e-m+fp/hard\libgcc.a(_aeabi_uldivmod.o)
                0x004028f4                __aeabi_uldivmod
 .text          0x00402924      0x2d8 c:/nxp/s32ds.3.5/s32ds/build_tools/gcc_v10.2/gcc-10.2-arm32-eabi/bin/../lib/gcc/arm-none-eabi/10.2.0/thumb/v7e-m+fp/hard\libgcc.a(_udivmoddi4.o)
                0x00402924                __udivmoddi4
 .text          0x00402bfc        0x4 c:/nxp/s32ds.3.5/s32ds/build_tools/gcc_v10.2/gcc-10.2-arm32-eabi/bin/../lib/gcc/arm-none-eabi/10.2.0/thumb/v7e-m+fp/hard\libgcc.a(_dvmd_tls.o)
                0x00402bfc                __aeabi_idiv0
                0x00402bfc                __aeabi_ldiv0
 *(.text*)
 .text.memmove  0x00402c00       0x34 c:/nxp/s32ds.3.5/s32ds/build_tools/gcc_v10.2/gcc-10.2-arm32-eabi/bin/../lib/gcc/arm-none-eabi/10.2.0/../../../../arm-none-eabi/lib/thumb/v7e-m+fp/hard\libc_nano.a(lib_a-memmove.o)
                0x00402c00                memmove
 .text.memset   0x00402c34       0x10 c:/nxp/s32ds.3.5/s32ds/build_tools/gcc_v10.2/gcc-10.2-arm32-eabi/bin/../lib/gcc/arm-none-eabi/10.2.0/../../../../arm-none-eabi/lib/thumb/v7e-m+fp/hard\libc_nano.a(lib_a-memset.o)
                0x00402c34                memset
                0x00402c44                . = ALIGN (0x4)
 *(.mcal_text)
 .mcal_text     0x00402c44       0x14 ./Project_Settings/Startup_Code/exceptions.o
                0x00402c44                NMI_Handler
                0x00402c46                HardFault_Handler
                0x00402c48                MemManage_Handler
                0x00402c4a                BusFault_Handler
                0x00402c4c                UsageFault_Handler
                0x00402c4e                SVC_Handler
                0x00402c50                DebugMon_Handler
                0x00402c52                PendSV_Handler
                0x00402c54                SysTick_Handler
                0x00402c56                undefined_handler
 .mcal_text     0x00402c58       0x52 ./Project_Settings/Startup_Code/nvic.o
                0x00402c58                NVIC_SetPriorityGrouping
                0x00402c6c                NVIC_EnableIRQ
                0x00402c84                NVIC_DisableIRQ
                0x00402c9c                NVIC_SetPriority
 *fill*         0x00402caa        0x2 
 .mcal_text     0x00402cac       0xe8 ./Project_Settings/Startup_Code/startup.o
                0x00402cac                init_data_bss
                0x00402d38                init_data_bss_core2
 .mcal_text     0x00402d94      0x33c ./Project_Settings/Startup_Code/system.o
                0x00402d94                startup_go_to_user_mode
                0x00402d96                default_interrupt_routine
                0x00402d98                SystemInit
                0x004030b4                Enable_FPU
 .mcal_text     0x004030d0     0x14d0 ./RTD/src/Adc_Sar_Ip.o
                0x00403310                Adc_Sar_Ip_IRQHandler
                0x00403558                Adc_Sar_Ip_ChainConfig
                0x00403564                Adc_Sar_Ip_EnableChannel
                0x004035b8                Adc_Sar_Ip_DisableChannel
                0x00403610                Adc_Sar_Ip_SetResolution
                0x0040363c                Adc_Sar_Ip_StartConversion
                0x00403670                Adc_Sar_Ip_GetStatusFlags
                0x004036d4                Adc_Sar_Ip_ClearStatusFlags
                0x004036f8                Adc_Sar_Ip_GetConvDataToArray
                0x0040370a                Adc_Sar_Ip_GetConvResultsToArray
                0x0040371a                Adc_Sar_Ip_GetConvData
                0x00403754                Adc_Sar_Ip_GetConvResult
                0x004037a4                Adc_Sar_Ip_Powerup
                0x00403808                Adc_Sar_Ip_Powerdown
                0x00403870                Adc_Sar_Ip_DoCalibration
                0x00403980                Adc_Sar_Ip_EnableNotifications
                0x004039bc                Adc_Sar_Ip_DisableNotifications
                0x004039f4                Adc_Sar_Ip_EnableChannelNotifications
                0x00403a50                Adc_Sar_Ip_DisableChannelNotifications
                0x00403ab4                Adc_Sar_Ip_SetSampleTimes
                0x00403adc                Adc_Sar_Ip_SetAveraging
                0x00403b1c                Adc_Sar_Ip_SetClockMode
                0x00403b9c                Adc_Sar_Ip_AbortConversion
                0x00403bbc                Adc_Sar_Ip_AbortChain
                0x00403c30                Adc_Sar_Ip_SetPresamplingSource
                0x00403c80                Adc_Sar_Ip_EnableChannelPresampling
                0x00403cc4                Adc_Sar_Ip_DisableChannelPresampling
                0x00403d0c                Adc_Sar_Ip_EnablePresampleConversion
                0x00403d40                Adc_Sar_Ip_DisablePresampleConversion
                0x00403d74                Adc_Sar_Ip_EnableDma
                0x00403d94                Adc_Sar_Ip_DisableDma
                0x00403db4                Adc_Sar_Ip_EnableChannelDma
                0x00403de8                Adc_Sar_Ip_DisableChannelDma
                0x00403e20                Adc_Sar_Ip_DisableChannelDmaAll
                0x00403e74                Adc_Sar_Ip_SetDmaClearSource
                0x00403ea4                Adc_Sar_Ip_SetWdgThreshold
                0x00403f50                Adc_Sar_Ip_Init
                0x00404360                Adc_Sar_Ip_Deinit
                0x00404484                Adc_Sar_Ip_SetConversionMode
                0x004044b8                Adc_Sar_Ip_SetCtuMode
                0x0040452c                Adc_Sar_Ip_SetExternalTrigger
                0x00404570                Adc_Sar_Ip_SetUserGainAndOffset
                0x0040458c                Adc_Sar_Ip_GetDataAddress
 .mcal_text     0x004045a0       0x2a ./RTD/src/Adc_Sar_Ip_Irq.o
                0x004045a0                Adc_Sar_0_Isr
                0x004045a6                Adc_Sar_1_Isr
                0x004045ac                Adc_Sar_2_Isr
                0x004045b2                Adc_Sar_3_Isr
                0x004045b8                Adc_Sar_4_Isr
                0x004045be                Adc_Sar_5_Isr
                0x004045c4                Adc_Sar_6_Isr
 *fill*         0x004045ca        0x2 
 .mcal_text     0x004045cc      0x890 ./RTD/src/Clock_Ip.o
                0x004045ce                Clock_Ip_InitClock
                0x00404b7c                Clock_Ip_GetPllStatus
                0x00404c20                Clock_Ip_DistributePll
                0x00404d0c                Clock_Ip_Init
                0x00404d30                Clock_Ip_DisableClockMonitor
                0x00404d54                Clock_Ip_InstallNotificationsCallback
                0x00404d60                Clock_Ip_DisableModuleClock
                0x00404d88                Clock_Ip_EnableModuleClock
                0x00404db0                Clock_Ip_GetClockFrequency
                0x00404db4                Clock_Ip_DisableFircInStandby
                0x00404dcc                Clock_Ip_EnableFircInStandby
                0x00404de4                Clock_Ip_DisableSircInStandby
                0x00404dfc                Clock_Ip_EnableSircInStandby
                0x00404e14                Clock_Ip_ReportClockErrors
                0x00404e20                Clock_Ip_StartTimeout
                0x00404e40                Clock_Ip_TimeoutExpired
 .mcal_text     0x00404e5c      0x1dc ./RTD/src/Clock_Ip_Divider.o
 .mcal_text     0x00405038       0x98 ./RTD/src/Clock_Ip_DividerTrigger.o
 .mcal_text     0x004050d0      0x158 ./RTD/src/Clock_Ip_ExtOsc.o
 .mcal_text     0x00405228        0x6 ./RTD/src/Clock_Ip_FracDiv.o
 *fill*         0x0040522e        0x2 
 .mcal_text     0x00405230     0x24c4 ./RTD/src/Clock_Ip_Frequency.o
                0x00407668                Clock_Ip_Get_RTC_CLK_Frequency_TrustedCall
                0x004076b4                Clock_Ip_SetExternalOscillatorFrequency
                0x004076c4                Clock_Ip_GetFreq
                0x004076d0                Clock_Ip_SetExternalSignalFrequency
 .mcal_text     0x004076f4      0x150 ./RTD/src/Clock_Ip_Gate.o
 .mcal_text     0x00407844      0x104 ./RTD/src/Clock_Ip_IntOsc.o
 .mcal_text     0x00407948        0x4 ./RTD/src/Clock_Ip_Irq.o
                0x00407948                Mcu_Cmu_ClockFail_IRQHandler
 .mcal_text     0x0040794c      0x200 ./RTD/src/Clock_Ip_Monitor.o
                0x00407b08                Clock_Ip_CMU_ClockFailInt
 .mcal_text     0x00407b4c      0x188 ./RTD/src/Clock_Ip_Pll.o
 .mcal_text     0x00407cd4      0x130 ./RTD/src/Clock_Ip_ProgFreqSwitch.o
 .mcal_text     0x00407e04      0x3dc ./RTD/src/Clock_Ip_Selector.o
                0x004081b4                Clock_Ip_SetRtcRtccClksel_TrustedCall
 .mcal_text     0x004081e0      0x2bc ./RTD/src/Clock_Ip_Specific.o
                0x004081e0                Clock_Ip_McMeEnterKey
                0x004081f4                Clock_Ip_PowerClockIpModules
                0x004083e8                DisableFircInStandbyMode
                0x004083f8                EnableFircInStandbyMode
                0x00408414                DisableSircInStandbyMode
                0x00408424                EnableSircInStandbyMode
                0x00408440                Clock_Ip_Command
                0x00408490                Clock_Ip_FLASH_SetFlashIWS
                0x00408494                Clock_Ip_SetFlashWaitStates
                0x00408498                Clock_Ip_SetRamWaitStates
 .mcal_text     0x0040849c      0x5fc ./RTD/src/Det.o
                0x0040849c                Det_Start
                0x0040849e                Det_InitDataNode
                0x00408524                Det_LinkNodeToHead
                0x00408554                Det_DelAllNodesSameId
                0x00408652                Det_FreeNodesInLinkedList
                0x0040877e                Det_Init
                0x00408984                Det_ReportError
                0x004089e0                Det_ReportRuntimeError
                0x00408a3c                Det_ReportTransientFault
 .mcal_text     0x00408a98      0x1c8 ./RTD/src/Det_stub.o
                0x00408a98                Det_TestLastReportError
                0x00408ae4                Det_TestLastReportRuntimeError
                0x00408b30                Det_TestLastReportTransientFault
                0x00408b7c                Det_TestNoError
                0x00408bc8                Det_TestNoRuntimeError
                0x00408c14                Det_TestNoTransientFault
 .mcal_text     0x00408c60     0x152c ./RTD/src/FlexPwm_Ip.o
                0x00408fe0                FlexPwm_Ip_UpdateDutyCycle
                0x0040909c                FlexPwm_Ip_FastUpdateDutyCycle
                0x004092b0                FlexPwm_Ip_UpdatePeriod
                0x00409370                FlexPwm_Ip_OverwriteOutputChannels
                0x004094b4                FlexPwm_Ip_MaskOutputChannels
                0x00409550                FlexPwm_Ip_Init
                0x00409ad0                FlexPwm_Ip_UnMaskOutputChannels
                0x00409b6c                FlexPwm_Ip_DeInit
                0x00409c50                FlexPwm_Ip_EnableInterrupt
                0x00409ce8                FlexPwm_Ip_DisableInterrupt
                0x00409d70                FlexPwm_Ip_ClearInterruptFlag
                0x00409df0                FlexPwm_Ip_LoadValue
                0x00409e80                FlexPwm_Ip_ClearLoadValue
                0x00409ecc                FlexPwm_Ip_CounterStart
                0x00409f1c                FlexPwm_Ip_CounterStop
                0x00409f6c                FlexPwm_Ip_SetPhaseShift
                0x0040a030                FlexPwm_Ip_SetDeadTime
                0x0040a0e8                FlexPwm_Ip_SetClockPs
 .mcal_text     0x0040a18c      0x324 ./RTD/src/IntCtrl_Ip.o
                0x0040a18c                IntCtrl_Ip_InstallHandlerPrivileged
                0x0040a1c6                IntCtrl_Ip_EnableIrqPrivileged
                0x0040a1f6                IntCtrl_Ip_DisableIrqPrivileged
                0x0040a226                IntCtrl_Ip_SetPriorityPrivileged
                0x0040a25a                IntCtrl_Ip_GetPriorityPrivileged
                0x0040a27e                IntCtrl_Ip_ClearPendingPrivileged
                0x0040a2ae                IntCtrl_Ip_SetPendingPrivileged
                0x0040a2de                IntCtrl_Ip_GetPendingPrivileged
                0x0040a30e                IntCtrl_Ip_GetActivePrivileged
                0x0040a33e                IntCtrl_Ip_ClearDirectedCpuInterruptPrivileged
                0x0040a374                IntCtrl_Ip_GetDirectedCpuInterruptPrivileged
                0x0040a3ac                IntCtrl_Ip_GenerateDirectedCpuInterruptPrivileged
                0x0040a414                IntCtrl_Ip_Init
                0x0040a480                IntCtrl_Ip_InstallHandler
                0x0040a484                IntCtrl_Ip_EnableIrq
                0x0040a488                IntCtrl_Ip_DisableIrq
                0x0040a48c                IntCtrl_Ip_SetPriority
                0x0040a490                IntCtrl_Ip_GetPriority
                0x0040a494                IntCtrl_Ip_ClearPending
                0x0040a498                IntCtrl_Ip_SetPending
                0x0040a49c                IntCtrl_Ip_GetPending
                0x0040a4a0                IntCtrl_Ip_GetActive
                0x0040a4a4                IntCtrl_Ip_ClearDirectedCpuInterrupt
                0x0040a4a8                IntCtrl_Ip_GetDirectedCpuInterrupt
                0x0040a4ac                IntCtrl_Ip_GenerateDirectedCpuInterrupt
 .mcal_text     0x0040a4b0       0x1e ./RTD/src/OsIf_Timer.o
                0x0040a4b0                OsIf_Init
                0x0040a4b8                OsIf_GetCounter
                0x0040a4bc                OsIf_GetElapsed
                0x0040a4c4                OsIf_SetTimerFrequency
                0x0040a4c6                OsIf_MicrosToTicks
 .mcal_text     0x0040a4ce       0x4c ./RTD/src/OsIf_Timer_System_Internal_Systick.o
                0x0040a4ce                OsIf_Timer_System_Internal_Init
                0x0040a4e4                OsIf_Timer_System_Internal_GetCounter
                0x0040a4f0                OsIf_Timer_System_Internal_GetElapsed
 .mcal_text     0x0040a51a       0x4a ./RTD/src/Osif_Software_Semaphore.o
                0x0040a51a                Osif_Software_Semaphore_Lock
                0x0040a53e                Osif_Software_Semaphore_Unlock
 .mcal_text     0x0040a564     0x2648 ./RTD/src/SchM_Adc.o
                0x0040a564                SchM_Enter_Adc_ADC_EXCLUSIVE_AREA_00
                0x0040a598                SchM_Exit_Adc_ADC_EXCLUSIVE_AREA_00
                0x0040a5c8                SchM_Enter_Adc_ADC_EXCLUSIVE_AREA_01
                0x0040a5fc                SchM_Exit_Adc_ADC_EXCLUSIVE_AREA_01
                0x0040a62c                SchM_Enter_Adc_ADC_EXCLUSIVE_AREA_02
                0x0040a660                SchM_Exit_Adc_ADC_EXCLUSIVE_AREA_02
                0x0040a690                SchM_Enter_Adc_ADC_EXCLUSIVE_AREA_03
                0x0040a6c4                SchM_Exit_Adc_ADC_EXCLUSIVE_AREA_03
                0x0040a6f4                SchM_Enter_Adc_ADC_EXCLUSIVE_AREA_04
                0x0040a728                SchM_Exit_Adc_ADC_EXCLUSIVE_AREA_04
                0x0040a758                SchM_Enter_Adc_ADC_EXCLUSIVE_AREA_05
                0x0040a78c                SchM_Exit_Adc_ADC_EXCLUSIVE_AREA_05
                0x0040a7bc                SchM_Enter_Adc_ADC_EXCLUSIVE_AREA_10
                0x0040a7f0                SchM_Exit_Adc_ADC_EXCLUSIVE_AREA_10
                0x0040a820                SchM_Enter_Adc_ADC_EXCLUSIVE_AREA_100
                0x0040a854                SchM_Exit_Adc_ADC_EXCLUSIVE_AREA_100
                0x0040a884                SchM_Enter_Adc_ADC_EXCLUSIVE_AREA_101
                0x0040a8b8                SchM_Exit_Adc_ADC_EXCLUSIVE_AREA_101
                0x0040a8e8                SchM_Enter_Adc_ADC_EXCLUSIVE_AREA_102
                0x0040a91c                SchM_Exit_Adc_ADC_EXCLUSIVE_AREA_102
                0x0040a94c                SchM_Enter_Adc_ADC_EXCLUSIVE_AREA_103
                0x0040a980                SchM_Exit_Adc_ADC_EXCLUSIVE_AREA_103
                0x0040a9b0                SchM_Enter_Adc_ADC_EXCLUSIVE_AREA_11
                0x0040a9e4                SchM_Exit_Adc_ADC_EXCLUSIVE_AREA_11
                0x0040aa14                SchM_Enter_Adc_ADC_EXCLUSIVE_AREA_12
                0x0040aa48                SchM_Exit_Adc_ADC_EXCLUSIVE_AREA_12
                0x0040aa78                SchM_Enter_Adc_ADC_EXCLUSIVE_AREA_13
                0x0040aaac                SchM_Exit_Adc_ADC_EXCLUSIVE_AREA_13
                0x0040aadc                SchM_Enter_Adc_ADC_EXCLUSIVE_AREA_14
                0x0040ab10                SchM_Exit_Adc_ADC_EXCLUSIVE_AREA_14
                0x0040ab40                SchM_Enter_Adc_ADC_EXCLUSIVE_AREA_15
                0x0040ab74                SchM_Exit_Adc_ADC_EXCLUSIVE_AREA_15
                0x0040aba4                SchM_Enter_Adc_ADC_EXCLUSIVE_AREA_16
                0x0040abd8                SchM_Exit_Adc_ADC_EXCLUSIVE_AREA_16
                0x0040ac08                SchM_Enter_Adc_ADC_EXCLUSIVE_AREA_17
                0x0040ac3c                SchM_Exit_Adc_ADC_EXCLUSIVE_AREA_17
                0x0040ac6c                SchM_Enter_Adc_ADC_EXCLUSIVE_AREA_18
                0x0040aca0                SchM_Exit_Adc_ADC_EXCLUSIVE_AREA_18
                0x0040acd0                SchM_Enter_Adc_ADC_EXCLUSIVE_AREA_19
                0x0040ad04                SchM_Exit_Adc_ADC_EXCLUSIVE_AREA_19
                0x0040ad34                SchM_Enter_Adc_ADC_EXCLUSIVE_AREA_20
                0x0040ad68                SchM_Exit_Adc_ADC_EXCLUSIVE_AREA_20
                0x0040ad98                SchM_Enter_Adc_ADC_EXCLUSIVE_AREA_21
                0x0040adcc                SchM_Exit_Adc_ADC_EXCLUSIVE_AREA_21
                0x0040adfc                SchM_Enter_Adc_ADC_EXCLUSIVE_AREA_22
                0x0040ae30                SchM_Exit_Adc_ADC_EXCLUSIVE_AREA_22
                0x0040ae60                SchM_Enter_Adc_ADC_EXCLUSIVE_AREA_23
                0x0040ae94                SchM_Exit_Adc_ADC_EXCLUSIVE_AREA_23
                0x0040aec4                SchM_Enter_Adc_ADC_EXCLUSIVE_AREA_24
                0x0040aef8                SchM_Exit_Adc_ADC_EXCLUSIVE_AREA_24
                0x0040af28                SchM_Enter_Adc_ADC_EXCLUSIVE_AREA_25
                0x0040af5c                SchM_Exit_Adc_ADC_EXCLUSIVE_AREA_25
                0x0040af8c                SchM_Enter_Adc_ADC_EXCLUSIVE_AREA_26
                0x0040afc0                SchM_Exit_Adc_ADC_EXCLUSIVE_AREA_26
                0x0040aff0                SchM_Enter_Adc_ADC_EXCLUSIVE_AREA_27
                0x0040b024                SchM_Exit_Adc_ADC_EXCLUSIVE_AREA_27
                0x0040b054                SchM_Enter_Adc_ADC_EXCLUSIVE_AREA_28
                0x0040b088                SchM_Exit_Adc_ADC_EXCLUSIVE_AREA_28
                0x0040b0b8                SchM_Enter_Adc_ADC_EXCLUSIVE_AREA_29
                0x0040b0ec                SchM_Exit_Adc_ADC_EXCLUSIVE_AREA_29
                0x0040b11c                SchM_Enter_Adc_ADC_EXCLUSIVE_AREA_30
                0x0040b150                SchM_Exit_Adc_ADC_EXCLUSIVE_AREA_30
                0x0040b180                SchM_Enter_Adc_ADC_EXCLUSIVE_AREA_31
                0x0040b1b4                SchM_Exit_Adc_ADC_EXCLUSIVE_AREA_31
                0x0040b1e4                SchM_Enter_Adc_ADC_EXCLUSIVE_AREA_32
                0x0040b218                SchM_Exit_Adc_ADC_EXCLUSIVE_AREA_32
                0x0040b248                SchM_Enter_Adc_ADC_EXCLUSIVE_AREA_33
                0x0040b27c                SchM_Exit_Adc_ADC_EXCLUSIVE_AREA_33
                0x0040b2ac                SchM_Enter_Adc_ADC_EXCLUSIVE_AREA_34
                0x0040b2e0                SchM_Exit_Adc_ADC_EXCLUSIVE_AREA_34
                0x0040b310                SchM_Enter_Adc_ADC_EXCLUSIVE_AREA_35
                0x0040b344                SchM_Exit_Adc_ADC_EXCLUSIVE_AREA_35
                0x0040b374                SchM_Enter_Adc_ADC_EXCLUSIVE_AREA_36
                0x0040b3a8                SchM_Exit_Adc_ADC_EXCLUSIVE_AREA_36
                0x0040b3d8                SchM_Enter_Adc_ADC_EXCLUSIVE_AREA_37
                0x0040b40c                SchM_Exit_Adc_ADC_EXCLUSIVE_AREA_37
                0x0040b43c                SchM_Enter_Adc_ADC_EXCLUSIVE_AREA_38
                0x0040b470                SchM_Exit_Adc_ADC_EXCLUSIVE_AREA_38
                0x0040b4a0                SchM_Enter_Adc_ADC_EXCLUSIVE_AREA_39
                0x0040b4d4                SchM_Exit_Adc_ADC_EXCLUSIVE_AREA_39
                0x0040b504                SchM_Enter_Adc_ADC_EXCLUSIVE_AREA_40
                0x0040b538                SchM_Exit_Adc_ADC_EXCLUSIVE_AREA_40
                0x0040b568                SchM_Enter_Adc_ADC_EXCLUSIVE_AREA_41
                0x0040b59c                SchM_Exit_Adc_ADC_EXCLUSIVE_AREA_41
                0x0040b5cc                SchM_Enter_Adc_ADC_EXCLUSIVE_AREA_42
                0x0040b600                SchM_Exit_Adc_ADC_EXCLUSIVE_AREA_42
                0x0040b630                SchM_Enter_Adc_ADC_EXCLUSIVE_AREA_43
                0x0040b664                SchM_Exit_Adc_ADC_EXCLUSIVE_AREA_43
                0x0040b694                SchM_Enter_Adc_ADC_EXCLUSIVE_AREA_44
                0x0040b6c8                SchM_Exit_Adc_ADC_EXCLUSIVE_AREA_44
                0x0040b6f8                SchM_Enter_Adc_ADC_EXCLUSIVE_AREA_45
                0x0040b72c                SchM_Exit_Adc_ADC_EXCLUSIVE_AREA_45
                0x0040b75c                SchM_Enter_Adc_ADC_EXCLUSIVE_AREA_46
                0x0040b790                SchM_Exit_Adc_ADC_EXCLUSIVE_AREA_46
                0x0040b7c0                SchM_Enter_Adc_ADC_EXCLUSIVE_AREA_47
                0x0040b7f4                SchM_Exit_Adc_ADC_EXCLUSIVE_AREA_47
                0x0040b824                SchM_Enter_Adc_ADC_EXCLUSIVE_AREA_48
                0x0040b858                SchM_Exit_Adc_ADC_EXCLUSIVE_AREA_48
                0x0040b888                SchM_Enter_Adc_ADC_EXCLUSIVE_AREA_49
                0x0040b8bc                SchM_Exit_Adc_ADC_EXCLUSIVE_AREA_49
                0x0040b8ec                SchM_Enter_Adc_ADC_EXCLUSIVE_AREA_50
                0x0040b920                SchM_Exit_Adc_ADC_EXCLUSIVE_AREA_50
                0x0040b950                SchM_Enter_Adc_ADC_EXCLUSIVE_AREA_51
                0x0040b984                SchM_Exit_Adc_ADC_EXCLUSIVE_AREA_51
                0x0040b9b4                SchM_Enter_Adc_ADC_EXCLUSIVE_AREA_54
                0x0040b9e8                SchM_Exit_Adc_ADC_EXCLUSIVE_AREA_54
                0x0040ba18                SchM_Enter_Adc_ADC_EXCLUSIVE_AREA_55
                0x0040ba4c                SchM_Exit_Adc_ADC_EXCLUSIVE_AREA_55
                0x0040ba7c                SchM_Enter_Adc_ADC_EXCLUSIVE_AREA_56
                0x0040bab0                SchM_Exit_Adc_ADC_EXCLUSIVE_AREA_56
                0x0040bae0                SchM_Enter_Adc_ADC_EXCLUSIVE_AREA_57
                0x0040bb14                SchM_Exit_Adc_ADC_EXCLUSIVE_AREA_57
                0x0040bb44                SchM_Enter_Adc_ADC_EXCLUSIVE_AREA_58
                0x0040bb78                SchM_Exit_Adc_ADC_EXCLUSIVE_AREA_58
                0x0040bba8                SchM_Enter_Adc_ADC_EXCLUSIVE_AREA_59
                0x0040bbdc                SchM_Exit_Adc_ADC_EXCLUSIVE_AREA_59
                0x0040bc0c                SchM_Enter_Adc_ADC_EXCLUSIVE_AREA_60
                0x0040bc40                SchM_Exit_Adc_ADC_EXCLUSIVE_AREA_60
                0x0040bc70                SchM_Enter_Adc_ADC_EXCLUSIVE_AREA_61
                0x0040bca4                SchM_Exit_Adc_ADC_EXCLUSIVE_AREA_61
                0x0040bcd4                SchM_Enter_Adc_ADC_EXCLUSIVE_AREA_62
                0x0040bd08                SchM_Exit_Adc_ADC_EXCLUSIVE_AREA_62
                0x0040bd38                SchM_Enter_Adc_ADC_EXCLUSIVE_AREA_63
                0x0040bd6c                SchM_Exit_Adc_ADC_EXCLUSIVE_AREA_63
                0x0040bd9c                SchM_Enter_Adc_ADC_EXCLUSIVE_AREA_64
                0x0040bdd0                SchM_Exit_Adc_ADC_EXCLUSIVE_AREA_64
                0x0040be00                SchM_Enter_Adc_ADC_EXCLUSIVE_AREA_65
                0x0040be34                SchM_Exit_Adc_ADC_EXCLUSIVE_AREA_65
                0x0040be64                SchM_Enter_Adc_ADC_EXCLUSIVE_AREA_66
                0x0040be98                SchM_Exit_Adc_ADC_EXCLUSIVE_AREA_66
                0x0040bec8                SchM_Enter_Adc_ADC_EXCLUSIVE_AREA_67
                0x0040befc                SchM_Exit_Adc_ADC_EXCLUSIVE_AREA_67
                0x0040bf2c                SchM_Enter_Adc_ADC_EXCLUSIVE_AREA_68
                0x0040bf60                SchM_Exit_Adc_ADC_EXCLUSIVE_AREA_68
                0x0040bf90                SchM_Enter_Adc_ADC_EXCLUSIVE_AREA_69
                0x0040bfc4                SchM_Exit_Adc_ADC_EXCLUSIVE_AREA_69
                0x0040bff4                SchM_Enter_Adc_ADC_EXCLUSIVE_AREA_70
                0x0040c028                SchM_Exit_Adc_ADC_EXCLUSIVE_AREA_70
                0x0040c058                SchM_Enter_Adc_ADC_EXCLUSIVE_AREA_71
                0x0040c08c                SchM_Exit_Adc_ADC_EXCLUSIVE_AREA_71
                0x0040c0bc                SchM_Enter_Adc_ADC_EXCLUSIVE_AREA_72
                0x0040c0f0                SchM_Exit_Adc_ADC_EXCLUSIVE_AREA_72
                0x0040c120                SchM_Enter_Adc_ADC_EXCLUSIVE_AREA_73
                0x0040c154                SchM_Exit_Adc_ADC_EXCLUSIVE_AREA_73
                0x0040c184                SchM_Enter_Adc_ADC_EXCLUSIVE_AREA_74
                0x0040c1b8                SchM_Exit_Adc_ADC_EXCLUSIVE_AREA_74
                0x0040c1e8                SchM_Enter_Adc_ADC_EXCLUSIVE_AREA_75
                0x0040c21c                SchM_Exit_Adc_ADC_EXCLUSIVE_AREA_75
                0x0040c24c                SchM_Enter_Adc_ADC_EXCLUSIVE_AREA_76
                0x0040c280                SchM_Exit_Adc_ADC_EXCLUSIVE_AREA_76
                0x0040c2b0                SchM_Enter_Adc_ADC_EXCLUSIVE_AREA_77
                0x0040c2e4                SchM_Exit_Adc_ADC_EXCLUSIVE_AREA_77
                0x0040c314                SchM_Enter_Adc_ADC_EXCLUSIVE_AREA_78
                0x0040c348                SchM_Exit_Adc_ADC_EXCLUSIVE_AREA_78
                0x0040c378                SchM_Enter_Adc_ADC_EXCLUSIVE_AREA_79
                0x0040c3ac                SchM_Exit_Adc_ADC_EXCLUSIVE_AREA_79
                0x0040c3dc                SchM_Enter_Adc_ADC_EXCLUSIVE_AREA_80
                0x0040c410                SchM_Exit_Adc_ADC_EXCLUSIVE_AREA_80
                0x0040c440                SchM_Enter_Adc_ADC_EXCLUSIVE_AREA_81
                0x0040c474                SchM_Exit_Adc_ADC_EXCLUSIVE_AREA_81
                0x0040c4a4                SchM_Enter_Adc_ADC_EXCLUSIVE_AREA_82
                0x0040c4d8                SchM_Exit_Adc_ADC_EXCLUSIVE_AREA_82
                0x0040c508                SchM_Enter_Adc_ADC_EXCLUSIVE_AREA_83
                0x0040c53c                SchM_Exit_Adc_ADC_EXCLUSIVE_AREA_83
                0x0040c56c                SchM_Enter_Adc_ADC_EXCLUSIVE_AREA_84
                0x0040c5a0                SchM_Exit_Adc_ADC_EXCLUSIVE_AREA_84
                0x0040c5d0                SchM_Enter_Adc_ADC_EXCLUSIVE_AREA_85
                0x0040c604                SchM_Exit_Adc_ADC_EXCLUSIVE_AREA_85
                0x0040c634                SchM_Enter_Adc_ADC_EXCLUSIVE_AREA_86
                0x0040c668                SchM_Exit_Adc_ADC_EXCLUSIVE_AREA_86
                0x0040c698                SchM_Enter_Adc_ADC_EXCLUSIVE_AREA_87
                0x0040c6cc                SchM_Exit_Adc_ADC_EXCLUSIVE_AREA_87
                0x0040c6fc                SchM_Enter_Adc_ADC_EXCLUSIVE_AREA_88
                0x0040c730                SchM_Exit_Adc_ADC_EXCLUSIVE_AREA_88
                0x0040c760                SchM_Enter_Adc_ADC_EXCLUSIVE_AREA_89
                0x0040c794                SchM_Exit_Adc_ADC_EXCLUSIVE_AREA_89
                0x0040c7c4                SchM_Enter_Adc_ADC_EXCLUSIVE_AREA_90
                0x0040c7f8                SchM_Exit_Adc_ADC_EXCLUSIVE_AREA_90
                0x0040c828                SchM_Enter_Adc_ADC_EXCLUSIVE_AREA_91
                0x0040c85c                SchM_Exit_Adc_ADC_EXCLUSIVE_AREA_91
                0x0040c88c                SchM_Enter_Adc_ADC_EXCLUSIVE_AREA_92
                0x0040c8c0                SchM_Exit_Adc_ADC_EXCLUSIVE_AREA_92
                0x0040c8f0                SchM_Enter_Adc_ADC_EXCLUSIVE_AREA_93
                0x0040c924                SchM_Exit_Adc_ADC_EXCLUSIVE_AREA_93
                0x0040c954                SchM_Enter_Adc_ADC_EXCLUSIVE_AREA_94
                0x0040c988                SchM_Exit_Adc_ADC_EXCLUSIVE_AREA_94
                0x0040c9b8                SchM_Enter_Adc_ADC_EXCLUSIVE_AREA_95
                0x0040c9ec                SchM_Exit_Adc_ADC_EXCLUSIVE_AREA_95
                0x0040ca1c                SchM_Enter_Adc_ADC_EXCLUSIVE_AREA_96
                0x0040ca50                SchM_Exit_Adc_ADC_EXCLUSIVE_AREA_96
                0x0040ca80                SchM_Enter_Adc_ADC_EXCLUSIVE_AREA_97
                0x0040cab4                SchM_Exit_Adc_ADC_EXCLUSIVE_AREA_97
                0x0040cae4                SchM_Enter_Adc_ADC_EXCLUSIVE_AREA_98
                0x0040cb18                SchM_Exit_Adc_ADC_EXCLUSIVE_AREA_98
                0x0040cb48                SchM_Enter_Adc_ADC_EXCLUSIVE_AREA_99
                0x0040cb7c                SchM_Exit_Adc_ADC_EXCLUSIVE_AREA_99
 .mcal_text     0x0040cbac      0x12c ./RTD/src/SchM_Mcu.o
                0x0040cbac                SchM_Enter_Mcu_MCU_EXCLUSIVE_AREA_00
                0x0040cbe0                SchM_Exit_Mcu_MCU_EXCLUSIVE_AREA_00
                0x0040cc10                SchM_Enter_Mcu_MCU_EXCLUSIVE_AREA_01
                0x0040cc44                SchM_Exit_Mcu_MCU_EXCLUSIVE_AREA_01
                0x0040cc74                SchM_Enter_Mcu_MCU_EXCLUSIVE_AREA_02
                0x0040cca8                SchM_Exit_Mcu_MCU_EXCLUSIVE_AREA_02
 .mcal_text     0x0040ccd8      0xaf0 ./RTD/src/SchM_Port.o
                0x0040ccd8                SchM_Enter_Port_PORT_EXCLUSIVE_AREA_00
                0x0040cd0c                SchM_Exit_Port_PORT_EXCLUSIVE_AREA_00
                0x0040cd3c                SchM_Enter_Port_PORT_EXCLUSIVE_AREA_01
                0x0040cd70                SchM_Exit_Port_PORT_EXCLUSIVE_AREA_01
                0x0040cda0                SchM_Enter_Port_PORT_EXCLUSIVE_AREA_02
                0x0040cdd4                SchM_Exit_Port_PORT_EXCLUSIVE_AREA_02
                0x0040ce04                SchM_Enter_Port_PORT_EXCLUSIVE_AREA_03
                0x0040ce38                SchM_Exit_Port_PORT_EXCLUSIVE_AREA_03
                0x0040ce68                SchM_Enter_Port_PORT_EXCLUSIVE_AREA_04
                0x0040ce9c                SchM_Exit_Port_PORT_EXCLUSIVE_AREA_04
                0x0040cecc                SchM_Enter_Port_PORT_EXCLUSIVE_AREA_05
                0x0040cf00                SchM_Exit_Port_PORT_EXCLUSIVE_AREA_05
                0x0040cf30                SchM_Enter_Port_PORT_EXCLUSIVE_AREA_06
                0x0040cf64                SchM_Exit_Port_PORT_EXCLUSIVE_AREA_06
                0x0040cf94                SchM_Enter_Port_PORT_EXCLUSIVE_AREA_07
                0x0040cfc8                SchM_Exit_Port_PORT_EXCLUSIVE_AREA_07
                0x0040cff8                SchM_Enter_Port_PORT_EXCLUSIVE_AREA_08
                0x0040d02c                SchM_Exit_Port_PORT_EXCLUSIVE_AREA_08
                0x0040d05c                SchM_Enter_Port_PORT_EXCLUSIVE_AREA_09
                0x0040d090                SchM_Exit_Port_PORT_EXCLUSIVE_AREA_09
                0x0040d0c0                SchM_Enter_Port_PORT_EXCLUSIVE_AREA_10
                0x0040d0f4                SchM_Exit_Port_PORT_EXCLUSIVE_AREA_10
                0x0040d124                SchM_Enter_Port_PORT_EXCLUSIVE_AREA_11
                0x0040d158                SchM_Exit_Port_PORT_EXCLUSIVE_AREA_11
                0x0040d188                SchM_Enter_Port_PORT_EXCLUSIVE_AREA_12
                0x0040d1bc                SchM_Exit_Port_PORT_EXCLUSIVE_AREA_12
                0x0040d1ec                SchM_Enter_Port_PORT_EXCLUSIVE_AREA_13
                0x0040d220                SchM_Exit_Port_PORT_EXCLUSIVE_AREA_13
                0x0040d250                SchM_Enter_Port_PORT_EXCLUSIVE_AREA_14
                0x0040d284                SchM_Exit_Port_PORT_EXCLUSIVE_AREA_14
                0x0040d2b4                SchM_Enter_Port_PORT_EXCLUSIVE_AREA_15
                0x0040d2e8                SchM_Exit_Port_PORT_EXCLUSIVE_AREA_15
                0x0040d318                SchM_Enter_Port_PORT_EXCLUSIVE_AREA_16
                0x0040d34c                SchM_Exit_Port_PORT_EXCLUSIVE_AREA_16
                0x0040d37c                SchM_Enter_Port_PORT_EXCLUSIVE_AREA_17
                0x0040d3b0                SchM_Exit_Port_PORT_EXCLUSIVE_AREA_17
                0x0040d3e0                SchM_Enter_Port_PORT_EXCLUSIVE_AREA_18
                0x0040d414                SchM_Exit_Port_PORT_EXCLUSIVE_AREA_18
                0x0040d444                SchM_Enter_Port_PORT_EXCLUSIVE_AREA_19
                0x0040d478                SchM_Exit_Port_PORT_EXCLUSIVE_AREA_19
                0x0040d4a8                SchM_Enter_Port_PORT_EXCLUSIVE_AREA_20
                0x0040d4dc                SchM_Exit_Port_PORT_EXCLUSIVE_AREA_20
                0x0040d50c                SchM_Enter_Port_PORT_EXCLUSIVE_AREA_21
                0x0040d540                SchM_Exit_Port_PORT_EXCLUSIVE_AREA_21
                0x0040d570                SchM_Enter_Port_PORT_EXCLUSIVE_AREA_22
                0x0040d5a4                SchM_Exit_Port_PORT_EXCLUSIVE_AREA_22
                0x0040d5d4                SchM_Enter_Port_PORT_EXCLUSIVE_AREA_23
                0x0040d608                SchM_Exit_Port_PORT_EXCLUSIVE_AREA_23
                0x0040d638                SchM_Enter_Port_PORT_EXCLUSIVE_AREA_24
                0x0040d66c                SchM_Exit_Port_PORT_EXCLUSIVE_AREA_24
                0x0040d69c                SchM_Enter_Port_PORT_EXCLUSIVE_AREA_25
                0x0040d6d0                SchM_Exit_Port_PORT_EXCLUSIVE_AREA_25
                0x0040d700                SchM_Enter_Port_PORT_EXCLUSIVE_AREA_26
                0x0040d734                SchM_Exit_Port_PORT_EXCLUSIVE_AREA_26
                0x0040d764                SchM_Enter_Port_PORT_EXCLUSIVE_AREA_27
                0x0040d798                SchM_Exit_Port_PORT_EXCLUSIVE_AREA_27
 .mcal_text     0x0040d7c8     0x16a8 ./RTD/src/SchM_Pwm.o
                0x0040d7c8                SchM_Enter_Pwm_PWM_EXCLUSIVE_AREA_00
                0x0040d7fc                SchM_Exit_Pwm_PWM_EXCLUSIVE_AREA_00
                0x0040d82c                SchM_Enter_Pwm_PWM_EXCLUSIVE_AREA_01
                0x0040d860                SchM_Exit_Pwm_PWM_EXCLUSIVE_AREA_01
                0x0040d890                SchM_Enter_Pwm_PWM_EXCLUSIVE_AREA_03
                0x0040d8c4                SchM_Exit_Pwm_PWM_EXCLUSIVE_AREA_03
                0x0040d8f4                SchM_Enter_Pwm_PWM_EXCLUSIVE_AREA_04
                0x0040d928                SchM_Exit_Pwm_PWM_EXCLUSIVE_AREA_04
                0x0040d958                SchM_Enter_Pwm_PWM_EXCLUSIVE_AREA_05
                0x0040d98c                SchM_Exit_Pwm_PWM_EXCLUSIVE_AREA_05
                0x0040d9bc                SchM_Enter_Pwm_PWM_EXCLUSIVE_AREA_07
                0x0040d9f0                SchM_Exit_Pwm_PWM_EXCLUSIVE_AREA_07
                0x0040da20                SchM_Enter_Pwm_PWM_EXCLUSIVE_AREA_08
                0x0040da54                SchM_Exit_Pwm_PWM_EXCLUSIVE_AREA_08
                0x0040da84                SchM_Enter_Pwm_PWM_EXCLUSIVE_AREA_09
                0x0040dab8                SchM_Exit_Pwm_PWM_EXCLUSIVE_AREA_09
                0x0040dae8                SchM_Enter_Pwm_PWM_EXCLUSIVE_AREA_10
                0x0040db1c                SchM_Exit_Pwm_PWM_EXCLUSIVE_AREA_10
                0x0040db4c                SchM_Enter_Pwm_PWM_EXCLUSIVE_AREA_11
                0x0040db80                SchM_Exit_Pwm_PWM_EXCLUSIVE_AREA_11
                0x0040dbb0                SchM_Enter_Pwm_PWM_EXCLUSIVE_AREA_12
                0x0040dbe4                SchM_Exit_Pwm_PWM_EXCLUSIVE_AREA_12
                0x0040dc14                SchM_Enter_Pwm_PWM_EXCLUSIVE_AREA_13
                0x0040dc48                SchM_Exit_Pwm_PWM_EXCLUSIVE_AREA_13
                0x0040dc78                SchM_Enter_Pwm_PWM_EXCLUSIVE_AREA_14
                0x0040dcac                SchM_Exit_Pwm_PWM_EXCLUSIVE_AREA_14
                0x0040dcdc                SchM_Enter_Pwm_PWM_EXCLUSIVE_AREA_15
                0x0040dd10                SchM_Exit_Pwm_PWM_EXCLUSIVE_AREA_15
                0x0040dd40                SchM_Enter_Pwm_PWM_EXCLUSIVE_AREA_16
                0x0040dd74                SchM_Exit_Pwm_PWM_EXCLUSIVE_AREA_16
                0x0040dda4                SchM_Enter_Pwm_PWM_EXCLUSIVE_AREA_17
                0x0040ddd8                SchM_Exit_Pwm_PWM_EXCLUSIVE_AREA_17
                0x0040de08                SchM_Enter_Pwm_PWM_EXCLUSIVE_AREA_18
                0x0040de3c                SchM_Exit_Pwm_PWM_EXCLUSIVE_AREA_18
                0x0040de6c                SchM_Enter_Pwm_PWM_EXCLUSIVE_AREA_19
                0x0040dea0                SchM_Exit_Pwm_PWM_EXCLUSIVE_AREA_19
                0x0040ded0                SchM_Enter_Pwm_PWM_EXCLUSIVE_AREA_20
                0x0040df04                SchM_Exit_Pwm_PWM_EXCLUSIVE_AREA_20
                0x0040df34                SchM_Enter_Pwm_PWM_EXCLUSIVE_AREA_21
                0x0040df68                SchM_Exit_Pwm_PWM_EXCLUSIVE_AREA_21
                0x0040df98                SchM_Enter_Pwm_PWM_EXCLUSIVE_AREA_22
                0x0040dfcc                SchM_Exit_Pwm_PWM_EXCLUSIVE_AREA_22
                0x0040dffc                SchM_Enter_Pwm_PWM_EXCLUSIVE_AREA_23
                0x0040e030                SchM_Exit_Pwm_PWM_EXCLUSIVE_AREA_23
                0x0040e060                SchM_Enter_Pwm_PWM_EXCLUSIVE_AREA_24
                0x0040e094                SchM_Exit_Pwm_PWM_EXCLUSIVE_AREA_24
                0x0040e0c4                SchM_Enter_Pwm_PWM_EXCLUSIVE_AREA_25
                0x0040e0f8                SchM_Exit_Pwm_PWM_EXCLUSIVE_AREA_25
                0x0040e128                SchM_Enter_Pwm_PWM_EXCLUSIVE_AREA_26
                0x0040e15c                SchM_Exit_Pwm_PWM_EXCLUSIVE_AREA_26
                0x0040e18c                SchM_Enter_Pwm_PWM_EXCLUSIVE_AREA_27
                0x0040e1c0                SchM_Exit_Pwm_PWM_EXCLUSIVE_AREA_27
                0x0040e1f0                SchM_Enter_Pwm_PWM_EXCLUSIVE_AREA_28
                0x0040e224                SchM_Exit_Pwm_PWM_EXCLUSIVE_AREA_28
                0x0040e254                SchM_Enter_Pwm_PWM_EXCLUSIVE_AREA_31
                0x0040e288                SchM_Exit_Pwm_PWM_EXCLUSIVE_AREA_31
                0x0040e2b8                SchM_Enter_Pwm_PWM_EXCLUSIVE_AREA_32
                0x0040e2ec                SchM_Exit_Pwm_PWM_EXCLUSIVE_AREA_32
                0x0040e31c                SchM_Enter_Pwm_PWM_EXCLUSIVE_AREA_33
                0x0040e350                SchM_Exit_Pwm_PWM_EXCLUSIVE_AREA_33
                0x0040e380                SchM_Enter_Pwm_PWM_EXCLUSIVE_AREA_34
                0x0040e3b4                SchM_Exit_Pwm_PWM_EXCLUSIVE_AREA_34
                0x0040e3e4                SchM_Enter_Pwm_PWM_EXCLUSIVE_AREA_35
                0x0040e418                SchM_Exit_Pwm_PWM_EXCLUSIVE_AREA_35
                0x0040e448                SchM_Enter_Pwm_PWM_EXCLUSIVE_AREA_36
                0x0040e47c                SchM_Exit_Pwm_PWM_EXCLUSIVE_AREA_36
                0x0040e4ac                SchM_Enter_Pwm_PWM_EXCLUSIVE_AREA_37
                0x0040e4e0                SchM_Exit_Pwm_PWM_EXCLUSIVE_AREA_37
                0x0040e510                SchM_Enter_Pwm_PWM_EXCLUSIVE_AREA_38
                0x0040e544                SchM_Exit_Pwm_PWM_EXCLUSIVE_AREA_38
                0x0040e574                SchM_Enter_Pwm_PWM_EXCLUSIVE_AREA_39
                0x0040e5a8                SchM_Exit_Pwm_PWM_EXCLUSIVE_AREA_39
                0x0040e5d8                SchM_Enter_Pwm_PWM_EXCLUSIVE_AREA_40
                0x0040e60c                SchM_Exit_Pwm_PWM_EXCLUSIVE_AREA_40
                0x0040e63c                SchM_Enter_Pwm_PWM_EXCLUSIVE_AREA_41
                0x0040e670                SchM_Exit_Pwm_PWM_EXCLUSIVE_AREA_41
                0x0040e6a0                SchM_Enter_Pwm_PWM_EXCLUSIVE_AREA_42
                0x0040e6d4                SchM_Exit_Pwm_PWM_EXCLUSIVE_AREA_42
                0x0040e704                SchM_Enter_Pwm_PWM_EXCLUSIVE_AREA_43
                0x0040e738                SchM_Exit_Pwm_PWM_EXCLUSIVE_AREA_43
                0x0040e768                SchM_Enter_Pwm_PWM_EXCLUSIVE_AREA_44
                0x0040e79c                SchM_Exit_Pwm_PWM_EXCLUSIVE_AREA_44
                0x0040e7cc                SchM_Enter_Pwm_PWM_EXCLUSIVE_AREA_45
                0x0040e800                SchM_Exit_Pwm_PWM_EXCLUSIVE_AREA_45
                0x0040e830                SchM_Enter_Pwm_PWM_EXCLUSIVE_AREA_50
                0x0040e864                SchM_Exit_Pwm_PWM_EXCLUSIVE_AREA_50
                0x0040e894                SchM_Enter_Pwm_PWM_EXCLUSIVE_AREA_51
                0x0040e8c8                SchM_Exit_Pwm_PWM_EXCLUSIVE_AREA_51
                0x0040e8f8                SchM_Enter_Pwm_PWM_EXCLUSIVE_AREA_52
                0x0040e92c                SchM_Exit_Pwm_PWM_EXCLUSIVE_AREA_52
                0x0040e95c                SchM_Enter_Pwm_PWM_EXCLUSIVE_AREA_53
                0x0040e990                SchM_Exit_Pwm_PWM_EXCLUSIVE_AREA_53
                0x0040e9c0                SchM_Enter_Pwm_PWM_EXCLUSIVE_AREA_54
                0x0040e9f4                SchM_Exit_Pwm_PWM_EXCLUSIVE_AREA_54
                0x0040ea24                SchM_Enter_Pwm_PWM_EXCLUSIVE_AREA_55
                0x0040ea58                SchM_Exit_Pwm_PWM_EXCLUSIVE_AREA_55
                0x0040ea88                SchM_Enter_Pwm_PWM_EXCLUSIVE_AREA_56
                0x0040eabc                SchM_Exit_Pwm_PWM_EXCLUSIVE_AREA_56
                0x0040eaec                SchM_Enter_Pwm_PWM_EXCLUSIVE_AREA_57
                0x0040eb20                SchM_Exit_Pwm_PWM_EXCLUSIVE_AREA_57
                0x0040eb50                SchM_Enter_Pwm_PWM_EXCLUSIVE_AREA_58
                0x0040eb84                SchM_Exit_Pwm_PWM_EXCLUSIVE_AREA_58
                0x0040ebb4                SchM_Enter_Pwm_PWM_EXCLUSIVE_AREA_59
                0x0040ebe8                SchM_Exit_Pwm_PWM_EXCLUSIVE_AREA_59
                0x0040ec18                SchM_Enter_Pwm_PWM_EXCLUSIVE_AREA_60
                0x0040ec4c                SchM_Exit_Pwm_PWM_EXCLUSIVE_AREA_60
                0x0040ec7c                SchM_Enter_Pwm_PWM_EXCLUSIVE_AREA_61
                0x0040ecb0                SchM_Exit_Pwm_PWM_EXCLUSIVE_AREA_61
                0x0040ece0                SchM_Enter_Pwm_PWM_EXCLUSIVE_AREA_62
                0x0040ed14                SchM_Exit_Pwm_PWM_EXCLUSIVE_AREA_62
                0x0040ed44                SchM_Enter_Pwm_PWM_EXCLUSIVE_AREA_63
                0x0040ed78                SchM_Exit_Pwm_PWM_EXCLUSIVE_AREA_63
                0x0040eda8                SchM_Enter_Pwm_PWM_EXCLUSIVE_AREA_64
                0x0040eddc                SchM_Exit_Pwm_PWM_EXCLUSIVE_AREA_64
                0x0040ee0c                SchM_Enter_Pwm_PWM_EXCLUSIVE_AREA_65
                0x0040ee40                SchM_Exit_Pwm_PWM_EXCLUSIVE_AREA_65
 .mcal_text     0x0040ee70      0x458 ./RTD/src/Siul2_Port_Ip.o
                0x0040efc4                Siul2_Port_Ip_Init
                0x0040eff4                Siul2_Port_Ip_SetPullSel
                0x0040f050                Siul2_Port_Ip_SetOutputBuffer
                0x0040f0b6                Siul2_Port_Ip_SetInputBuffer
                0x0040f128                Siul2_Port_Ip_SetPinDirection
                0x0040f1a0                Siul2_Port_Ip_RevertPinConfiguration
                0x0040f200                Siul2_Port_Ip_GetPinConfiguration
                0x0040f2c8                . = ALIGN (0x4)
 *(.acmcu_code_rom)
                0x0040f2c8                . = ALIGN (0x4)
                0x0040f2c8                __acfls_code_rom_start = .
 *(.acfls_code_rom)
 .acfls_code_rom
                0x0040f2c8       0x58 ./RTD/src/Clock_Ip_Specific.o
                0x0040f2c8                Clock_Ip_PRAMCSetRamIWS
 .acfls_code_rom.__stub
                0x0040f320        0x8 linker stubs
                0x0040f328                . = ALIGN (0x4)
                0x0040f328                __acfls_code_rom_end = .
                0x0040f328                __acmem_43_infls_code_rom_start = .
 *(.acmem_43_infls_code_rom)
                0x0040f328                . = ALIGN (0x4)
                0x0040f328                __acmem_43_infls_code_rom_end = .
 *(.init)
                0x0040f328                . = ALIGN (0x4)
 *(.fini)
                0x0040f328                . = ALIGN (0x4)
 *(.rodata)
 .rodata        0x0040f328       0x2e ./RTD/src/Adc_Sar_Ip.o
 .rodata        0x0040f356        0x3 ./RTD/src/Clock_Ip_IntOsc.o
 *fill*         0x0040f359        0x3 
 .rodata        0x0040f35c        0x4 ./RTD/src/Siul2_Port_Ip.o
                0x0040f35c                Port_au32Siul2BaseAddr
 .rodata        0x0040f360       0x10 ./board/dcf_config.o
                0x0040f360                dcf_commands
 .rodata        0x0040f370      0x100 ./board/ivt_config.o
                0x0040f370                ivt_binary
 *(.rodata*)
                0x0040f470                . = ALIGN (0x4)
 *(.mcal_const_cfg)
 .mcal_const_cfg
                0x0040f470      0x3c0 ./board/Siul2_Port_Ip_Cfg.o
                0x0040f470                g_pin_mux_InitConfigArr_PortContainer_0_VS_0
 .mcal_const_cfg
                0x0040f830       0x90 ./generate/src/Adc_Sar_Ip_VS_0_PBcfg.o
                0x0040f830                AdcHwUnit_0_VS_0
 .mcal_const_cfg
                0x0040f8c0      0x800 ./generate/src/Clock_Ip_Cfg.o
                0x0040f8c0                Clock_Ip_aClockConfig
 .mcal_const_cfg
                0x004100c0      0x110 ./generate/src/FlexPwm_Ip_VS_0_PBcfg.o
                0x004100c0                FlexPwm_Ip_VS_0_InstanceCfg_I0
                0x00410128                FlexPwm_Ip_VS_0_ChannelCfg_I0_S2_PWMA
                0x00410194                FlexPwm_Ip_VS_0_ChannelCfg_I0_S0_PWMA
                0x004101d0                . = ALIGN (0x4)
 *(.mcal_const)
 .mcal_const    0x004101d0       0x94 ./RTD/src/Adc_Sar_Ip.o
 .mcal_const    0x00410264     0x1352 ./RTD/src/Clock_Ip_Data.o
                0x00410264                Clock_Ip_axGateInfo
                0x0041092c                Clock_Ip_axFeatureExtensions
                0x00410b6c                Clock_Ip_aeHwDfsName
                0x00410b70                Clock_Ip_aeHwPllName
                0x00410b74                Clock_Ip_aeSourceTypeClockName
                0x00410bd4                Clock_Ip_apxMcMeTriggerPartitions
                0x00410be4                Clock_Ip_apxMcMeGetPartitions
                0x00410bf4                Clock_Ip_apxMcMeSetPartitions
                0x00410c04                Clock_Ip_axCmuInfo
                0x00410c74                Clock_Ip_aeCmuNames
                0x00410c90                Clock_Ip_apxCmu
                0x00410cac                Clock_Ip_apxPll
                0x00410cbc                Clock_Ip_apxXosc
                0x00410cc4                Clock_Ip_apxCgmPcfs
                0x00410cc8                Clock_Ip_apxCgm
                0x00410d18                Clock_Ip_au16SelectorEntryRtcHardwareValue
                0x00410d48                Clock_Ip_au16SelectorEntryHardwareValue
                0x00410d78                Clock_Ip_au8SoftwareMuxResetValue
                0x00410e41                Clock_Ip_au8ClockFeatures
                0x00411552                Clock_Ip_au8CmuCallbackIndex
                0x0041155c                Clock_Ip_au8PcfsCallbackIndex
                0x00411566                Clock_Ip_au8SelectorCallbackIndex
                0x00411570                Clock_Ip_au8PllCallbackIndex
                0x0041157a                Clock_Ip_au8FractionalDividerCallbackIndex
                0x00411584                Clock_Ip_au8GateCallbackIndex
                0x0041158e                Clock_Ip_au8IrcoscCallbackIndex
                0x00411598                Clock_Ip_au8XoscCallbackIndex
                0x004115a2                Clock_Ip_au8DividerTriggerCallbackIndex
                0x004115ac                Clock_Ip_au8DividerCallbackIndex
 *fill*         0x004115b6        0x2 
 .mcal_const    0x004115b8       0x14 ./RTD/src/Clock_Ip_Divider.o
                0x004115b8                Clock_Ip_axDividerCallbacks
 .mcal_const    0x004115cc       0x10 ./RTD/src/Clock_Ip_DividerTrigger.o
                0x004115cc                Clock_Ip_axDividerTriggerCallbacks
 .mcal_const    0x004115dc       0x20 ./RTD/src/Clock_Ip_ExtOsc.o
                0x004115dc                Clock_Ip_axExtOscCallbacks
 .mcal_const    0x004115fc        0xc ./RTD/src/Clock_Ip_FracDiv.o
                0x004115fc                Clock_Ip_axFracDivCallbacks
 .mcal_const    0x00411608      0x3e4 ./RTD/src/Clock_Ip_Frequency.o
 .mcal_const    0x004119ec       0x10 ./RTD/src/Clock_Ip_Gate.o
                0x004119ec                Clock_Ip_axGateCallbacks
 .mcal_const    0x004119fc       0x30 ./RTD/src/Clock_Ip_IntOsc.o
                0x004119fc                Clock_Ip_axIntOscCallbacks
 .mcal_const    0x00411a2c       0x20 ./RTD/src/Clock_Ip_Monitor.o
                0x00411a2c                Clock_Ip_axCmuCallbacks
 .mcal_const    0x00411a4c       0x28 ./RTD/src/Clock_Ip_Pll.o
                0x00411a4c                Clock_Ip_axPllCallbacks
 .mcal_const    0x00411a74        0x8 ./RTD/src/Clock_Ip_ProgFreqSwitch.o
                0x00411a74                Clock_Ip_axPcfsCallbacks
 .mcal_const    0x00411a7c       0x28 ./RTD/src/Clock_Ip_Selector.o
                0x00411a7c                Clock_Ip_axSelectorCallbacks
 .mcal_const    0x00411aa4        0x8 ./RTD/src/FlexPwm_Ip.o
                0x00411aa4                FlexPwm_Ip_aBasePtr
                0x00411aac                . = ALIGN (0x4)
                0x00411aac                __init_table = .
 *(.init_table)
 .init_table    0x00411aac       0x4c ./Project_Settings/Startup_Code/startup_cm7.o
                0x00411af8                . = ALIGN (0x4)
                0x00411af8                __zero_table = .
 *(.zero_table)
 .zero_table    0x00411af8       0x1c ./Project_Settings/Startup_Code/startup_cm7.o

.ARM.extab      0x00411b14        0x0
 .ARM.extab     0x00411b14        0x0 c:/nxp/s32ds.3.5/s32ds/build_tools/gcc_v10.2/gcc-10.2-arm32-eabi/bin/../lib/gcc/arm-none-eabi/10.2.0/thumb/v7e-m+fp/hard\libgcc.a(_udivmoddi4.o)

.ARM.exidx      0x00411b14        0x8
 .ARM.exidx     0x00411b14        0x8 c:/nxp/s32ds.3.5/s32ds/build_tools/gcc_v10.2/gcc-10.2-arm32-eabi/bin/../lib/gcc/arm-none-eabi/10.2.0/thumb/v7e-m+fp/hard\libgcc.a(_udivmoddi4.o)

.glue_7         0x00411b1c        0x0
 .glue_7        0x00411b1c        0x0 linker stubs

.glue_7t        0x00411b1c        0x0
 .glue_7t       0x00411b1c        0x0 linker stubs

.vfp11_veneer   0x00411b1c        0x0
 .vfp11_veneer  0x00411b1c        0x0 linker stubs

.v4_bx          0x00411b1c        0x0
 .v4_bx         0x00411b1c        0x0 linker stubs

.iplt           0x00411b1c        0x0
 .iplt          0x00411b1c        0x0 ./Project_Settings/Startup_Code/Vector_Table.o

.rel.dyn        0x00411b1c        0x0
 .rel.iplt      0x00411b1c        0x0 ./Project_Settings/Startup_Code/Vector_Table.o
                0x00411b1c                . = ALIGN (0x4)
                0x00411b1c                __text_end = .
                0x00411b1c                __sram_data_rom = __text_end

.sram_bss       0x20400000      0x3cc
                0x20400000                . = ALIGN (0x8)
                0x20400000                __standby_ram_begin__ = .
 *(.standby_data)
                0x20400000                . = ALIGN (0x8)
                0x20400000                __standby_ram_end__ = .
                0x20400000                . = ALIGN (0x10)
                0x20400000                __sram_bss_start = .
 *(.bss)
 .bss           0x20400000        0x0 ./Project_Settings/Startup_Code/Vector_Table.o
 .bss           0x20400000        0x0 ./Project_Settings/Startup_Code/exceptions.o
 .bss           0x20400000        0x0 ./Project_Settings/Startup_Code/nvic.o
 .bss           0x20400000        0x0 ./Project_Settings/Startup_Code/startup.o
 .bss           0x20400000        0x0 ./Project_Settings/Startup_Code/startup_cm7.o
 .bss           0x20400000       0x80 ./Project_Settings/Startup_Code/system.o
                0x20400000                rbar
                0x20400040                rasr
 .bss           0x20400080        0x4 ./RTD/src/Adc_Sar_Ip.o
 .bss           0x20400084        0x0 ./RTD/src/Adc_Sar_Ip_Irq.o
 .bss           0x20400084        0x0 ./RTD/src/Clock_Ip.o
 .bss           0x20400084        0x0 ./RTD/src/Clock_Ip_Data.o
 .bss           0x20400084        0x0 ./RTD/src/Clock_Ip_Divider.o
 .bss           0x20400084        0x0 ./RTD/src/Clock_Ip_DividerTrigger.o
 .bss           0x20400084        0x0 ./RTD/src/Clock_Ip_ExtOsc.o
 .bss           0x20400084        0x0 ./RTD/src/Clock_Ip_FracDiv.o
 .bss           0x20400084        0x0 ./RTD/src/Clock_Ip_Frequency.o
 .bss           0x20400084        0x0 ./RTD/src/Clock_Ip_Gate.o
 .bss           0x20400084        0x0 ./RTD/src/Clock_Ip_IntOsc.o
 .bss           0x20400084        0x0 ./RTD/src/Clock_Ip_Irq.o
 .bss           0x20400084        0x0 ./RTD/src/Clock_Ip_Monitor.o
 .bss           0x20400084        0x0 ./RTD/src/Clock_Ip_Pll.o
 .bss           0x20400084        0x0 ./RTD/src/Clock_Ip_ProgFreqSwitch.o
 .bss           0x20400084        0x0 ./RTD/src/Clock_Ip_Selector.o
 .bss           0x20400084        0x0 ./RTD/src/Clock_Ip_Specific.o
 .bss           0x20400084        0x0 ./RTD/src/Det.o
 .bss           0x20400084        0x0 ./RTD/src/Det_stub.o
 .bss           0x20400084        0x0 ./RTD/src/FlexPwm_Ip.o
 .bss           0x20400084        0x0 ./RTD/src/FlexPwm_Ip_Irq.o
 .bss           0x20400084        0x0 ./RTD/src/IntCtrl_Ip.o
 .bss           0x20400084        0x0 ./RTD/src/OsIf_Interrupts.o
 .bss           0x20400084        0x0 ./RTD/src/OsIf_Timer.o
 .bss           0x20400084        0x0 ./RTD/src/OsIf_Timer_System.o
 .bss           0x20400084        0x0 ./RTD/src/OsIf_Timer_System_Internal_Systick.o
 .bss           0x20400084        0x0 ./RTD/src/Osif_Software_Semaphore.o
 .bss           0x20400084        0x0 ./RTD/src/SchM_Adc.o
 .bss           0x20400084        0x0 ./RTD/src/SchM_Mcu.o
 .bss           0x20400084        0x0 ./RTD/src/SchM_Port.o
 .bss           0x20400084        0x0 ./RTD/src/SchM_Pwm.o
 .bss           0x20400084        0x0 ./RTD/src/Siul2_Port_Ip.o
 .bss           0x20400084        0x0 ./RTD/src/Tspc_Port_Ip.o
 .bss           0x20400084        0x0 ./board/Siul2_Port_Ip_Cfg.o
 .bss           0x20400084        0x0 ./board/Tspc_Port_Ip_Cfg.o
 .bss           0x20400084        0x0 ./board/dcf_config.o
 .bss           0x20400084        0x0 ./board/ivt_config.o
 .bss           0x20400084        0x0 ./generate/src/Adc_Sar_Ip_VS_0_PBcfg.o
 .bss           0x20400084        0x0 ./generate/src/Clock_Ip_Cfg.o
 .bss           0x20400084        0x0 ./generate/src/FlexPwm_Ip_VS_0_PBcfg.o
 .bss           0x20400084        0x0 ./generate/src/IntCtrl_Ip_Cfg.o
 .bss           0x20400084        0x0 ./generate/src/OsIf_Cfg.o
 .bss           0x20400084        0xd ./src/main.o
                0x20400088                notif_triggered
                0x2040008a                data
                0x2040008c                voltage
 .bss           0x20400091        0x0 c:/nxp/s32ds.3.5/s32ds/build_tools/gcc_v10.2/gcc-10.2-arm32-eabi/bin/../lib/gcc/arm-none-eabi/10.2.0/../../../../arm-none-eabi/lib/thumb/v7e-m+fp/hard\libc_nano.a(lib_a-memmove.o)
 .bss           0x20400091        0x0 c:/nxp/s32ds.3.5/s32ds/build_tools/gcc_v10.2/gcc-10.2-arm32-eabi/bin/../lib/gcc/arm-none-eabi/10.2.0/../../../../arm-none-eabi/lib/thumb/v7e-m+fp/hard\libc_nano.a(lib_a-memset.o)
 .bss           0x20400091        0x0 c:/nxp/s32ds.3.5/s32ds/build_tools/gcc_v10.2/gcc-10.2-arm32-eabi/bin/../lib/gcc/arm-none-eabi/10.2.0/thumb/v7e-m+fp/hard\libgcc.a(_aeabi_ldivmod.o)
 .bss           0x20400091        0x0 c:/nxp/s32ds.3.5/s32ds/build_tools/gcc_v10.2/gcc-10.2-arm32-eabi/bin/../lib/gcc/arm-none-eabi/10.2.0/thumb/v7e-m+fp/hard\libgcc.a(_aeabi_uldivmod.o)
 .bss           0x20400091        0x0 c:/nxp/s32ds.3.5/s32ds/build_tools/gcc_v10.2/gcc-10.2-arm32-eabi/bin/../lib/gcc/arm-none-eabi/10.2.0/thumb/v7e-m+fp/hard\libgcc.a(_udivmoddi4.o)
 .bss           0x20400091        0x0 c:/nxp/s32ds.3.5/s32ds/build_tools/gcc_v10.2/gcc-10.2-arm32-eabi/bin/../lib/gcc/arm-none-eabi/10.2.0/thumb/v7e-m+fp/hard\libgcc.a(_dvmd_tls.o)
 *(.bss*)
                0x204000a0                . = ALIGN (0x10)
 *fill*         0x20400091        0xf 
 *(.mcal_bss)
 .mcal_bss      0x204000a0        0x4 ./Project_Settings/Startup_Code/system.o
                0x204000a0                RESET_CATCH_CORE
 .mcal_bss      0x204000a4       0xd5 ./RTD/src/Clock_Ip.o
                0x204000a8                Clock_Ip_FreqIds
                0x20400174                Clock_Ip_pxConfig
 *fill*         0x20400179        0x3 
 .mcal_bss      0x2040017c       0x10 ./RTD/src/Clock_Ip_Monitor.o
 .mcal_bss      0x2040018c        0x4 ./RTD/src/Clock_Ip_ProgFreqSwitch.o
 .mcal_bss      0x20400190        0xc ./RTD/src/Clock_Ip_Specific.o
 .mcal_bss      0x2040019c      0x228 ./RTD/src/FlexPwm_Ip.o
                0x2040019c                FlexPwm_Ip_aIrqCallback
                0x2040026c                FlexPwm_Ip_aSubModuleSate
                0x2040029c                FlexPwm_Ip_aInstanceSate
                0x204002d4                FlexPwm_Ip_aFaultIrqCallback
                0x20400354                FlexPwm_Ip_aDutyCycle
                0x204003b4                FlexPwm_Ip_aPeriod
 .mcal_bss      0x204003c4        0x8 ./RTD/src/Siul2_Port_Ip.o
                0x204003cc                . = ALIGN (0x4)
                0x204003cc                __sram_bss_end = .

.sram_data      0x204003d0      0x11c load address 0x00411b1c
                0x204003d0                . = ALIGN (0x4)
                0x204003d0                __sram_data_begin__ = .
                0x204003d0                . = ALIGN (0x4)
 *(.ramcode)
 .ramcode       0x204003d0       0xa4 ./RTD/src/Clock_Ip_Specific.o
                0x20400474                . = ALIGN (0x4)
 *(.data)
 .data          0x20400474        0x0 ./Project_Settings/Startup_Code/Vector_Table.o
 .data          0x20400474        0x0 ./Project_Settings/Startup_Code/exceptions.o
 .data          0x20400474        0x0 ./Project_Settings/Startup_Code/nvic.o
 .data          0x20400474        0x0 ./Project_Settings/Startup_Code/startup.o
 .data          0x20400474        0x0 ./Project_Settings/Startup_Code/startup_cm7.o
 .data          0x20400474        0x0 ./Project_Settings/Startup_Code/system.o
 .data          0x20400474        0x0 ./RTD/src/Adc_Sar_Ip.o
 .data          0x20400474        0x0 ./RTD/src/Adc_Sar_Ip_Irq.o
 .data          0x20400474        0x4 ./RTD/src/Clock_Ip.o
 .data          0x20400478        0x0 ./RTD/src/Clock_Ip_Data.o
 .data          0x20400478        0x0 ./RTD/src/Clock_Ip_Divider.o
 .data          0x20400478        0x0 ./RTD/src/Clock_Ip_DividerTrigger.o
 .data          0x20400478        0x0 ./RTD/src/Clock_Ip_ExtOsc.o
 .data          0x20400478        0x0 ./RTD/src/Clock_Ip_FracDiv.o
 .data          0x20400478        0x0 ./RTD/src/Clock_Ip_Frequency.o
 .data          0x20400478        0x0 ./RTD/src/Clock_Ip_Gate.o
 .data          0x20400478        0x0 ./RTD/src/Clock_Ip_IntOsc.o
 .data          0x20400478        0x0 ./RTD/src/Clock_Ip_Irq.o
 .data          0x20400478        0x0 ./RTD/src/Clock_Ip_Monitor.o
 .data          0x20400478        0x0 ./RTD/src/Clock_Ip_Pll.o
 .data          0x20400478        0x0 ./RTD/src/Clock_Ip_ProgFreqSwitch.o
 .data          0x20400478        0x0 ./RTD/src/Clock_Ip_Selector.o
 .data          0x20400478        0x0 ./RTD/src/Clock_Ip_Specific.o
 .data          0x20400478        0x0 ./RTD/src/Det.o
 .data          0x20400478        0x0 ./RTD/src/Det_stub.o
 .data          0x20400478        0x0 ./RTD/src/FlexPwm_Ip.o
 .data          0x20400478        0x0 ./RTD/src/FlexPwm_Ip_Irq.o
 .data          0x20400478        0x0 ./RTD/src/IntCtrl_Ip.o
 .data          0x20400478        0x0 ./RTD/src/OsIf_Interrupts.o
 .data          0x20400478        0x0 ./RTD/src/OsIf_Timer.o
 .data          0x20400478        0x0 ./RTD/src/OsIf_Timer_System.o
 .data          0x20400478        0x0 ./RTD/src/OsIf_Timer_System_Internal_Systick.o
 .data          0x20400478        0x0 ./RTD/src/Osif_Software_Semaphore.o
 .data          0x20400478        0x0 ./RTD/src/SchM_Adc.o
 .data          0x20400478        0x0 ./RTD/src/SchM_Mcu.o
 .data          0x20400478        0x0 ./RTD/src/SchM_Port.o
 .data          0x20400478        0x0 ./RTD/src/SchM_Pwm.o
 .data          0x20400478        0x0 ./RTD/src/Siul2_Port_Ip.o
 .data          0x20400478        0x0 ./RTD/src/Tspc_Port_Ip.o
 .data          0x20400478        0x0 ./board/Siul2_Port_Ip_Cfg.o
 .data          0x20400478        0x0 ./board/Tspc_Port_Ip_Cfg.o
 .data          0x20400478        0x0 ./board/dcf_config.o
 .data          0x20400478        0x0 ./board/ivt_config.o
 .data          0x20400478        0x0 ./generate/src/Adc_Sar_Ip_VS_0_PBcfg.o
 .data          0x20400478        0x0 ./generate/src/Clock_Ip_Cfg.o
 .data          0x20400478        0x0 ./generate/src/FlexPwm_Ip_VS_0_PBcfg.o
 .data          0x20400478        0x0 ./generate/src/IntCtrl_Ip_Cfg.o
 .data          0x20400478        0x0 ./generate/src/OsIf_Cfg.o
 .data          0x20400478        0x0 ./src/main.o
 .data          0x20400478        0x0 c:/nxp/s32ds.3.5/s32ds/build_tools/gcc_v10.2/gcc-10.2-arm32-eabi/bin/../lib/gcc/arm-none-eabi/10.2.0/../../../../arm-none-eabi/lib/thumb/v7e-m+fp/hard\libc_nano.a(lib_a-memmove.o)
 .data          0x20400478        0x0 c:/nxp/s32ds.3.5/s32ds/build_tools/gcc_v10.2/gcc-10.2-arm32-eabi/bin/../lib/gcc/arm-none-eabi/10.2.0/../../../../arm-none-eabi/lib/thumb/v7e-m+fp/hard\libc_nano.a(lib_a-memset.o)
 .data          0x20400478        0x0 c:/nxp/s32ds.3.5/s32ds/build_tools/gcc_v10.2/gcc-10.2-arm32-eabi/bin/../lib/gcc/arm-none-eabi/10.2.0/thumb/v7e-m+fp/hard\libgcc.a(_aeabi_ldivmod.o)
 .data          0x20400478        0x0 c:/nxp/s32ds.3.5/s32ds/build_tools/gcc_v10.2/gcc-10.2-arm32-eabi/bin/../lib/gcc/arm-none-eabi/10.2.0/thumb/v7e-m+fp/hard\libgcc.a(_aeabi_uldivmod.o)
 .data          0x20400478        0x0 c:/nxp/s32ds.3.5/s32ds/build_tools/gcc_v10.2/gcc-10.2-arm32-eabi/bin/../lib/gcc/arm-none-eabi/10.2.0/thumb/v7e-m+fp/hard\libgcc.a(_udivmoddi4.o)
 .data          0x20400478        0x0 c:/nxp/s32ds.3.5/s32ds/build_tools/gcc_v10.2/gcc-10.2-arm32-eabi/bin/../lib/gcc/arm-none-eabi/10.2.0/thumb/v7e-m+fp/hard\libgcc.a(_dvmd_tls.o)
 *(.data*)
                0x20400478                . = ALIGN (0x4)
 *(.mcal_data)
 .mcal_data     0x20400478       0x74 ./RTD/src/Clock_Ip_Frequency.o
                0x204004ec                . = ALIGN (0x4)
                0x204004ec                __sram_data_end__ = .
                0x00411c38                __sram_data_rom_end = (__sram_data_rom + (__sram_data_end__ - __sram_data_begin__))

.heap           0x204004ec     0x2000 load address 0x00411c38
                0x00000000                . = (. + ALIGN (0x4))
                0x204004ec                _end = .
                0x204004ec                end = .
                0x204004ec                _heap_start = .
                0x00002000                . = (. + HEAP_SIZE)
 *fill*         0x204004ec     0x2000 
                0x204024ec                _heap_end = .

.acfls_code_ram
                0x2045ff00        0x0
                0x2045ff00                __acfls_code_ram_start = .
 *(.acfls_code_ram)
                0x2045ff00                __acfls_code_ram_end = .
                0x2045ff00                __acmem_43_infls_code_ram_start = .
 *(.acmem_43_infls_code_ram)
                0x2045ff00                __acmem_43_infls_code_ram_end = .
                0x00411c38                __non_cacheable_data_rom = __sram_data_rom_end

.non_cacheable_data
                0x20460000        0x4 load address 0x00411c38
                0x20460000                . = ALIGN (0x4)
                0x20460000                __non_cacheable_data_start__ = .
 *(.mcal_data_no_cacheable)
                0x20460000                . = ALIGN (0x4)
 *(.mcal_const_no_cacheable)
                0x20460000                . = ALIGN (0x4)
                0x20460000                HSE_LOOP_ADDR = .
                0x20460000        0x4 LONG 0x0
                0x20460004                __non_cacheable_data_end__ = .
                0x00411c3c                __non_cacheable_data_rom_end = (__non_cacheable_data_rom + (__non_cacheable_data_end__ - __non_cacheable_data_start__))

.igot.plt       0x20460004        0x0 load address 0x00411c3c
 .igot.plt      0x20460004        0x0 ./Project_Settings/Startup_Code/Vector_Table.o

.non_cacheable_bss
                0x20460004     0x285c load address 0x00411c3c
                0x20460010                . = ALIGN (0x10)
 *fill*         0x20460004        0xc 
                0x20460010                __non_cacheable_bss_start = .
 *(.mcal_bss_no_cacheable)
 .mcal_bss_no_cacheable
                0x20460010      0xb7c ./RTD/src/Adc_Sar_Ip.o
 .mcal_bss_no_cacheable
                0x20460b8c      0x574 ./RTD/src/Det.o
                0x20460b8c                Det_NextIdxList
                0x20460bdc                Det_RuntimeErrorId
                0x20460c04                Det_aErrorState
                0x20460c94                Det_Runtime_NextIdxList
                0x20460ce4                Det_aRuntimeErrorState
                0x20460d74                Det_ModuleId
                0x20460dc4                Det_numTransientEventErrors
                0x20460dd4                Det_TransientInstanceId
                0x20460dfc                Det_RuntimeModuleId
                0x20460e4c                Det_TransientFaultId
                0x20460e74                Det_OverflowErrorFlag
                0x20460e78                Det_Transient_Head
                0x20460e80                Det_RuntimeInstanceId
                0x20460ea8                Det_ModuleState
                0x20460eb8                Det_OverflowRuntimeErrorFlag
                0x20460ebc                Det_RuntimeApiId
                0x20460ee4                Det_OverflowTransientErrorFlag
                0x20460ee8                Det_Head
                0x20460ef0                Det_numEventErrors
                0x20460f00                Det_Runtime_Head
                0x20460f08                Det_Tail
                0x20460f10                Det_InstanceId
                0x20460f38                Det_numRuntimeEventErrors
                0x20460f48                Det_Runtime_Tail
                0x20460f50                Det_TransientApiId
                0x20460f78                Det_ApiId
                0x20460fa0                Det_Transient_NextIdxList
                0x20460ff0                Det_aTransientErrorState
                0x20461080                Det_Transient_Tail
                0x20461088                Det_ErrorId
                0x204610b0                Det_TransientModuleId
 .mcal_bss_no_cacheable
                0x20461100      0xc40 ./RTD/src/SchM_Adc.o
 .mcal_bss_no_cacheable
                0x20461d40       0x60 ./RTD/src/SchM_Mcu.o
 .mcal_bss_no_cacheable
                0x20461da0      0x380 ./RTD/src/SchM_Port.o
 .mcal_bss_no_cacheable
                0x20462120      0x740 ./RTD/src/SchM_Pwm.o
                0x20462860                . = ALIGN (0x4)
                0x20462860                __non_cacheable_bss_end = .

.int_results    0x2046ff00      0x100
                0x2046ff00                . = ALIGN (0x4)
 *(.int_results)
                0x20470000                . = (. + 0x100)
 *fill*         0x2046ff00      0x100 
                0x00411c3c                __shareable_data_rom = __non_cacheable_data_rom_end

.shareable_data
                0x20470000        0x0 load address 0x00411c3c
                0x20470000                . = ALIGN (0x4)
                0x20470000                __shareable_data_start__ = .
 *(.mcal_shared_data)
                0x20470000                . = ALIGN (0x4)
                0x20470000                __shareable_data_end__ = .
                0x00411c3c                __shareable_data_rom_end = (__shareable_data_rom + (__shareable_data_end__ - __shareable_data_start__))

.int_vector     0x20000000      0x408
                0x20000000                . = ALIGN (0x800)
                0x20000000                __interrupts_ram_start = .
                0x20000408                . = (. + (__interrupts_init_end - __interrupts_init_start))
 *fill*         0x20000000      0x408 
                0x20000408                . = ALIGN (0x4)
                0x20000408                __interrupts_ram_end = .
                0x00411c3c                __tcm_data_rom = __shareable_data_rom_end

.data_tcm_data  0x20000408        0x0 load address 0x00411c3c
                0x20000408                . = ALIGN (0x4)
                0x20000408                __dtcm_data_start__ = .
 *(.dtcm_data*)
                0x20000408                . = ALIGN (0x4)
                0x20000408                __dtcm_data_end__ = .
                0x00411c3c                __tcm_data_rom_end = (__tcm_data_rom + (__dtcm_data_end__ - __dtcm_data_start__))

.bss_tcm_data   0x20000408        0x0
                0x20000408                . = ALIGN (0x4)
                0x20000408                __dtcm_bss_start__ = .
 *(.dtcm_bss*)
                0x20000408                . = ALIGN (0x4)
                0x20000408                __dtcm_bss_end__ = .
                0x00411c3c                __tcm_code_rom_start = __tcm_data_rom_end

.itcm_text      0x00000000        0x0 load address 0x00411c3c
                0x00000000                . = ALIGN (0x4)
                0x00000000                __itcm_start__ = .
 *(.itcm_text*)
                0x00000000                . = ALIGN (0x4)
                0x00000000                __itcm_end__ = .
                0x00411c3c                __tcm_code_rom_end = (__tcm_code_rom_start + (__itcm_end__ - __itcm_start__))

.shareable_bss  0x20470000        0x0
                0x20470000                . = ALIGN (0x10)
                0x20470000                __shareable_bss_start = .
 *(.mcal_shared_bss)
                0x20470000                . = ALIGN (0x4)
                0x20470000                __shareable_bss_end = .
                0x2000f000                __Stack_dtcm_end = ORIGIN (int_stack_dtcm)
                0x20010000                __Stack_dtcm_start = (ORIGIN (int_stack_dtcm) + LENGTH (int_stack_dtcm))
                0x20400000                __INT_SRAM_START = ORIGIN (int_sram)
                0x20480000                __INT_SRAM_END = ORIGIN (ram_rsvd2)
                0x00000000                __INT_ITCM_START = ORIGIN (int_itcm)
                0x00008000                __INT_ITCM_END = (ORIGIN (int_itcm) + LENGTH (int_itcm))
                0x20000000                __INT_DTCM_START = ORIGIN (int_dtcm)
                0x20010000                __INT_DTCM_END = ((ORIGIN (int_dtcm) + LENGTH (int_dtcm)) + LENGTH (int_stack_dtcm))
                0x20470000                __RAM_SHAREABLE_START = __shareable_data_start__
                0x00000010                __RAM_SHAREABLE_SIZE = 0x10
                0x00411c3c                __ROM_SHAREABLE_START = __shareable_data_rom
                0x00411c3c                __ROM_SHAREABLE_END = __shareable_data_rom_end
                0x20460000                __RAM_NO_CACHEABLE_START = __non_cacheable_data_start__
                0x00000010                __RAM_NO_CACHEABLE_SIZE = 0x10
                0x00411c38                __ROM_NO_CACHEABLE_START = __non_cacheable_data_rom
                0x00411c3c                __ROM_NO_CACHEABLE_END = __non_cacheable_data_rom_end
                0x204003d0                __RAM_CACHEABLE_START = __sram_data_begin__
                0x00000013                __RAM_CACHEABLE_SIZE = 0x13
                0x00411b1c                __ROM_CACHEABLE_START = __sram_data_rom
                0x00411c38                __ROM_CACHEABLE_END = __sram_data_rom_end
                0x00400000                __ROM_CODE_START = ORIGIN (int_pflash)
                0x10000000                __ROM_DATA_START = ORIGIN (int_dflash)
                0x20400000                __BSS_SRAM_START = __sram_bss_start
                0x204003cc                __BSS_SRAM_END = __sram_bss_end
                0x000003cc                __BSS_SRAM_SIZE = (__sram_bss_end - __sram_bss_start)
                0x20460010                __BSS_SRAM_NC_START = __non_cacheable_bss_start
                0x00002850                __BSS_SRAM_NC_SIZE = (__non_cacheable_bss_end - __non_cacheable_bss_start)
                0x20462860                __BSS_SRAM_NC_END = __non_cacheable_bss_end
                0x20470000                __BSS_SRAM_SH_START = __shareable_bss_start
                0x00000000                __BSS_SRAM_SH_SIZE = (__shareable_bss_end - __shareable_bss_start)
                0x20470000                __BSS_SRAM_SH_END = __shareable_bss_end
                0x20000000                __RAM_INTERRUPT_START = __interrupts_ram_start
                0x00402000                __INIT_INTERRUPT_START = __interrupts_init_start
                0x00402408                __INIT_INTERRUPT_END = __interrupts_init_end
                0x00000000                __RAM_ITCM_START = __itcm_start__
                0x00411c3c                __ROM_ITCM_START = __tcm_code_rom_start
                0x00411c3c                __ROM_ITCM_END = __tcm_code_rom_end
                0x20000408                __RAM_DTCM_DATA_START = __dtcm_data_start__
                0x00411c3c                __ROM_DTCM_DATA_START = __tcm_data_rom
                0x00411c3c                __ROM_DTCM_END = __tcm_data_rom_end
                0x00411aac                __INIT_TABLE = __init_table
                0x00411af8                __ZERO_TABLE = __zero_table
                0x00000001                __RAM_INIT = 0x1
                0x00000001                __ITCM_INIT = 0x1
                0x00000001                __DTCM_INIT = 0x1
                0x0040f2c8                Fls_ACEraseRomStart = __acfls_code_rom_start
                0x0040f328                Fls_ACEraseRomEnd = __acfls_code_rom_end
                0x00000018                Fls_ACEraseSize = ((__acfls_code_rom_end - __acfls_code_rom_start) / 0x4)
                0x0040f2c8                Fls_ACWriteRomStart = __acfls_code_rom_start
                0x0040f328                Fls_ACWriteRomEnd = __acfls_code_rom_end
                0x00000018                Fls_ACWriteSize = ((__acfls_code_rom_end - __acfls_code_rom_start) / 0x4)
                0x2045ff00                _ERASE_FUNC_ADDRESS_ = __acfls_code_ram_start
                0x2045ff00                _WRITE_FUNC_ADDRESS_ = __acfls_code_ram_start
                0x0040f328                Mem_43_INFLS_ACEraseRomStart = __acmem_43_infls_code_rom_start
                0x0040f328                Mem_43_INFLS_ACEraseRomEnd = __acmem_43_infls_code_rom_end
                0x00000000                Mem_43_INFLS_ACEraseSize = (((__acmem_43_infls_code_rom_end - __acmem_43_infls_code_rom_start) + 0x3) / 0x4)
                0x0040f328                Mem_43_INFLS_ACWriteRomStart = __acmem_43_infls_code_rom_start
                0x0040f328                Mem_43_INFLS_ACWriteRomEnd = __acmem_43_infls_code_rom_end
                0x00000000                Mem_43_INFLS_ACWriteSize = (((__acmem_43_infls_code_rom_end - __acmem_43_infls_code_rom_start) + 0x3) / 0x4)
                0x2045ff00                _MEM_43_INFLS_ERASE_FUNC_ADDRESS_ = __acmem_43_infls_code_ram_start
                0x2045ff00                _MEM_43_INFLS_WRITE_FUNC_ADDRESS_ = __acmem_43_infls_code_ram_start
                0x00402000                __ENTRY_VTABLE = __INIT_INTERRUPT_START
                0x00402000                __CORE0_VTOR = __INIT_INTERRUPT_START
                0x00402000                __CORE1_VTOR = __INIT_INTERRUPT_START
                0x00402000                __CORE2_VTOR = __INIT_INTERRUPT_START
                0x00402000                __CORE3_VTOR = __INIT_INTERRUPT_START
                0x00000003                __INDEX_COPY_CORE2 = 0x3
                0x00000001                ASSERT ((__standby_ram_end__ <= __STANDBY_RAM_LIMIT_END), Memory for standby ram overflow)
OUTPUT(FlexPWM_Pwm_Ip_Example_S32K396.elf elf32-littlearm)
LOAD linker stubs

.ARM.attributes
                0x00000000       0x30
 .ARM.attributes
                0x00000000       0x20 ./Project_Settings/Startup_Code/Vector_Table.o
 .ARM.attributes
                0x00000020       0x34 ./Project_Settings/Startup_Code/exceptions.o
 .ARM.attributes
                0x00000054       0x34 ./Project_Settings/Startup_Code/nvic.o
 .ARM.attributes
                0x00000088       0x34 ./Project_Settings/Startup_Code/startup.o
 .ARM.attributes
                0x000000bc       0x1f ./Project_Settings/Startup_Code/startup_cm7.o
 .ARM.attributes
                0x000000db       0x34 ./Project_Settings/Startup_Code/system.o
 .ARM.attributes
                0x0000010f       0x34 ./RTD/src/Adc_Sar_Ip.o
 .ARM.attributes
                0x00000143       0x34 ./RTD/src/Adc_Sar_Ip_Irq.o
 .ARM.attributes
                0x00000177       0x34 ./RTD/src/Clock_Ip.o
 .ARM.attributes
                0x000001ab       0x39 ./RTD/src/Clock_Ip_Data.o
 .ARM.attributes
                0x000001e4       0x34 ./RTD/src/Clock_Ip_Divider.o
 .ARM.attributes
                0x00000218       0x34 ./RTD/src/Clock_Ip_DividerTrigger.o
 .ARM.attributes
                0x0000024c       0x34 ./RTD/src/Clock_Ip_ExtOsc.o
 .ARM.attributes
                0x00000280       0x34 ./RTD/src/Clock_Ip_FracDiv.o
 .ARM.attributes
                0x000002b4       0x34 ./RTD/src/Clock_Ip_Frequency.o
 .ARM.attributes
                0x000002e8       0x34 ./RTD/src/Clock_Ip_Gate.o
 .ARM.attributes
                0x0000031c       0x34 ./RTD/src/Clock_Ip_IntOsc.o
 .ARM.attributes
                0x00000350       0x34 ./RTD/src/Clock_Ip_Irq.o
 .ARM.attributes
                0x00000384       0x34 ./RTD/src/Clock_Ip_Monitor.o
 .ARM.attributes
                0x000003b8       0x34 ./RTD/src/Clock_Ip_Pll.o
 .ARM.attributes
                0x000003ec       0x34 ./RTD/src/Clock_Ip_ProgFreqSwitch.o
 .ARM.attributes
                0x00000420       0x34 ./RTD/src/Clock_Ip_Selector.o
 .ARM.attributes
                0x00000454       0x34 ./RTD/src/Clock_Ip_Specific.o
 .ARM.attributes
                0x00000488       0x34 ./RTD/src/Det.o
 .ARM.attributes
                0x000004bc       0x34 ./RTD/src/Det_stub.o
 .ARM.attributes
                0x000004f0       0x34 ./RTD/src/FlexPwm_Ip.o
 .ARM.attributes
                0x00000524       0x39 ./RTD/src/FlexPwm_Ip_Irq.o
 .ARM.attributes
                0x0000055d       0x34 ./RTD/src/IntCtrl_Ip.o
 .ARM.attributes
                0x00000591       0x39 ./RTD/src/OsIf_Interrupts.o
 .ARM.attributes
                0x000005ca       0x34 ./RTD/src/OsIf_Timer.o
 .ARM.attributes
                0x000005fe       0x39 ./RTD/src/OsIf_Timer_System.o
 .ARM.attributes
                0x00000637       0x34 ./RTD/src/OsIf_Timer_System_Internal_Systick.o
 .ARM.attributes
                0x0000066b       0x34 ./RTD/src/Osif_Software_Semaphore.o
 .ARM.attributes
                0x0000069f       0x34 ./RTD/src/SchM_Adc.o
 .ARM.attributes
                0x000006d3       0x34 ./RTD/src/SchM_Mcu.o
 .ARM.attributes
                0x00000707       0x34 ./RTD/src/SchM_Port.o
 .ARM.attributes
                0x0000073b       0x34 ./RTD/src/SchM_Pwm.o
 .ARM.attributes
                0x0000076f       0x34 ./RTD/src/Siul2_Port_Ip.o
 .ARM.attributes
                0x000007a3       0x39 ./RTD/src/Tspc_Port_Ip.o
 .ARM.attributes
                0x000007dc       0x39 ./board/Siul2_Port_Ip_Cfg.o
 .ARM.attributes
                0x00000815       0x39 ./board/Tspc_Port_Ip_Cfg.o
 .ARM.attributes
                0x0000084e       0x39 ./board/dcf_config.o
 .ARM.attributes
                0x00000887       0x39 ./board/ivt_config.o
 .ARM.attributes
                0x000008c0       0x39 ./generate/src/Adc_Sar_Ip_VS_0_PBcfg.o
 .ARM.attributes
                0x000008f9       0x39 ./generate/src/Clock_Ip_Cfg.o
 .ARM.attributes
                0x00000932       0x39 ./generate/src/FlexPwm_Ip_VS_0_PBcfg.o
 .ARM.attributes
                0x0000096b       0x39 ./generate/src/IntCtrl_Ip_Cfg.o
 .ARM.attributes
                0x000009a4       0x39 ./generate/src/OsIf_Cfg.o
 .ARM.attributes
                0x000009dd       0x34 ./src/main.o
 .ARM.attributes
                0x00000a11       0x34 c:/nxp/s32ds.3.5/s32ds/build_tools/gcc_v10.2/gcc-10.2-arm32-eabi/bin/../lib/gcc/arm-none-eabi/10.2.0/../../../../arm-none-eabi/lib/thumb/v7e-m+fp/hard\libc_nano.a(lib_a-memmove.o)
 .ARM.attributes
                0x00000a45       0x34 c:/nxp/s32ds.3.5/s32ds/build_tools/gcc_v10.2/gcc-10.2-arm32-eabi/bin/../lib/gcc/arm-none-eabi/10.2.0/../../../../arm-none-eabi/lib/thumb/v7e-m+fp/hard\libc_nano.a(lib_a-memset.o)
 .ARM.attributes
                0x00000a79       0x1e c:/nxp/s32ds.3.5/s32ds/build_tools/gcc_v10.2/gcc-10.2-arm32-eabi/bin/../lib/gcc/arm-none-eabi/10.2.0/thumb/v7e-m+fp/hard\libgcc.a(_aeabi_ldivmod.o)
 .ARM.attributes
                0x00000a97       0x1e c:/nxp/s32ds.3.5/s32ds/build_tools/gcc_v10.2/gcc-10.2-arm32-eabi/bin/../lib/gcc/arm-none-eabi/10.2.0/thumb/v7e-m+fp/hard\libgcc.a(_aeabi_uldivmod.o)
 .ARM.attributes
                0x00000ab5       0x34 c:/nxp/s32ds.3.5/s32ds/build_tools/gcc_v10.2/gcc-10.2-arm32-eabi/bin/../lib/gcc/arm-none-eabi/10.2.0/thumb/v7e-m+fp/hard\libgcc.a(_udivmoddi4.o)
 .ARM.attributes
                0x00000ae9       0x1e c:/nxp/s32ds.3.5/s32ds/build_tools/gcc_v10.2/gcc-10.2-arm32-eabi/bin/../lib/gcc/arm-none-eabi/10.2.0/thumb/v7e-m+fp/hard\libgcc.a(_dvmd_tls.o)

.comment        0x00000000       0x88
 .comment       0x00000000       0x88 ./Project_Settings/Startup_Code/exceptions.o
                                 0x89 (size before relaxing)
 .comment       0x00000088       0x89 ./Project_Settings/Startup_Code/nvic.o
 .comment       0x00000088       0x89 ./Project_Settings/Startup_Code/startup.o
 .comment       0x00000088       0x89 ./Project_Settings/Startup_Code/system.o
 .comment       0x00000088       0x89 ./RTD/src/Adc_Sar_Ip.o
 .comment       0x00000088       0x89 ./RTD/src/Adc_Sar_Ip_Irq.o
 .comment       0x00000088       0x89 ./RTD/src/Clock_Ip.o
 .comment       0x00000088       0x89 ./RTD/src/Clock_Ip_Data.o
 .comment       0x00000088       0x89 ./RTD/src/Clock_Ip_Divider.o